[      77ms] [INFO] Download the Vue Devtools extension for a better development experience:
https://github.com/vuejs/vue-devtools @ https://frontend-cf.cjdropshipping.com/egg/libs/vue-2.6.11/vue.js:9054
[      77ms] [INFO] You are running Vue in development mode.
Make sure to turn on production mode when deploying for production.
See more tips at https://vuejs.org/guide/deployment.html @ https://frontend-cf.cjdropshipping.com/egg/libs/vue-2.6.11/vue.js:9063
[     234ms] [WARNING] ########## load sentry production ########## @ https://frontend-cf.cjdropshipping.com/web-egg/2026-08-05-07-00-26/egg/script/cj-router.js:0
[     268ms] [LOG] 同步language到googtrans： /en/en @ https://frontend-cf.cjdropshipping.com/web-egg/2026-08-05-07-00-26/egg/script/cj-router.js:0
[     300ms] [LOG] %cpackages/mf-mycj-components/src/common/login-for-platform.ts:364 "registerLoginSuccessListener" is registered color: #007acc; registerLoginSuccessListener1s @ https://frontend-cf.cjdropshipping.com/web-egg/2026-08-05-07-00-26/egg/script/cj-router.js:0
[     454ms] [LOG] 1 12 0 @ https://frontend-cf.cjdropshipping.com/web-egg/2026-08-05-07-00-26/egg/script/cj-router.js:0
[     594ms] [LOG] useInternalReceptionVersion true @ https://frontend-cf.cjdropshipping.com/web-egg/2026-08-05-07-00-26/egg/script/cj-router.js:0
[     603ms] [WARNING] ######## sentry enabled prod @ https://frontend-cf.cjdropshipping.com/chat/static/js/main.70745042.chunk.js:0
[     624ms] [ERROR] Failed to load resource: the server responded with a status of 404 () @ https://oss-cf.cjdropshipping.com/zoneflow/1386866808069427200.json:0
[     745ms] [WARNING] ######## sentry enabled prod @ https://frontend-cf.cjdropshipping.com/chat/static/js/main.70745042.chunk.js:0
[     827ms] [LOG] ai 组件加载完成 Module @ https://frontend-cf.cjdropshipping.com/chat/static/js/17.826b6a00.chunk.js:0
[    1002ms] [LOG] 1 12 48 @ https://frontend-cf.cjdropshipping.com/web-egg/2026-08-05-07-00-26/egg/script/cj-router.js:0
[    1303ms] [WARNING] ########## load sentry production ########## @ https://frontend-cf.cjdropshipping.com/web-egg/2026-08-05-07-00-26/egg/script/commonScriptImport.js:0
[    1526ms] [INFO] wangEditor提示: 本页面富文本编辑器由 wangEditor 提供 http://wangeditor.github.io/  @ https://frontend-cf.cjdropshipping.com/web-egg/2026-08-05-07-00-26/egg/script/commonScriptImport.js:0
[    1836ms] [LOG] SyntaxError: Unexpected end of JSON input
    at JSON.parse (<anonymous>)
    at JSON.<anonymous> (https://frontend-cf.cjdropshipping.com/web-egg/2026-08-05-07-00-26/static/singleJs/base.js:15467:27)
    at t.getTwclidFromCookie (https://static.ads-twitter.com/uwt.js:1:43214)
    at t.getTwclid (https://static.ads-twitter.com/uwt.js:1:43544)
    at t.getTwclidParams (https://static.ads-twitter.com/uwt.js:1:43636)
    at t.track (https://static.ads-twitter.com/uwt.js:1:34956)
    at t.track (https://static.ads-twitter.com/uwt.js:1:16836)
    at e.exe (https://static.ads-twitter.com/uwt.js:1:35834)
    at https://static.ads-twitter.com/uwt.js:1:35922
    at 2345 (https://static.ads-twitter.com/uwt.js:1:35945)
    at n (https://static.ads-twitter.com/uwt.js:1:49827)
    at 2735 (https://static.ads-twitter.com/uwt.js:1:36225)
    at n (https://static.ads-twitter.com/uwt.js:1:49827)
    at https://static.ads-twitter.com/uwt.js:1:50051
    at https://static.ads-twitter.com/uwt.js:1:50060
    at https://static.ads-twitter.com/uwt.js:1:50064 @ https://frontend-cf.cjdropshipping.com/web-egg/2026-08-05-07-00-26/egg/script/commonScriptImport.js:0
[    1836ms] [LOG] [] @ https://frontend-cf.cjdropshipping.com/web-egg/2026-08-05-07-00-26/egg/script/commonScriptImport.js:0
[    1869ms] [LOG] init load @ https://frontend-cf.cjdropshipping.com/web-egg/2026-08-05-07-00-26/egg/script/cj-router.js:0
[    1910ms] [LOG] 同步language到googtrans： /en/en @ https://frontend-cf.cjdropshipping.com/web-egg/2026-08-05-07-00-26/egg/script/commonScriptImport.js:0
[    2462ms] [LOG] 从 Dexie 缓存获取站点配置: chat.cjdropshipping.com @ https://frontend-cf.cjdropshipping.com/chat/static/js/17.826b6a00.chunk.js:0
[    2462ms] [LOG] sitecheck data:  {customerPage: https://www.cjdropshipping.com, favicon: https://frontend-cf.cjdropshipping.com/config-resource/cj/favicon.ico, fullName: CJdropshipping, platform: 2, platformName: CJ} en @ https://frontend-cf.cjdropshipping.com/chat/static/js/17.826b6a00.chunk.js:0
[    2475ms] [LOG] 同步language到googtrans： /en/en @ https://frontend-cf.cjdropshipping.com/web-egg/2026-08-05-07-00-26/egg/script/commonScriptImport.js:0
[    2477ms] [LOG] en [] false @ https://frontend-cf.cjdropshipping.com/chat/static/js/17.826b6a00.chunk.js:0
[    2861ms] [LOG] %c cj接收 => unReadCount  background:#41b883; color:#fff {sender: Object, message: Object} @ https://frontend-cf.cjdropshipping.com/chat/static/js/17.826b6a00.chunk.js:0
[    2864ms] [LOG] %c cj接收 => agentInfo  background:#41b883; color:#fff {sender: Object, message: Object} @ https://frontend-cf.cjdropshipping.com/chat/static/js/17.826b6a00.chunk.js:0
[    5580ms] [WARNING] single-spa minified message #1: See https://single-spa.js.org/error/?code=1 @ https://frontend-cf.cjdropshipping.com/chat/static/js/17.826b6a00.chunk.js:0
[    5698ms] [WARNING] single-spa minified message #1: See https://single-spa.js.org/error/?code=1 @ https://frontend-cf.cjdropshipping.com/chat/static/js/17.826b6a00.chunk.js:0
[   11839ms] [LOG] SyntaxError: Unexpected end of JSON input
    at JSON.parse (<anonymous>)
    at JSON.<anonymous> (https://frontend-cf.cjdropshipping.com/web-egg/2026-08-05-07-00-26/static/singleJs/base.js:15467:27)
    at t.getTwclidFromCookie (https://static.ads-twitter.com/uwt.js:1:43214)
    at t.getTwclid (https://static.ads-twitter.com/uwt.js:1:43544)
    at t.getTwclidParams (https://static.ads-twitter.com/uwt.js:1:43636)
    at t.track (https://static.ads-twitter.com/uwt.js:1:34956)
    at https://static.ads-twitter.com/uwt.js:1:28709
    at Set.forEach (<anonymous>)
    at P (https://static.ads-twitter.com/uwt.js:1:28515)
    at o (https://frontend-cf.cjdropshipping.com/web-egg/2026-08-05-07-00-26/egg/script/commonScriptImport.js:1:31496) @ https://frontend-cf.cjdropshipping.com/web-egg/2026-08-05-07-00-26/egg/script/commonScriptImport.js:0
[   11839ms] [LOG] [] @ https://frontend-cf.cjdropshipping.com/web-egg/2026-08-05-07-00-26/egg/script/commonScriptImport.js:0
[   93033ms] [INFO] Download the Vue Devtools extension for a better development experience:
https://github.com/vuejs/vue-devtools @ https://frontend-cf.cjdropshipping.com/egg/libs/vue-2.6.11/vue.js:9054
[   93033ms] [INFO] You are running Vue in development mode.
Make sure to turn on production mode when deploying for production.
See more tips at https://vuejs.org/guide/deployment.html @ https://frontend-cf.cjdropshipping.com/egg/libs/vue-2.6.11/vue.js:9063
[   93200ms] [WARNING] ########## load sentry production ########## @ https://frontend-cf.cjdropshipping.com/web-egg/2026-08-05-07-00-26/egg/script/cj-router.js:0
[   93241ms] [LOG] 同步language到googtrans： /en/en @ https://frontend-cf.cjdropshipping.com/web-egg/2026-08-05-07-00-26/egg/script/cj-router.js:0
[   93277ms] [LOG] %cpackages/mf-mycj-components/src/common/login-for-platform.ts:364 "registerLoginSuccessListener" is registered color: #007acc; registerLoginSuccessListener1s @ https://frontend-cf.cjdropshipping.com/web-egg/2026-08-05-07-00-26/egg/script/cj-router.js:0
[   93595ms] [WARNING] ######## sentry enabled prod @ https://frontend-cf.cjdropshipping.com/chat/static/js/main.70745042.chunk.js:0
[   93609ms] [LOG] useInternalReceptionVersion true @ https://frontend-cf.cjdropshipping.com/web-egg/2026-08-05-07-00-26/egg/script/cj-router.js:0
[   93728ms] [WARNING] ######## sentry enabled prod @ https://frontend-cf.cjdropshipping.com/chat/static/js/main.70745042.chunk.js:0
[   93969ms] [LOG] ai 组件加载完成 Module @ https://frontend-cf.cjdropshipping.com/chat/static/js/17.826b6a00.chunk.js:0
[   94627ms] [LOG] 从 Dexie 缓存获取站点配置: chat.cjdropshipping.com @ https://frontend-cf.cjdropshipping.com/chat/static/js/17.826b6a00.chunk.js:0
[   94627ms] [LOG] sitecheck data:  {customerPage: https://www.cjdropshipping.com, favicon: https://frontend-cf.cjdropshipping.com/config-resource/cj/favicon.ico, fullName: CJdropshipping, platform: 2, platformName: CJ} en @ https://frontend-cf.cjdropshipping.com/chat/static/js/17.826b6a00.chunk.js:0
[   94630ms] [LOG] en [] false @ https://frontend-cf.cjdropshipping.com/chat/static/js/17.826b6a00.chunk.js:0
[   94808ms] [LOG] init load @ https://frontend-cf.cjdropshipping.com/web-egg/2026-08-05-07-00-26/egg/script/cj-router.js:0
[   94924ms] [LOG] %c cj接收 => unReadCount  background:#41b883; color:#fff {sender: Object, message: Object} @ https://frontend-cf.cjdropshipping.com/chat/static/js/17.826b6a00.chunk.js:0
[   94925ms] [LOG] %c cj接收 => agentInfo  background:#41b883; color:#fff {sender: Object, message: Object} @ https://frontend-cf.cjdropshipping.com/chat/static/js/17.826b6a00.chunk.js:0
[   98578ms] [WARNING] single-spa minified message #1: See https://single-spa.js.org/error/?code=1 @ https://frontend-cf.cjdropshipping.com/chat/static/js/17.826b6a00.chunk.js:0
[   98715ms] [WARNING] single-spa minified message #1: See https://single-spa.js.org/error/?code=1 @ https://frontend-cf.cjdropshipping.com/chat/static/js/17.826b6a00.chunk.js:0
[  103429ms] [WARNING] Failed to execute 'postMessage' on 'DOMWindow': The target origin provided ('https://www.google.com') does not match the recipient window's origin ('https://www.cjdropshipping.com'). @ https://www.googletagmanager.com/gtm.js?id=GTM-PFZM5BM:843
[  103429ms] [WARNING] Failed to execute 'postMessage' on 'DOMWindow': The target origin provided ('https://www.youtube.com') does not match the recipient window's origin ('https://www.cjdropshipping.com'). @ https://www.googletagmanager.com/gtm.js?id=GTM-PFZM5BM:843
[  103429ms] [WARNING] Failed to execute 'postMessage' on 'DOMWindow': The target origin provided ('https://m.youtube.com') does not match the recipient window's origin ('https://www.cjdropshipping.com'). @ https://www.googletagmanager.com/gtm.js?id=GTM-PFZM5BM:843
[  104467ms] [WARNING] Failed to execute 'postMessage' on 'DOMWindow': The target origin provided ('https://www.google.com') does not match the recipient window's origin ('https://www.cjdropshipping.com'). @ https://www.googletagmanager.com/gtm.js?id=GTM-PFZM5BM:843
[  104467ms] [WARNING] Failed to execute 'postMessage' on 'DOMWindow': The target origin provided ('https://www.youtube.com') does not match the recipient window's origin ('https://www.cjdropshipping.com'). @ https://www.googletagmanager.com/gtm.js?id=GTM-PFZM5BM:843
[  104467ms] [WARNING] Failed to execute 'postMessage' on 'DOMWindow': The target origin provided ('https://m.youtube.com') does not match the recipient window's origin ('https://www.cjdropshipping.com'). @ https://www.googletagmanager.com/gtm.js?id=GTM-PFZM5BM:843
[  113351ms] [LOG] 页面非激活 @ https://frontend-cf.cjdropshipping.com/web-egg/2026-08-05-07-00-26/egg/script/cj-router.js:0
