[    1275ms] Error: Minified React error #418; visit https://react.dev/errors/418?args[]=HTML&args[]= for the full message or use the non-minified dev environment for full errors and additional helpful warnings.
    at rX (http://localhost:3000/_next/static/chunks/2y3nd9sp1ryf3.js:1:47214)
    at iu (http://localhost:3000/_next/static/chunks/2y3nd9sp1ryf3.js:1:98255)
    at sd (http://localhost:3000/_next/static/chunks/2y3nd9sp1ryf3.js:1:138945)
    at http://localhost:3000/_next/static/chunks/2y3nd9sp1ryf3.js:1:133831
    at se (http://localhost:3000/_next/static/chunks/2y3nd9sp1ryf3.js:1:133932)
    at s$ (http://localhost:3000/_next/static/chunks/2y3nd9sp1ryf3.js:1:160496)
    at MessagePort.O (http://localhost:3000/_next/static/chunks/2y3nd9sp1ryf3.js:1:8661)
[    1290ms] TypeError: window.ttq?.track is not a function
    at http://localhost:3000/_next/static/chunks/0565wixgr0ks5.js:1:9320
    at http://localhost:3000/_next/static/chunks/0565wixgr0ks5.js:1:55581
    at iv (http://localhost:3000/_next/static/chunks/2y3nd9sp1ryf3.js:1:102970)
    at up (http://localhost:3000/_next/static/chunks/2y3nd9sp1ryf3.js:1:127009)
    at ud (http://localhost:3000/_next/static/chunks/2y3nd9sp1ryf3.js:1:126671)
    at up (http://localhost:3000/_next/static/chunks/2y3nd9sp1ryf3.js:1:127054)
    at ud (http://localhost:3000/_next/static/chunks/2y3nd9sp1ryf3.js:1:126671)
    at up (http://localhost:3000/_next/static/chunks/2y3nd9sp1ryf3.js:1:127054)
    at ud (http://localhost:3000/_next/static/chunks/2y3nd9sp1ryf3.js:1:126671)
    at up (http://localhost:3000/_next/static/chunks/2y3nd9sp1ryf3.js:1:127054)
[    1518ms] Uncaught TypeError: Cannot set properties of undefined (setting '_env')
    at <anonymous> (https://analytics.tiktok.com/i18n/pixel/events.js?sdkid=D9KQDNRC77U2B4F9MO8G&lib=ttq:1:45)
