[     780ms] [ERROR] Failed to load resource: the server responded with a status of 404 () @ https://www.tiktok.com/webapp-desktop/static/worker/multiple.worker-0.4.13.js:0
[     825ms] [WARNING] Reflect is already polyfilled. @ https://lf16-tiktok-web.tiktokcdn-us.com/obj/tiktok-web-tx/tiktok/webapp/main/react-v18/webapp-desktop/static/js/webapp-desktop.c59939ee.js:0
[     860ms] [WARNING] AppContext will be overwritten @ https://lf16-tiktok-web.tiktokcdn-us.com/obj/tiktok-web-tx/tiktok/webapp/main/react-v18/webapp-desktop/static/js/webapp-desktop.c59939ee.js:0
[     860ms] [WARNING] AppContext will be overwritten @ https://lf16-tiktok-web.tiktokcdn-us.com/obj/tiktok-web-tx/tiktok/webapp/main/react-v18/webapp-desktop/static/js/webapp-desktop.c59939ee.js:0
[     860ms] [WARNING] AppContext will be overwritten @ https://lf16-tiktok-web.tiktokcdn-us.com/obj/tiktok-web-tx/tiktok/webapp/main/react-v18/webapp-desktop/static/js/webapp-desktop.c59939ee.js:0
[     861ms] [WARNING] AppContext will be overwritten @ https://lf16-tiktok-web.tiktokcdn-us.com/obj/tiktok-web-tx/tiktok/webapp/main/react-v18/webapp-desktop/static/js/webapp-desktop.c59939ee.js:0
[     861ms] [WARNING] AppContext will be overwritten @ https://lf16-tiktok-web.tiktokcdn-us.com/obj/tiktok-web-tx/tiktok/webapp/main/react-v18/webapp-desktop/static/js/webapp-desktop.c59939ee.js:0
[     861ms] [WARNING] AppContext will be overwritten @ https://lf16-tiktok-web.tiktokcdn-us.com/obj/tiktok-web-tx/tiktok/webapp/main/react-v18/webapp-desktop/static/js/webapp-desktop.c59939ee.js:0
[     882ms] [WARNING] AppContext will be overwritten @ https://lf16-tiktok-web.tiktokcdn-us.com/obj/tiktok-web-tx/tiktok/webapp/main/react-v18/webapp-desktop/static/js/webapp-desktop.c59939ee.js:0
[     884ms] [WARNING] AppContext will be overwritten @ https://lf16-tiktok-web.tiktokcdn-us.com/obj/tiktok-web-tx/tiktok/webapp/main/react-v18/webapp-desktop/static/js/webapp-desktop.c59939ee.js:0
[     884ms] [WARNING] loadable: `loadableReady()` requires state, please use `getScriptTags` or `getScriptElements` server-side @ https://lf16-tiktok-web.tiktokcdn-us.com/obj/tiktok-web-tx/tiktok/webapp/main/react-v18/webapp-desktop/static/js/50683.c510d297.js:1
[     889ms] [INFO] [slardar] pluginPathPrefix fallback to SlardarPluginPathPrefixVGeoMap.us: https://lf16-cdn-tos.tiktokcdn-us.com/obj/static-tx/slardar/fe/sdk-web/plugins @ https://lf16-tiktok-web.tiktokcdn-us.com/obj/tiktok-web-tx/tiktok/webapp/main/react-v18/webapp-desktop/static/js/biz.shared.kernel.init.aa8023c3.js:0
[     902ms] [LOG] %c %s color: yellow; background-color: black; [instance: default] appid: 1988, userInfo:{"user_unique_id":"7670743260817835540","user_type":12,"user_id":"7670772123644068877","user_is_login":false,"device_id":"7670743260817835540"} @ https://lf16-tiktok-web.tiktokcdn-us.com/obj/tiktok-web-tx/tiktok/webapp/main/react-v18/webapp-desktop/static/js/npm-dp-byted-tea-sdk-oversea.f4e273c4.js:0
[     902ms] [LOG] %c %s color: yellow; background-color: black; [instance: default] appid: 1988, sdk is ready, version is 5.3.17, you can report now !!! @ https://lf16-tiktok-web.tiktokcdn-us.com/obj/tiktok-web-tx/tiktok/webapp/main/react-v18/webapp-desktop/static/js/npm-dp-byted-tea-sdk-oversea.f4e273c4.js:0
[     946ms] [WARNING] AppContext will be overwritten @ https://lf16-tiktok-web.tiktokcdn-us.com/obj/tiktok-web-tx/tiktok/webapp/main/react-v18/webapp-desktop/static/js/webapp-desktop.c59939ee.js:0
[     946ms] [WARNING] AppContext will be overwritten @ https://lf16-tiktok-web.tiktokcdn-us.com/obj/tiktok-web-tx/tiktok/webapp/main/react-v18/webapp-desktop/static/js/webapp-desktop.c59939ee.js:0
[     946ms] [WARNING] AppContext will be overwritten @ https://lf16-tiktok-web.tiktokcdn-us.com/obj/tiktok-web-tx/tiktok/webapp/main/react-v18/webapp-desktop/static/js/webapp-desktop.c59939ee.js:0
[     946ms] [WARNING] AppContext will be overwritten @ https://lf16-tiktok-web.tiktokcdn-us.com/obj/tiktok-web-tx/tiktok/webapp/main/react-v18/webapp-desktop/static/js/webapp-desktop.c59939ee.js:0
[     947ms] [WARNING] AppContext will be overwritten @ https://lf16-tiktok-web.tiktokcdn-us.com/obj/tiktok-web-tx/tiktok/webapp/main/react-v18/webapp-desktop/static/js/webapp-desktop.c59939ee.js:0
[     947ms] [WARNING] AppContext will be overwritten @ https://lf16-tiktok-web.tiktokcdn-us.com/obj/tiktok-web-tx/tiktok/webapp/main/react-v18/webapp-desktop/static/js/webapp-desktop.c59939ee.js:0
[     947ms] [WARNING] AppContext will be overwritten @ https://lf16-tiktok-web.tiktokcdn-us.com/obj/tiktok-web-tx/tiktok/webapp/main/react-v18/webapp-desktop/static/js/webapp-desktop.c59939ee.js:0
[     947ms] [WARNING] AppContext will be overwritten @ https://lf16-tiktok-web.tiktokcdn-us.com/obj/tiktok-web-tx/tiktok/webapp/main/react-v18/webapp-desktop/static/js/webapp-desktop.c59939ee.js:0
[     947ms] [WARNING] AppContext will be overwritten @ https://lf16-tiktok-web.tiktokcdn-us.com/obj/tiktok-web-tx/tiktok/webapp/main/react-v18/webapp-desktop/static/js/webapp-desktop.c59939ee.js:0
[     947ms] [WARNING] AppContext will be overwritten @ https://lf16-tiktok-web.tiktokcdn-us.com/obj/tiktok-web-tx/tiktok/webapp/main/react-v18/webapp-desktop/static/js/webapp-desktop.c59939ee.js:0
[    1027ms] [INFO] . @ https://lf16-tiktok-web.tiktokcdn-us.com/obj/tiktok-web-tx/webmssdk/2.0.0.514/webmssdk.js:0
[    1290ms] [INFO] Banner not shown: beforeinstallpromptevent.preventDefault() called. The page must call beforeinstallpromptevent.prompt() to show the banner. @ https://www.tiktok.com/:0
[    1741ms] [WARNING] [TikTok desktop app SDK Monitor]:   WARN:[printFirstFeedShow]The current environment is not inside the client. @ https://lf16-tiktok-web.tiktokcdn-us.com/obj/tiktok-web-tx/tiktok/webapp/main/react-v18/webapp-desktop/static/js/webapp-desktop.c59939ee.js:0
[    1814ms] [LOG] ws.opened @ https://lf16-tiktok-web.tiktokcdn-us.com/obj/tiktok-web-tx/webmssdk/2.0.0.514/webmssdk.js:0
[    1814ms] [WARNING] [SDK] 1785990821021        0 already inited @ https://lf16-cdn-tos.tiktokcdn-us.com/obj/static-tx/slardar/fe/sdk-web/browser.oci.js?bid=tiktok_webapp&globalName=SlardarClient:0
[    2155ms] [WARNING] [i18n] missing key [en] Webapp Close_button Close_button @ https://lf16-tiktok-web.tiktokcdn-us.com/obj/tiktok-web-tx/tiktok/webapp/main/react-v18/webapp-desktop/static/js/biz.common.lib.19990328.js:0
[    2156ms] [WARNING] The 'deprecatedStyle' prop is deprecated. Please use the associated style props instead (e.g. "marginInline", "flex") @ https://lf16-tiktok-web.tiktokcdn-us.com/obj/tiktok-web-tx/tiktok/webapp/main/react-v18/webapp-desktop/static/js/async/16119.4be2579f.js:0
[    2168ms] [WARNING] The 'deprecatedStyle' prop is deprecated. Please use the associated style props instead (e.g. "marginInline", "flex") @ https://lf16-tiktok-web.tiktokcdn-us.com/obj/tiktok-web-tx/tiktok/webapp/main/react-v18/webapp-desktop/static/js/async/16119.4be2579f.js:0
[    2181ms] [WARNING] The 'deprecatedStyle' prop is deprecated. Please use the associated style props instead (e.g. "marginInline", "flex") @ https://lf16-tiktok-web.tiktokcdn-us.com/obj/tiktok-web-tx/tiktok/webapp/main/react-v18/webapp-desktop/static/js/async/16119.4be2579f.js:0
[    2428ms] [LOG] %c %s color: yellow; background-color: black; [instance: cookie_banner_tea_sdk] appid: 345918, userInfo:{"user_unique_id":"7670772146302535182","web_id":"7670772146302535182"} @ https://lf16-tiktok-web.tiktokcdn-us.com/obj/tiktok-web-tx/webmssdk/2.0.0.514/webmssdk.js:0
[    2428ms] [LOG] %c %s color: yellow; background-color: black; [instance: cookie_banner_tea_sdk] appid: 345918, sdk is ready, version is 5.3.17, you can report now !!! @ https://lf16-tiktok-web.tiktokcdn-us.com/obj/tiktok-web-tx/webmssdk/2.0.0.514/webmssdk.js:0
[    2475ms] [WARNING] The 'deprecatedStyle' prop is deprecated. Please use the associated style props instead (e.g. "marginInline", "flex") @ https://lf16-tiktok-web.tiktokcdn-us.com/obj/tiktok-web-tx/tiktok/webapp/main/react-v18/webapp-desktop/static/js/async/16119.4be2579f.js:0
[    2582ms] [WARNING] Reflect is already polyfilled. @ https://lf16-tiktok-web.tiktokcdn-us.com/obj/tiktok-web-tx/tiktok/web/tiktok_fe_login_vmok/static/js/async/1972.0276f698.js:0
[    2675ms] [LOG] [browser check] %s, os:  Chrome Mac OS @ https://lf16-tiktok-web.tiktokcdn-us.com/obj/tiktok-web-tx/webmssdk/2.0.0.514/webmssdk.js:0
[    2676ms] [WARNING] InvalidCharacterError: Failed to execute 'atob' on 'Window': The string to be decoded is not correctly encoded.
    at n (https://lf16-tiktok-web.tiktokcdn-us.com/obj/tiktok-web-tx/tiktok/web/tiktok_fe_login_vmok/static/js/async/1972.0276f698.js:31:473107)
    at k.getLoginContext (https://lf16-tiktok-web.tiktokcdn-us.com/obj/tiktok-web-tx/tiktok/web/tiktok_fe_login_vmok/static/js/async/1972.0276f698.js:31:310448)
    at https://lf16-tiktok-web.tiktokcdn-us.com/obj/tiktok-web-tx/tiktok/web/tiktok_fe_login_vmok/static/js/async/1972.0276f698.js:31:306895
    at h (https://lf16-tiktok-web.tiktokcdn-us.com/obj/tiktok-web-tx/tiktok/web/tiktok_fe_login_vmok/static/js/async/3978.941b0ced.js:1:5781)
    at v (https://lf16-tiktok-web.tiktokcdn-us.com/obj/tiktok-web-tx/tiktok/web/tiktok_fe_login_vmok/static/js/async/3978.941b0ced.js:1:5729)
    at u._next (https://lf16-tiktok-web.tiktokcdn-us.com/obj/tiktok-web-tx/tiktok/web/tiktok_fe_login_vmok/static/js/async/1265.fba9ac3a.js:1:9038)
    at t.next (https://lf16-tiktok-web.tiktokcdn-us.com/obj/tiktok-web-tx/tiktok/web/tiktok_fe_login_vmok/static/js/async/1265.fba9ac3a.js:1:4845)
    at https://lf16-tiktok-web.tiktokcdn-us.com/obj/tiktok-web-tx/tiktok/webapp/main/react-v18/webapp-desktop/static/js/npm-rxjs.3002fb8b.js:1:25781
    at c._next (https://lf16-tiktok-web.tiktokcdn-us.com/obj/tiktok-web-tx/tiktok/webapp/main/react-v18/webapp-desktop/static/js/npm-rxjs.3002fb8b.js:1:19794)
    at r.next (https://lf16-tiktok-web.tiktokcdn-us.com/obj/tiktok-web-tx/tiktok/webapp/main/react-v18/webapp-desktop/static/js/npm-rxjs.3002fb8b.js:1:7426) @ https://lf16-tiktok-web.tiktokcdn-us.com/obj/tiktok-web-tx/tiktok/web/tiktok_fe_login_vmok/static/js/async/1972.0276f698.js:30
[    2688ms] [WARNING] [GSI_LOGGER]: Your client application uses one of the Google One Tap prompt UI status methods that may stop functioning when FedCM becomes mandatory. Refer to the migration guide to update your code accordingly and opt-in to FedCM to test your changes. Learn more: https://developers.google.com/identity/gsi/web/guides/fedcm-migration?s=dc#display_moment and https://developers.google.com/identity/gsi/web/guides/fedcm-migration?s=dc#skipped_moment @ https://accounts.google.com/gsi/client:86
[    3344ms] [ERROR] switch error d: check _loadingTrack fail id: undefined  nextSubtitle:9
    at https://lf16-tiktok-web.tiktokcdn-us.com/obj/tiktok-web-tx/tiktok/webapp/main/react-v18/webapp-desktop/static/js/async/82995.5ce9c004.js:31:10837 @ https://lf16-tiktok-web.tiktokcdn-us.com/obj/tiktok-web-tx/tiktok/webapp/main/react-v18/webapp-desktop/static/js/webapp-desktop.c59939ee.js:0
[   36132ms] [WARNING] InvalidCharacterError: Failed to execute 'atob' on 'Window': The string to be decoded is not correctly encoded.
    at n (https://lf16-tiktok-web.tiktokcdn-us.com/obj/tiktok-web-tx/tiktok/web/tiktok_fe_login_vmok/static/js/async/1972.0276f698.js:31:473107)
    at Object.init (https://lf16-tiktok-web.tiktokcdn-us.com/obj/tiktok-web-tx/tiktok/web/tiktok_fe_login_vmok/static/js/async/1972.0276f698.js:27:417154)
    at cn (https://lf16-tiktok-web.tiktokcdn-us.com/obj/tiktok-web-tx/tiktok/web/tiktok_fe_login_vmok/static/js/async/1972.0276f698.js:27:417916)
    at kD (https://lf16-tiktok-web.tiktokcdn-us.com/obj/tiktok-web-tx/tiktok/web/tiktok_fe_login_vmok/static/js/async/1972.0276f698.js:31:196377)
    at od (https://lf16-tiktok-web.tiktokcdn-us.com/obj/tiktok-web-tx/tiktok/webapp/main/react-v18/webapp-desktop/static/js/npm-react.50f94747.js:2:131530)
    at ld (https://lf16-tiktok-web.tiktokcdn-us.com/obj/tiktok-web-tx/tiktok/webapp/main/react-v18/webapp-desktop/static/js/npm-react.50f94747.js:2:145825)
    at ls (https://lf16-tiktok-web.tiktokcdn-us.com/obj/tiktok-web-tx/tiktok/webapp/main/react-v18/webapp-desktop/static/js/npm-react.50f94747.js:2:145033)
    at li (https://lf16-tiktok-web.tiktokcdn-us.com/obj/tiktok-web-tx/tiktok/webapp/main/react-v18/webapp-desktop/static/js/npm-react.50f94747.js:2:144635)
    at i (https://lf16-tiktok-web.tiktokcdn-us.com/obj/tiktok-web-tx/tiktok/webapp/main/react-v18/webapp-desktop/static/js/npm-react.50f94747.js:2:195746)
    at uM (https://lf16-tiktok-web.tiktokcdn-us.com/obj/tiktok-web-tx/tiktok/webapp/main/react-v18/webapp-desktop/static/js/npm-react.50f94747.js:2:172067) @ https://lf16-tiktok-web.tiktokcdn-us.com/obj/tiktok-web-tx/tiktok/web/tiktok_fe_login_vmok/static/js/async/1972.0276f698.js:30
[   36136ms] [WARNING] [i18n] missing key [en] WebApp_Login Log in or sign up for an account on TikTok. Start watching to discover real people and real videos that will make your day. Log in or sign up for an account on TikTok. Start watching to discover real people and real videos that will make your day. @ https://lf16-tiktok-web.tiktokcdn-us.com/obj/tiktok-web-tx/tiktok/webapp/main/react-v18/webapp-desktop/static/js/biz.common.lib.19990328.js:0
[   36157ms] [INFO] [slardar] pluginPathPrefix fallback to SlardarPluginPathPrefixVGeoMap.us: https://lf16-cdn-tos.tiktokcdn-us.com/obj/static-tx/slardar/fe/sdk-web/plugins @ https://lf16-tiktok-web.tiktokcdn-us.com/obj/tiktok-web-tx/tiktok/webapp/main/react-v18/webapp-desktop/static/js/biz.shared.kernel.init.aa8023c3.js:0
[   36161ms] [WARNING] InvalidCharacterError: Failed to execute 'atob' on 'Window': The string to be decoded is not correctly encoded.
    at n (https://lf16-tiktok-web.tiktokcdn-us.com/obj/tiktok-web-tx/tiktok/web/tiktok_fe_login_vmok/static/js/async/1972.0276f698.js:31:473107)
    at k.getLoginContext (https://lf16-tiktok-web.tiktokcdn-us.com/obj/tiktok-web-tx/tiktok/web/tiktok_fe_login_vmok/static/js/async/1972.0276f698.js:31:310448)
    at https://lf16-tiktok-web.tiktokcdn-us.com/obj/tiktok-web-tx/tiktok/web/tiktok_fe_login_vmok/static/js/async/1972.0276f698.js:31:306895
    at h (https://lf16-tiktok-web.tiktokcdn-us.com/obj/tiktok-web-tx/tiktok/web/tiktok_fe_login_vmok/static/js/async/3978.941b0ced.js:1:5781)
    at v (https://lf16-tiktok-web.tiktokcdn-us.com/obj/tiktok-web-tx/tiktok/web/tiktok_fe_login_vmok/static/js/async/3978.941b0ced.js:1:5729)
    at u._next (https://lf16-tiktok-web.tiktokcdn-us.com/obj/tiktok-web-tx/tiktok/web/tiktok_fe_login_vmok/static/js/async/1265.fba9ac3a.js:1:9038)
    at t.next (https://lf16-tiktok-web.tiktokcdn-us.com/obj/tiktok-web-tx/tiktok/web/tiktok_fe_login_vmok/static/js/async/1265.fba9ac3a.js:1:4845)
    at https://lf16-tiktok-web.tiktokcdn-us.com/obj/tiktok-web-tx/tiktok/webapp/main/react-v18/webapp-desktop/static/js/npm-rxjs.3002fb8b.js:1:25781
    at c._next (https://lf16-tiktok-web.tiktokcdn-us.com/obj/tiktok-web-tx/tiktok/webapp/main/react-v18/webapp-desktop/static/js/npm-rxjs.3002fb8b.js:1:19794)
    at r.next (https://lf16-tiktok-web.tiktokcdn-us.com/obj/tiktok-web-tx/tiktok/webapp/main/react-v18/webapp-desktop/static/js/npm-rxjs.3002fb8b.js:1:7426) @ https://lf16-tiktok-web.tiktokcdn-us.com/obj/tiktok-web-tx/tiktok/web/tiktok_fe_login_vmok/static/js/async/1972.0276f698.js:30
[   36193ms] [ERROR] [GSI_LOGGER]: FedCM get() rejects with AbortError: signal is aborted without reason @ https://lf16-tiktok-web.tiktokcdn-us.com/obj/tiktok-web-tx/tiktok/webapp/main/react-v18/webapp-desktop/static/js/webapp-desktop.c59939ee.js:0
[   36193ms] [ERROR] The request has been aborted. @ https://www.tiktok.com/:0
[   36263ms] [WARNING] [i18n] missing key [en] Webapp login_third_platform_apple login_third_platform_apple @ https://lf16-tiktok-web.tiktokcdn-us.com/obj/tiktok-web-tx/tiktok/webapp/main/react-v18/webapp-desktop/static/js/biz.common.lib.19990328.js:0
[   36264ms] [WARNING] [i18n] missing key [en] Webapp login_third_platform_line login_third_platform_line @ https://lf16-tiktok-web.tiktokcdn-us.com/obj/tiktok-web-tx/tiktok/webapp/main/react-v18/webapp-desktop/static/js/biz.common.lib.19990328.js:0
[   36264ms] [WARNING] [i18n] missing key [en] Webapp login_third_platform_kakao login_third_platform_kakao @ https://lf16-tiktok-web.tiktokcdn-us.com/obj/tiktok-web-tx/tiktok/webapp/main/react-v18/webapp-desktop/static/js/biz.common.lib.19990328.js:0
[   36264ms] [WARNING] [i18n] missing key [en] Webapp login_third_platform_google login_third_platform_google @ https://lf16-tiktok-web.tiktokcdn-us.com/obj/tiktok-web-tx/tiktok/webapp/main/react-v18/webapp-desktop/static/js/biz.common.lib.19990328.js:0
[   36264ms] [WARNING] [i18n] missing key [en] Webapp login_third_platform_facebook login_third_platform_facebook @ https://lf16-tiktok-web.tiktokcdn-us.com/obj/tiktok-web-tx/tiktok/webapp/main/react-v18/webapp-desktop/static/js/biz.common.lib.19990328.js:0
[   36264ms] [WARNING] [i18n] missing key [en] Webapp login_third_platform_noLonger_title login_third_platform_noLonger_title @ https://lf16-tiktok-web.tiktokcdn-us.com/obj/tiktok-web-tx/tiktok/webapp/main/react-v18/webapp-desktop/static/js/biz.common.lib.19990328.js:0
[   36264ms] [WARNING] [i18n] missing key [en] Webapp login_third_platform_noLonger_body login_third_platform_noLonger_body @ https://lf16-tiktok-web.tiktokcdn-us.com/obj/tiktok-web-tx/tiktok/webapp/main/react-v18/webapp-desktop/static/js/biz.common.lib.19990328.js:0
[   36264ms] [WARNING] [i18n] missing key [en] Webapp login_fb_noLonger_cta1 login_fb_noLonger_cta1 @ https://lf16-tiktok-web.tiktokcdn-us.com/obj/tiktok-web-tx/tiktok/webapp/main/react-v18/webapp-desktop/static/js/biz.common.lib.19990328.js:0
[   36265ms] [WARNING] [i18n] missing key [en] Webapp login_fb_noLonger_cta2 login_fb_noLonger_cta2 @ https://lf16-tiktok-web.tiktokcdn-us.com/obj/tiktok-web-tx/tiktok/webapp/main/react-v18/webapp-desktop/static/js/biz.common.lib.19990328.js:0
[   45902ms] [ERROR] Cross-Origin-Opener-Policy policy would block the window.closed call. @ https://accounts.google.com/gsi/client:137
[   45902ms] [ERROR] Cross-Origin-Opener-Policy policy would block the window.closed call. @ https://accounts.google.com/gsi/client:137
[   55921ms] [ERROR] Cross-Origin-Opener-Policy policy would block the window.closed call. @ https://accounts.google.com/gsi/client:137
[   55921ms] [ERROR] Cross-Origin-Opener-Policy policy would block the window.closed call. @ https://accounts.google.com/gsi/client:137
[   61435ms] [ERROR] Cross-Origin-Opener-Policy policy would block the window.closed call. @ https://accounts.google.com/gsi/client:137
[   61435ms] [ERROR] Cross-Origin-Opener-Policy policy would block the window.closed call. @ https://accounts.google.com/gsi/client:137
[   64624ms] [ERROR] Login: account-api error: [1011] Esta cuenta no existe. @ https://lf16-tiktok-web.tiktokcdn-us.com/obj/tiktok-web-tx/tiktok/webapp/main/react-v18/webapp-desktop/static/js/webapp-desktop.c59939ee.js:0
[   64631ms] [WARNING] [i18n] missing key [en] WebApp_Login Sign up for an account or log back into TikTok. Create an account to discover real people and real videos that will make your day. Sign up for an account or log back into TikTok. Create an account to discover real people and real videos that will make your day. @ https://lf16-tiktok-web.tiktokcdn-us.com/obj/tiktok-web-tx/tiktok/webapp/main/react-v18/webapp-desktop/static/js/biz.common.lib.19990328.js:0
[   64634ms] [WARNING] [i18n] missing key [en] WebApp_Login 1 1 @ https://lf16-tiktok-web.tiktokcdn-us.com/obj/tiktok-web-tx/tiktok/webapp/main/react-v18/webapp-desktop/static/js/biz.common.lib.19990328.js:0
[   64635ms] [WARNING] [i18n] missing key [en] WebApp_Login 2 2 @ https://lf16-tiktok-web.tiktokcdn-us.com/obj/tiktok-web-tx/tiktok/webapp/main/react-v18/webapp-desktop/static/js/biz.common.lib.19990328.js:0
[   64635ms] [WARNING] [i18n] missing key [en] WebApp_Login 3 3 @ https://lf16-tiktok-web.tiktokcdn-us.com/obj/tiktok-web-tx/tiktok/webapp/main/react-v18/webapp-desktop/static/js/biz.common.lib.19990328.js:0
[   64635ms] [WARNING] [i18n] missing key [en] WebApp_Login 4 4 @ https://lf16-tiktok-web.tiktokcdn-us.com/obj/tiktok-web-tx/tiktok/webapp/main/react-v18/webapp-desktop/static/js/biz.common.lib.19990328.js:0
[   64635ms] [WARNING] [i18n] missing key [en] WebApp_Login 5 5 @ https://lf16-tiktok-web.tiktokcdn-us.com/obj/tiktok-web-tx/tiktok/webapp/main/react-v18/webapp-desktop/static/js/biz.common.lib.19990328.js:0
[   64635ms] [WARNING] [i18n] missing key [en] WebApp_Login 6 6 @ https://lf16-tiktok-web.tiktokcdn-us.com/obj/tiktok-web-tx/tiktok/webapp/main/react-v18/webapp-desktop/static/js/biz.common.lib.19990328.js:0
[   64635ms] [WARNING] [i18n] missing key [en] WebApp_Login 7 7 @ https://lf16-tiktok-web.tiktokcdn-us.com/obj/tiktok-web-tx/tiktok/webapp/main/react-v18/webapp-desktop/static/js/biz.common.lib.19990328.js:0
[   64636ms] [WARNING] [i18n] missing key [en] WebApp_Login 8 8 @ https://lf16-tiktok-web.tiktokcdn-us.com/obj/tiktok-web-tx/tiktok/webapp/main/react-v18/webapp-desktop/static/js/biz.common.lib.19990328.js:0
[   64636ms] [WARNING] [i18n] missing key [en] WebApp_Login 9 9 @ https://lf16-tiktok-web.tiktokcdn-us.com/obj/tiktok-web-tx/tiktok/webapp/main/react-v18/webapp-desktop/static/js/biz.common.lib.19990328.js:0
[   64636ms] [WARNING] [i18n] missing key [en] WebApp_Login 10 10 @ https://lf16-tiktok-web.tiktokcdn-us.com/obj/tiktok-web-tx/tiktok/webapp/main/react-v18/webapp-desktop/static/js/biz.common.lib.19990328.js:0
[   64636ms] [WARNING] [i18n] missing key [en] WebApp_Login 11 11 @ https://lf16-tiktok-web.tiktokcdn-us.com/obj/tiktok-web-tx/tiktok/webapp/main/react-v18/webapp-desktop/static/js/biz.common.lib.19990328.js:0
[   64636ms] [WARNING] [i18n] missing key [en] WebApp_Login 12 12 @ https://lf16-tiktok-web.tiktokcdn-us.com/obj/tiktok-web-tx/tiktok/webapp/main/react-v18/webapp-desktop/static/js/biz.common.lib.19990328.js:0
[   64636ms] [WARNING] [i18n] missing key [en] WebApp_Login 13 13 @ https://lf16-tiktok-web.tiktokcdn-us.com/obj/tiktok-web-tx/tiktok/webapp/main/react-v18/webapp-desktop/static/js/biz.common.lib.19990328.js:0
[   64636ms] [WARNING] [i18n] missing key [en] WebApp_Login 14 14 @ https://lf16-tiktok-web.tiktokcdn-us.com/obj/tiktok-web-tx/tiktok/webapp/main/react-v18/webapp-desktop/static/js/biz.common.lib.19990328.js:0
[   64636ms] [WARNING] [i18n] missing key [en] WebApp_Login 15 15 @ https://lf16-tiktok-web.tiktokcdn-us.com/obj/tiktok-web-tx/tiktok/webapp/main/react-v18/webapp-desktop/static/js/biz.common.lib.19990328.js:0
[   64637ms] [WARNING] [i18n] missing key [en] WebApp_Login 16 16 @ https://lf16-tiktok-web.tiktokcdn-us.com/obj/tiktok-web-tx/tiktok/webapp/main/react-v18/webapp-desktop/static/js/biz.common.lib.19990328.js:0
[   64637ms] [WARNING] [i18n] missing key [en] WebApp_Login 17 17 @ https://lf16-tiktok-web.tiktokcdn-us.com/obj/tiktok-web-tx/tiktok/webapp/main/react-v18/webapp-desktop/static/js/biz.common.lib.19990328.js:0
[   64637ms] [WARNING] [i18n] missing key [en] WebApp_Login 18 18 @ https://lf16-tiktok-web.tiktokcdn-us.com/obj/tiktok-web-tx/tiktok/webapp/main/react-v18/webapp-desktop/static/js/biz.common.lib.19990328.js:0
[   64637ms] [WARNING] [i18n] missing key [en] WebApp_Login 19 19 @ https://lf16-tiktok-web.tiktokcdn-us.com/obj/tiktok-web-tx/tiktok/webapp/main/react-v18/webapp-desktop/static/js/biz.common.lib.19990328.js:0
[   64637ms] [WARNING] [i18n] missing key [en] WebApp_Login 20 20 @ https://lf16-tiktok-web.tiktokcdn-us.com/obj/tiktok-web-tx/tiktok/webapp/main/react-v18/webapp-desktop/static/js/biz.common.lib.19990328.js:0
[   64637ms] [WARNING] [i18n] missing key [en] WebApp_Login 21 21 @ https://lf16-tiktok-web.tiktokcdn-us.com/obj/tiktok-web-tx/tiktok/webapp/main/react-v18/webapp-desktop/static/js/biz.common.lib.19990328.js:0
[   64637ms] [WARNING] [i18n] missing key [en] WebApp_Login 22 22 @ https://lf16-tiktok-web.tiktokcdn-us.com/obj/tiktok-web-tx/tiktok/webapp/main/react-v18/webapp-desktop/static/js/biz.common.lib.19990328.js:0
[   64637ms] [WARNING] [i18n] missing key [en] WebApp_Login 23 23 @ https://lf16-tiktok-web.tiktokcdn-us.com/obj/tiktok-web-tx/tiktok/webapp/main/react-v18/webapp-desktop/static/js/biz.common.lib.19990328.js:0
[   64637ms] [WARNING] [i18n] missing key [en] WebApp_Login 24 24 @ https://lf16-tiktok-web.tiktokcdn-us.com/obj/tiktok-web-tx/tiktok/webapp/main/react-v18/webapp-desktop/static/js/biz.common.lib.19990328.js:0
[   64638ms] [WARNING] [i18n] missing key [en] WebApp_Login 25 25 @ https://lf16-tiktok-web.tiktokcdn-us.com/obj/tiktok-web-tx/tiktok/webapp/main/react-v18/webapp-desktop/static/js/biz.common.lib.19990328.js:0
[   64638ms] [WARNING] [i18n] missing key [en] WebApp_Login 26 26 @ https://lf16-tiktok-web.tiktokcdn-us.com/obj/tiktok-web-tx/tiktok/webapp/main/react-v18/webapp-desktop/static/js/biz.common.lib.19990328.js:0
[   64638ms] [WARNING] [i18n] missing key [en] WebApp_Login 27 27 @ https://lf16-tiktok-web.tiktokcdn-us.com/obj/tiktok-web-tx/tiktok/webapp/main/react-v18/webapp-desktop/static/js/biz.common.lib.19990328.js:0
[   64638ms] [WARNING] [i18n] missing key [en] WebApp_Login 28 28 @ https://lf16-tiktok-web.tiktokcdn-us.com/obj/tiktok-web-tx/tiktok/webapp/main/react-v18/webapp-desktop/static/js/biz.common.lib.19990328.js:0
[   64638ms] [WARNING] [i18n] missing key [en] WebApp_Login 29 29 @ https://lf16-tiktok-web.tiktokcdn-us.com/obj/tiktok-web-tx/tiktok/webapp/main/react-v18/webapp-desktop/static/js/biz.common.lib.19990328.js:0
[   64638ms] [WARNING] [i18n] missing key [en] WebApp_Login 30 30 @ https://lf16-tiktok-web.tiktokcdn-us.com/obj/tiktok-web-tx/tiktok/webapp/main/react-v18/webapp-desktop/static/js/biz.common.lib.19990328.js:0
[   64638ms] [WARNING] [i18n] missing key [en] WebApp_Login 31 31 @ https://lf16-tiktok-web.tiktokcdn-us.com/obj/tiktok-web-tx/tiktok/webapp/main/react-v18/webapp-desktop/static/js/biz.common.lib.19990328.js:0
[   64641ms] [WARNING] [i18n] missing key [en] WebApp_Login 2025 2025 @ https://lf16-tiktok-web.tiktokcdn-us.com/obj/tiktok-web-tx/tiktok/webapp/main/react-v18/webapp-desktop/static/js/biz.common.lib.19990328.js:0
[   64641ms] [WARNING] [i18n] missing key [en] WebApp_Login 2024 2024 @ https://lf16-tiktok-web.tiktokcdn-us.com/obj/tiktok-web-tx/tiktok/webapp/main/react-v18/webapp-desktop/static/js/biz.common.lib.19990328.js:0
[   64641ms] [WARNING] [i18n] missing key [en] WebApp_Login 2023 2023 @ https://lf16-tiktok-web.tiktokcdn-us.com/obj/tiktok-web-tx/tiktok/webapp/main/react-v18/webapp-desktop/static/js/biz.common.lib.19990328.js:0
[   64641ms] [WARNING] [i18n] missing key [en] WebApp_Login 2022 2022 @ https://lf16-tiktok-web.tiktokcdn-us.com/obj/tiktok-web-tx/tiktok/webapp/main/react-v18/webapp-desktop/static/js/biz.common.lib.19990328.js:0
[   64641ms] [WARNING] [i18n] missing key [en] WebApp_Login 2021 2021 @ https://lf16-tiktok-web.tiktokcdn-us.com/obj/tiktok-web-tx/tiktok/webapp/main/react-v18/webapp-desktop/static/js/biz.common.lib.19990328.js:0
[   64641ms] [WARNING] [i18n] missing key [en] WebApp_Login 2020 2020 @ https://lf16-tiktok-web.tiktokcdn-us.com/obj/tiktok-web-tx/tiktok/webapp/main/react-v18/webapp-desktop/static/js/biz.common.lib.19990328.js:0
[   64641ms] [WARNING] [i18n] missing key [en] WebApp_Login 2019 2019 @ https://lf16-tiktok-web.tiktokcdn-us.com/obj/tiktok-web-tx/tiktok/webapp/main/react-v18/webapp-desktop/static/js/biz.common.lib.19990328.js:0
[   64641ms] [WARNING] [i18n] missing key [en] WebApp_Login 2018 2018 @ https://lf16-tiktok-web.tiktokcdn-us.com/obj/tiktok-web-tx/tiktok/webapp/main/react-v18/webapp-desktop/static/js/biz.common.lib.19990328.js:0
[   64642ms] [WARNING] [i18n] missing key [en] WebApp_Login 2017 2017 @ https://lf16-tiktok-web.tiktokcdn-us.com/obj/tiktok-web-tx/tiktok/webapp/main/react-v18/webapp-desktop/static/js/biz.common.lib.19990328.js:0
[   64642ms] [WARNING] [i18n] missing key [en] WebApp_Login 2016 2016 @ https://lf16-tiktok-web.tiktokcdn-us.com/obj/tiktok-web-tx/tiktok/webapp/main/react-v18/webapp-desktop/static/js/biz.common.lib.19990328.js:0
[   64643ms] [WARNING] [i18n] missing key [en] WebApp_Login 2015 2015 @ https://lf16-tiktok-web.tiktokcdn-us.com/obj/tiktok-web-tx/tiktok/webapp/main/react-v18/webapp-desktop/static/js/biz.common.lib.19990328.js:0
[   64643ms] [WARNING] [i18n] missing key [en] WebApp_Login 2014 2014 @ https://lf16-tiktok-web.tiktokcdn-us.com/obj/tiktok-web-tx/tiktok/webapp/main/react-v18/webapp-desktop/static/js/biz.common.lib.19990328.js:0
[   64643ms] [WARNING] [i18n] missing key [en] WebApp_Login 2013 2013 @ https://lf16-tiktok-web.tiktokcdn-us.com/obj/tiktok-web-tx/tiktok/webapp/main/react-v18/webapp-desktop/static/js/biz.common.lib.19990328.js:0
[   64643ms] [WARNING] [i18n] missing key [en] WebApp_Login 2012 2012 @ https://lf16-tiktok-web.tiktokcdn-us.com/obj/tiktok-web-tx/tiktok/webapp/main/react-v18/webapp-desktop/static/js/biz.common.lib.19990328.js:0
[   64643ms] [WARNING] [i18n] missing key [en] WebApp_Login 2011 2011 @ https://lf16-tiktok-web.tiktokcdn-us.com/obj/tiktok-web-tx/tiktok/webapp/main/react-v18/webapp-desktop/static/js/biz.common.lib.19990328.js:0
[   64643ms] [WARNING] [i18n] missing key [en] WebApp_Login 2010 2010 @ https://lf16-tiktok-web.tiktokcdn-us.com/obj/tiktok-web-tx/tiktok/webapp/main/react-v18/webapp-desktop/static/js/biz.common.lib.19990328.js:0
[   64643ms] [WARNING] [i18n] missing key [en] WebApp_Login 2009 2009 @ https://lf16-tiktok-web.tiktokcdn-us.com/obj/tiktok-web-tx/tiktok/webapp/main/react-v18/webapp-desktop/static/js/biz.common.lib.19990328.js:0
[   64643ms] [WARNING] [i18n] missing key [en] WebApp_Login 2008 2008 @ https://lf16-tiktok-web.tiktokcdn-us.com/obj/tiktok-web-tx/tiktok/webapp/main/react-v18/webapp-desktop/static/js/biz.common.lib.19990328.js:0
[   64643ms] [WARNING] [i18n] missing key [en] WebApp_Login 2007 2007 @ https://lf16-tiktok-web.tiktokcdn-us.com/obj/tiktok-web-tx/tiktok/webapp/main/react-v18/webapp-desktop/static/js/biz.common.lib.19990328.js:0
[   64643ms] [WARNING] [i18n] missing key [en] WebApp_Login 2006 2006 @ https://lf16-tiktok-web.tiktokcdn-us.com/obj/tiktok-web-tx/tiktok/webapp/main/react-v18/webapp-desktop/static/js/biz.common.lib.19990328.js:0
[   64644ms] [WARNING] [i18n] missing key [en] WebApp_Login 2005 2005 @ https://lf16-tiktok-web.tiktokcdn-us.com/obj/tiktok-web-tx/tiktok/webapp/main/react-v18/webapp-desktop/static/js/biz.common.lib.19990328.js:0
[   64644ms] [WARNING] [i18n] missing key [en] WebApp_Login 2004 2004 @ https://lf16-tiktok-web.tiktokcdn-us.com/obj/tiktok-web-tx/tiktok/webapp/main/react-v18/webapp-desktop/static/js/biz.common.lib.19990328.js:0
[   64644ms] [WARNING] [i18n] missing key [en] WebApp_Login 2003 2003 @ https://lf16-tiktok-web.tiktokcdn-us.com/obj/tiktok-web-tx/tiktok/webapp/main/react-v18/webapp-desktop/static/js/biz.common.lib.19990328.js:0
[   64644ms] [WARNING] [i18n] missing key [en] WebApp_Login 2002 2002 @ https://lf16-tiktok-web.tiktokcdn-us.com/obj/tiktok-web-tx/tiktok/webapp/main/react-v18/webapp-desktop/static/js/biz.common.lib.19990328.js:0
[   64644ms] [WARNING] [i18n] missing key [en] WebApp_Login 2001 2001 @ https://lf16-tiktok-web.tiktokcdn-us.com/obj/tiktok-web-tx/tiktok/webapp/main/react-v18/webapp-desktop/static/js/biz.common.lib.19990328.js:0
[   64644ms] [WARNING] [i18n] missing key [en] WebApp_Login 2000 2000 @ https://lf16-tiktok-web.tiktokcdn-us.com/obj/tiktok-web-tx/tiktok/webapp/main/react-v18/webapp-desktop/static/js/biz.common.lib.19990328.js:0
[   64644ms] [WARNING] [i18n] missing key [en] WebApp_Login 1999 1999 @ https://lf16-tiktok-web.tiktokcdn-us.com/obj/tiktok-web-tx/tiktok/webapp/main/react-v18/webapp-desktop/static/js/biz.common.lib.19990328.js:0
[   64644ms] [WARNING] [i18n] missing key [en] WebApp_Login 1998 1998 @ https://lf16-tiktok-web.tiktokcdn-us.com/obj/tiktok-web-tx/tiktok/webapp/main/react-v18/webapp-desktop/static/js/biz.common.lib.19990328.js:0
[   64644ms] [WARNING] [i18n] missing key [en] WebApp_Login 1997 1997 @ https://lf16-tiktok-web.tiktokcdn-us.com/obj/tiktok-web-tx/tiktok/webapp/main/react-v18/webapp-desktop/static/js/biz.common.lib.19990328.js:0
[   64644ms] [WARNING] [i18n] missing key [en] WebApp_Login 1996 1996 @ https://lf16-tiktok-web.tiktokcdn-us.com/obj/tiktok-web-tx/tiktok/webapp/main/react-v18/webapp-desktop/static/js/biz.common.lib.19990328.js:0
[   64645ms] [WARNING] [i18n] missing key [en] WebApp_Login 1995 1995 @ https://lf16-tiktok-web.tiktokcdn-us.com/obj/tiktok-web-tx/tiktok/webapp/main/react-v18/webapp-desktop/static/js/biz.common.lib.19990328.js:0
[   64645ms] [WARNING] [i18n] missing key [en] WebApp_Login 1994 1994 @ https://lf16-tiktok-web.tiktokcdn-us.com/obj/tiktok-web-tx/tiktok/webapp/main/react-v18/webapp-desktop/static/js/biz.common.lib.19990328.js:0
[   64645ms] [WARNING] [i18n] missing key [en] WebApp_Login 1993 1993 @ https://lf16-tiktok-web.tiktokcdn-us.com/obj/tiktok-web-tx/tiktok/webapp/main/react-v18/webapp-desktop/static/js/biz.common.lib.19990328.js:0
[   64645ms] [WARNING] [i18n] missing key [en] WebApp_Login 1992 1992 @ https://lf16-tiktok-web.tiktokcdn-us.com/obj/tiktok-web-tx/tiktok/webapp/main/react-v18/webapp-desktop/static/js/biz.common.lib.19990328.js:0
[   64645ms] [WARNING] [i18n] missing key [en] WebApp_Login 1991 1991 @ https://lf16-tiktok-web.tiktokcdn-us.com/obj/tiktok-web-tx/tiktok/webapp/main/react-v18/webapp-desktop/static/js/biz.common.lib.19990328.js:0
[   64645ms] [WARNING] [i18n] missing key [en] WebApp_Login 1990 1990 @ https://lf16-tiktok-web.tiktokcdn-us.com/obj/tiktok-web-tx/tiktok/webapp/main/react-v18/webapp-desktop/static/js/biz.common.lib.19990328.js:0
[   64645ms] [WARNING] [i18n] missing key [en] WebApp_Login 1989 1989 @ https://lf16-tiktok-web.tiktokcdn-us.com/obj/tiktok-web-tx/tiktok/webapp/main/react-v18/webapp-desktop/static/js/biz.common.lib.19990328.js:0
[   64645ms] [WARNING] [i18n] missing key [en] WebApp_Login 1988 1988 @ https://lf16-tiktok-web.tiktokcdn-us.com/obj/tiktok-web-tx/tiktok/webapp/main/react-v18/webapp-desktop/static/js/biz.common.lib.19990328.js:0
[   64645ms] [WARNING] [i18n] missing key [en] WebApp_Login 1987 1987 @ https://lf16-tiktok-web.tiktokcdn-us.com/obj/tiktok-web-tx/tiktok/webapp/main/react-v18/webapp-desktop/static/js/biz.common.lib.19990328.js:0
[   64645ms] [WARNING] [i18n] missing key [en] WebApp_Login 1986 1986 @ https://lf16-tiktok-web.tiktokcdn-us.com/obj/tiktok-web-tx/tiktok/webapp/main/react-v18/webapp-desktop/static/js/biz.common.lib.19990328.js:0
[   64646ms] [WARNING] [i18n] missing key [en] WebApp_Login 1985 1985 @ https://lf16-tiktok-web.tiktokcdn-us.com/obj/tiktok-web-tx/tiktok/webapp/main/react-v18/webapp-desktop/static/js/biz.common.lib.19990328.js:0
[   64646ms] [WARNING] [i18n] missing key [en] WebApp_Login 1984 1984 @ https://lf16-tiktok-web.tiktokcdn-us.com/obj/tiktok-web-tx/tiktok/webapp/main/react-v18/webapp-desktop/static/js/biz.common.lib.19990328.js:0
[   64646ms] [WARNING] [i18n] missing key [en] WebApp_Login 1983 1983 @ https://lf16-tiktok-web.tiktokcdn-us.com/obj/tiktok-web-tx/tiktok/webapp/main/react-v18/webapp-desktop/static/js/biz.common.lib.19990328.js:0
[   64646ms] [WARNING] [i18n] missing key [en] WebApp_Login 1982 1982 @ https://lf16-tiktok-web.tiktokcdn-us.com/obj/tiktok-web-tx/tiktok/webapp/main/react-v18/webapp-desktop/static/js/biz.common.lib.19990328.js:0
[   64646ms] [WARNING] [i18n] missing key [en] WebApp_Login 1981 1981 @ https://lf16-tiktok-web.tiktokcdn-us.com/obj/tiktok-web-tx/tiktok/webapp/main/react-v18/webapp-desktop/static/js/biz.common.lib.19990328.js:0
[   64646ms] [WARNING] [i18n] missing key [en] WebApp_Login 1980 1980 @ https://lf16-tiktok-web.tiktokcdn-us.com/obj/tiktok-web-tx/tiktok/webapp/main/react-v18/webapp-desktop/static/js/biz.common.lib.19990328.js:0
[   64646ms] [WARNING] [i18n] missing key [en] WebApp_Login 1979 1979 @ https://lf16-tiktok-web.tiktokcdn-us.com/obj/tiktok-web-tx/tiktok/webapp/main/react-v18/webapp-desktop/static/js/biz.common.lib.19990328.js:0
[   64646ms] [WARNING] [i18n] missing key [en] WebApp_Login 1978 1978 @ https://lf16-tiktok-web.tiktokcdn-us.com/obj/tiktok-web-tx/tiktok/webapp/main/react-v18/webapp-desktop/static/js/biz.common.lib.19990328.js:0
[   64646ms] [WARNING] [i18n] missing key [en] WebApp_Login 1977 1977 @ https://lf16-tiktok-web.tiktokcdn-us.com/obj/tiktok-web-tx/tiktok/webapp/main/react-v18/webapp-desktop/static/js/biz.common.lib.19990328.js:0
[   64646ms] [WARNING] [i18n] missing key [en] WebApp_Login 1976 1976 @ https://lf16-tiktok-web.tiktokcdn-us.com/obj/tiktok-web-tx/tiktok/webapp/main/react-v18/webapp-desktop/static/js/biz.common.lib.19990328.js:0
[   64646ms] [WARNING] [i18n] missing key [en] WebApp_Login 1975 1975 @ https://lf16-tiktok-web.tiktokcdn-us.com/obj/tiktok-web-tx/tiktok/webapp/main/react-v18/webapp-desktop/static/js/biz.common.lib.19990328.js:0
[   64647ms] [WARNING] [i18n] missing key [en] WebApp_Login 1974 1974 @ https://lf16-tiktok-web.tiktokcdn-us.com/obj/tiktok-web-tx/tiktok/webapp/main/react-v18/webapp-desktop/static/js/biz.common.lib.19990328.js:0
[   64647ms] [WARNING] [i18n] missing key [en] WebApp_Login 1973 1973 @ https://lf16-tiktok-web.tiktokcdn-us.com/obj/tiktok-web-tx/tiktok/webapp/main/react-v18/webapp-desktop/static/js/biz.common.lib.19990328.js:0
[   64647ms] [WARNING] [i18n] missing key [en] WebApp_Login 1972 1972 @ https://lf16-tiktok-web.tiktokcdn-us.com/obj/tiktok-web-tx/tiktok/webapp/main/react-v18/webapp-desktop/static/js/biz.common.lib.19990328.js:0
[   64647ms] [WARNING] [i18n] missing key [en] WebApp_Login 1971 1971 @ https://lf16-tiktok-web.tiktokcdn-us.com/obj/tiktok-web-tx/tiktok/webapp/main/react-v18/webapp-desktop/static/js/biz.common.lib.19990328.js:0
[   64647ms] [WARNING] [i18n] missing key [en] WebApp_Login 1970 1970 @ https://lf16-tiktok-web.tiktokcdn-us.com/obj/tiktok-web-tx/tiktok/webapp/main/react-v18/webapp-desktop/static/js/biz.common.lib.19990328.js:0
[   64647ms] [WARNING] [i18n] missing key [en] WebApp_Login 1969 1969 @ https://lf16-tiktok-web.tiktokcdn-us.com/obj/tiktok-web-tx/tiktok/webapp/main/react-v18/webapp-desktop/static/js/biz.common.lib.19990328.js:0
[   64647ms] [WARNING] [i18n] missing key [en] WebApp_Login 1968 1968 @ https://lf16-tiktok-web.tiktokcdn-us.com/obj/tiktok-web-tx/tiktok/webapp/main/react-v18/webapp-desktop/static/js/biz.common.lib.19990328.js:0
[   64647ms] [WARNING] [i18n] missing key [en] WebApp_Login 1967 1967 @ https://lf16-tiktok-web.tiktokcdn-us.com/obj/tiktok-web-tx/tiktok/webapp/main/react-v18/webapp-desktop/static/js/biz.common.lib.19990328.js:0
[   64647ms] [WARNING] [i18n] missing key [en] WebApp_Login 1966 1966 @ https://lf16-tiktok-web.tiktokcdn-us.com/obj/tiktok-web-tx/tiktok/webapp/main/react-v18/webapp-desktop/static/js/biz.common.lib.19990328.js:0
[   64647ms] [WARNING] [i18n] missing key [en] WebApp_Login 1965 1965 @ https://lf16-tiktok-web.tiktokcdn-us.com/obj/tiktok-web-tx/tiktok/webapp/main/react-v18/webapp-desktop/static/js/biz.common.lib.19990328.js:0
[   64648ms] [WARNING] [i18n] missing key [en] WebApp_Login 1964 1964 @ https://lf16-tiktok-web.tiktokcdn-us.com/obj/tiktok-web-tx/tiktok/webapp/main/react-v18/webapp-desktop/static/js/biz.common.lib.19990328.js:0
[   64648ms] [WARNING] [i18n] missing key [en] WebApp_Login 1963 1963 @ https://lf16-tiktok-web.tiktokcdn-us.com/obj/tiktok-web-tx/tiktok/webapp/main/react-v18/webapp-desktop/static/js/biz.common.lib.19990328.js:0
[   64648ms] [WARNING] [i18n] missing key [en] WebApp_Login 1962 1962 @ https://lf16-tiktok-web.tiktokcdn-us.com/obj/tiktok-web-tx/tiktok/webapp/main/react-v18/webapp-desktop/static/js/biz.common.lib.19990328.js:0
[   64648ms] [WARNING] [i18n] missing key [en] WebApp_Login 1961 1961 @ https://lf16-tiktok-web.tiktokcdn-us.com/obj/tiktok-web-tx/tiktok/webapp/main/react-v18/webapp-desktop/static/js/biz.common.lib.19990328.js:0
[   64648ms] [WARNING] [i18n] missing key [en] WebApp_Login 1960 1960 @ https://lf16-tiktok-web.tiktokcdn-us.com/obj/tiktok-web-tx/tiktok/webapp/main/react-v18/webapp-desktop/static/js/biz.common.lib.19990328.js:0
[   64648ms] [WARNING] [i18n] missing key [en] WebApp_Login 1959 1959 @ https://lf16-tiktok-web.tiktokcdn-us.com/obj/tiktok-web-tx/tiktok/webapp/main/react-v18/webapp-desktop/static/js/biz.common.lib.19990328.js:0
[   64648ms] [WARNING] [i18n] missing key [en] WebApp_Login 1958 1958 @ https://lf16-tiktok-web.tiktokcdn-us.com/obj/tiktok-web-tx/tiktok/webapp/main/react-v18/webapp-desktop/static/js/biz.common.lib.19990328.js:0
[   64648ms] [WARNING] [i18n] missing key [en] WebApp_Login 1957 1957 @ https://lf16-tiktok-web.tiktokcdn-us.com/obj/tiktok-web-tx/tiktok/webapp/main/react-v18/webapp-desktop/static/js/biz.common.lib.19990328.js:0
[   64648ms] [WARNING] [i18n] missing key [en] WebApp_Login 1956 1956 @ https://lf16-tiktok-web.tiktokcdn-us.com/obj/tiktok-web-tx/tiktok/webapp/main/react-v18/webapp-desktop/static/js/biz.common.lib.19990328.js:0
[   64648ms] [WARNING] [i18n] missing key [en] WebApp_Login 1955 1955 @ https://lf16-tiktok-web.tiktokcdn-us.com/obj/tiktok-web-tx/tiktok/webapp/main/react-v18/webapp-desktop/static/js/biz.common.lib.19990328.js:0
[   64649ms] [WARNING] [i18n] missing key [en] WebApp_Login 1954 1954 @ https://lf16-tiktok-web.tiktokcdn-us.com/obj/tiktok-web-tx/tiktok/webapp/main/react-v18/webapp-desktop/static/js/biz.common.lib.19990328.js:0
[   64649ms] [WARNING] [i18n] missing key [en] WebApp_Login 1953 1953 @ https://lf16-tiktok-web.tiktokcdn-us.com/obj/tiktok-web-tx/tiktok/webapp/main/react-v18/webapp-desktop/static/js/biz.common.lib.19990328.js:0
[   64649ms] [WARNING] [i18n] missing key [en] WebApp_Login 1952 1952 @ https://lf16-tiktok-web.tiktokcdn-us.com/obj/tiktok-web-tx/tiktok/webapp/main/react-v18/webapp-desktop/static/js/biz.common.lib.19990328.js:0
[   64649ms] [WARNING] [i18n] missing key [en] WebApp_Login 1951 1951 @ https://lf16-tiktok-web.tiktokcdn-us.com/obj/tiktok-web-tx/tiktok/webapp/main/react-v18/webapp-desktop/static/js/biz.common.lib.19990328.js:0
[   64649ms] [WARNING] [i18n] missing key [en] WebApp_Login 1950 1950 @ https://lf16-tiktok-web.tiktokcdn-us.com/obj/tiktok-web-tx/tiktok/webapp/main/react-v18/webapp-desktop/static/js/biz.common.lib.19990328.js:0
[   64649ms] [WARNING] [i18n] missing key [en] WebApp_Login 1949 1949 @ https://lf16-tiktok-web.tiktokcdn-us.com/obj/tiktok-web-tx/tiktok/webapp/main/react-v18/webapp-desktop/static/js/biz.common.lib.19990328.js:0
[   64649ms] [WARNING] [i18n] missing key [en] WebApp_Login 1948 1948 @ https://lf16-tiktok-web.tiktokcdn-us.com/obj/tiktok-web-tx/tiktok/webapp/main/react-v18/webapp-desktop/static/js/biz.common.lib.19990328.js:0
[   64649ms] [WARNING] [i18n] missing key [en] WebApp_Login 1947 1947 @ https://lf16-tiktok-web.tiktokcdn-us.com/obj/tiktok-web-tx/tiktok/webapp/main/react-v18/webapp-desktop/static/js/biz.common.lib.19990328.js:0
[   64649ms] [WARNING] [i18n] missing key [en] WebApp_Login 1946 1946 @ https://lf16-tiktok-web.tiktokcdn-us.com/obj/tiktok-web-tx/tiktok/webapp/main/react-v18/webapp-desktop/static/js/biz.common.lib.19990328.js:0
[   64649ms] [WARNING] [i18n] missing key [en] WebApp_Login 1945 1945 @ https://lf16-tiktok-web.tiktokcdn-us.com/obj/tiktok-web-tx/tiktok/webapp/main/react-v18/webapp-desktop/static/js/biz.common.lib.19990328.js:0
[   64649ms] [WARNING] [i18n] missing key [en] WebApp_Login 1944 1944 @ https://lf16-tiktok-web.tiktokcdn-us.com/obj/tiktok-web-tx/tiktok/webapp/main/react-v18/webapp-desktop/static/js/biz.common.lib.19990328.js:0
[   64650ms] [WARNING] [i18n] missing key [en] WebApp_Login 1943 1943 @ https://lf16-tiktok-web.tiktokcdn-us.com/obj/tiktok-web-tx/tiktok/webapp/main/react-v18/webapp-desktop/static/js/biz.common.lib.19990328.js:0
[   64650ms] [WARNING] [i18n] missing key [en] WebApp_Login 1942 1942 @ https://lf16-tiktok-web.tiktokcdn-us.com/obj/tiktok-web-tx/tiktok/webapp/main/react-v18/webapp-desktop/static/js/biz.common.lib.19990328.js:0
[   64650ms] [WARNING] [i18n] missing key [en] WebApp_Login 1941 1941 @ https://lf16-tiktok-web.tiktokcdn-us.com/obj/tiktok-web-tx/tiktok/webapp/main/react-v18/webapp-desktop/static/js/biz.common.lib.19990328.js:0
[   64650ms] [WARNING] [i18n] missing key [en] WebApp_Login 1940 1940 @ https://lf16-tiktok-web.tiktokcdn-us.com/obj/tiktok-web-tx/tiktok/webapp/main/react-v18/webapp-desktop/static/js/biz.common.lib.19990328.js:0
[   64650ms] [WARNING] [i18n] missing key [en] WebApp_Login 1939 1939 @ https://lf16-tiktok-web.tiktokcdn-us.com/obj/tiktok-web-tx/tiktok/webapp/main/react-v18/webapp-desktop/static/js/biz.common.lib.19990328.js:0
[   64650ms] [WARNING] [i18n] missing key [en] WebApp_Login 1938 1938 @ https://lf16-tiktok-web.tiktokcdn-us.com/obj/tiktok-web-tx/tiktok/webapp/main/react-v18/webapp-desktop/static/js/biz.common.lib.19990328.js:0
[   64650ms] [WARNING] [i18n] missing key [en] WebApp_Login 1937 1937 @ https://lf16-tiktok-web.tiktokcdn-us.com/obj/tiktok-web-tx/tiktok/webapp/main/react-v18/webapp-desktop/static/js/biz.common.lib.19990328.js:0
[   64650ms] [WARNING] [i18n] missing key [en] WebApp_Login 1936 1936 @ https://lf16-tiktok-web.tiktokcdn-us.com/obj/tiktok-web-tx/tiktok/webapp/main/react-v18/webapp-desktop/static/js/biz.common.lib.19990328.js:0
[   64650ms] [WARNING] [i18n] missing key [en] WebApp_Login 1935 1935 @ https://lf16-tiktok-web.tiktokcdn-us.com/obj/tiktok-web-tx/tiktok/webapp/main/react-v18/webapp-desktop/static/js/biz.common.lib.19990328.js:0
[   64650ms] [WARNING] [i18n] missing key [en] WebApp_Login 1934 1934 @ https://lf16-tiktok-web.tiktokcdn-us.com/obj/tiktok-web-tx/tiktok/webapp/main/react-v18/webapp-desktop/static/js/biz.common.lib.19990328.js:0
[   64650ms] [WARNING] [i18n] missing key [en] WebApp_Login 1933 1933 @ https://lf16-tiktok-web.tiktokcdn-us.com/obj/tiktok-web-tx/tiktok/webapp/main/react-v18/webapp-desktop/static/js/biz.common.lib.19990328.js:0
[   64651ms] [WARNING] [i18n] missing key [en] WebApp_Login 1932 1932 @ https://lf16-tiktok-web.tiktokcdn-us.com/obj/tiktok-web-tx/tiktok/webapp/main/react-v18/webapp-desktop/static/js/biz.common.lib.19990328.js:0
[   64651ms] [WARNING] [i18n] missing key [en] WebApp_Login 1931 1931 @ https://lf16-tiktok-web.tiktokcdn-us.com/obj/tiktok-web-tx/tiktok/webapp/main/react-v18/webapp-desktop/static/js/biz.common.lib.19990328.js:0
[   64651ms] [WARNING] [i18n] missing key [en] WebApp_Login 1930 1930 @ https://lf16-tiktok-web.tiktokcdn-us.com/obj/tiktok-web-tx/tiktok/webapp/main/react-v18/webapp-desktop/static/js/biz.common.lib.19990328.js:0
[   64651ms] [WARNING] [i18n] missing key [en] WebApp_Login 1929 1929 @ https://lf16-tiktok-web.tiktokcdn-us.com/obj/tiktok-web-tx/tiktok/webapp/main/react-v18/webapp-desktop/static/js/biz.common.lib.19990328.js:0
[   64651ms] [WARNING] [i18n] missing key [en] WebApp_Login 1928 1928 @ https://lf16-tiktok-web.tiktokcdn-us.com/obj/tiktok-web-tx/tiktok/webapp/main/react-v18/webapp-desktop/static/js/biz.common.lib.19990328.js:0
[   64651ms] [WARNING] [i18n] missing key [en] WebApp_Login 1927 1927 @ https://lf16-tiktok-web.tiktokcdn-us.com/obj/tiktok-web-tx/tiktok/webapp/main/react-v18/webapp-desktop/static/js/biz.common.lib.19990328.js:0
[   64651ms] [WARNING] [i18n] missing key [en] WebApp_Login 1926 1926 @ https://lf16-tiktok-web.tiktokcdn-us.com/obj/tiktok-web-tx/tiktok/webapp/main/react-v18/webapp-desktop/static/js/biz.common.lib.19990328.js:0
[   64651ms] [WARNING] [i18n] missing key [en] WebApp_Login 1925 1925 @ https://lf16-tiktok-web.tiktokcdn-us.com/obj/tiktok-web-tx/tiktok/webapp/main/react-v18/webapp-desktop/static/js/biz.common.lib.19990328.js:0
[   64651ms] [WARNING] [i18n] missing key [en] WebApp_Login 1924 1924 @ https://lf16-tiktok-web.tiktokcdn-us.com/obj/tiktok-web-tx/tiktok/webapp/main/react-v18/webapp-desktop/static/js/biz.common.lib.19990328.js:0
[   64651ms] [WARNING] [i18n] missing key [en] WebApp_Login 1923 1923 @ https://lf16-tiktok-web.tiktokcdn-us.com/obj/tiktok-web-tx/tiktok/webapp/main/react-v18/webapp-desktop/static/js/biz.common.lib.19990328.js:0
[   64652ms] [WARNING] [i18n] missing key [en] WebApp_Login 1922 1922 @ https://lf16-tiktok-web.tiktokcdn-us.com/obj/tiktok-web-tx/tiktok/webapp/main/react-v18/webapp-desktop/static/js/biz.common.lib.19990328.js:0
[   64652ms] [WARNING] [i18n] missing key [en] WebApp_Login 1921 1921 @ https://lf16-tiktok-web.tiktokcdn-us.com/obj/tiktok-web-tx/tiktok/webapp/main/react-v18/webapp-desktop/static/js/biz.common.lib.19990328.js:0
[   64652ms] [WARNING] [i18n] missing key [en] WebApp_Login 1920 1920 @ https://lf16-tiktok-web.tiktokcdn-us.com/obj/tiktok-web-tx/tiktok/webapp/main/react-v18/webapp-desktop/static/js/biz.common.lib.19990328.js:0
[   64652ms] [WARNING] [i18n] missing key [en] WebApp_Login 1919 1919 @ https://lf16-tiktok-web.tiktokcdn-us.com/obj/tiktok-web-tx/tiktok/webapp/main/react-v18/webapp-desktop/static/js/biz.common.lib.19990328.js:0
[   64652ms] [WARNING] [i18n] missing key [en] WebApp_Login 1918 1918 @ https://lf16-tiktok-web.tiktokcdn-us.com/obj/tiktok-web-tx/tiktok/webapp/main/react-v18/webapp-desktop/static/js/biz.common.lib.19990328.js:0
[   64652ms] [WARNING] [i18n] missing key [en] WebApp_Login 1917 1917 @ https://lf16-tiktok-web.tiktokcdn-us.com/obj/tiktok-web-tx/tiktok/webapp/main/react-v18/webapp-desktop/static/js/biz.common.lib.19990328.js:0
[   64652ms] [WARNING] [i18n] missing key [en] WebApp_Login 1916 1916 @ https://lf16-tiktok-web.tiktokcdn-us.com/obj/tiktok-web-tx/tiktok/webapp/main/react-v18/webapp-desktop/static/js/biz.common.lib.19990328.js:0
[   64652ms] [WARNING] [i18n] missing key [en] WebApp_Login 1915 1915 @ https://lf16-tiktok-web.tiktokcdn-us.com/obj/tiktok-web-tx/tiktok/webapp/main/react-v18/webapp-desktop/static/js/biz.common.lib.19990328.js:0
[   64652ms] [WARNING] [i18n] missing key [en] WebApp_Login 1914 1914 @ https://lf16-tiktok-web.tiktokcdn-us.com/obj/tiktok-web-tx/tiktok/webapp/main/react-v18/webapp-desktop/static/js/biz.common.lib.19990328.js:0
[   64652ms] [WARNING] [i18n] missing key [en] WebApp_Login 1913 1913 @ https://lf16-tiktok-web.tiktokcdn-us.com/obj/tiktok-web-tx/tiktok/webapp/main/react-v18/webapp-desktop/static/js/biz.common.lib.19990328.js:0
[   64653ms] [WARNING] [i18n] missing key [en] WebApp_Login 1912 1912 @ https://lf16-tiktok-web.tiktokcdn-us.com/obj/tiktok-web-tx/tiktok/webapp/main/react-v18/webapp-desktop/static/js/biz.common.lib.19990328.js:0
[   64653ms] [WARNING] [i18n] missing key [en] WebApp_Login 1911 1911 @ https://lf16-tiktok-web.tiktokcdn-us.com/obj/tiktok-web-tx/tiktok/webapp/main/react-v18/webapp-desktop/static/js/biz.common.lib.19990328.js:0
[   64653ms] [WARNING] [i18n] missing key [en] WebApp_Login 1910 1910 @ https://lf16-tiktok-web.tiktokcdn-us.com/obj/tiktok-web-tx/tiktok/webapp/main/react-v18/webapp-desktop/static/js/biz.common.lib.19990328.js:0
[   64653ms] [WARNING] [i18n] missing key [en] WebApp_Login 1909 1909 @ https://lf16-tiktok-web.tiktokcdn-us.com/obj/tiktok-web-tx/tiktok/webapp/main/react-v18/webapp-desktop/static/js/biz.common.lib.19990328.js:0
[   64653ms] [WARNING] [i18n] missing key [en] WebApp_Login 1908 1908 @ https://lf16-tiktok-web.tiktokcdn-us.com/obj/tiktok-web-tx/tiktok/webapp/main/react-v18/webapp-desktop/static/js/biz.common.lib.19990328.js:0
[   64653ms] [WARNING] [i18n] missing key [en] WebApp_Login 1907 1907 @ https://lf16-tiktok-web.tiktokcdn-us.com/obj/tiktok-web-tx/tiktok/webapp/main/react-v18/webapp-desktop/static/js/biz.common.lib.19990328.js:0
[   64653ms] [WARNING] [i18n] missing key [en] WebApp_Login 1906 1906 @ https://lf16-tiktok-web.tiktokcdn-us.com/obj/tiktok-web-tx/tiktok/webapp/main/react-v18/webapp-desktop/static/js/biz.common.lib.19990328.js:0
[   64653ms] [WARNING] [i18n] missing key [en] WebApp_Login 1905 1905 @ https://lf16-tiktok-web.tiktokcdn-us.com/obj/tiktok-web-tx/tiktok/webapp/main/react-v18/webapp-desktop/static/js/biz.common.lib.19990328.js:0
[   64653ms] [WARNING] [i18n] missing key [en] WebApp_Login 1904 1904 @ https://lf16-tiktok-web.tiktokcdn-us.com/obj/tiktok-web-tx/tiktok/webapp/main/react-v18/webapp-desktop/static/js/biz.common.lib.19990328.js:0
[   64653ms] [WARNING] [i18n] missing key [en] WebApp_Login 1903 1903 @ https://lf16-tiktok-web.tiktokcdn-us.com/obj/tiktok-web-tx/tiktok/webapp/main/react-v18/webapp-desktop/static/js/biz.common.lib.19990328.js:0
[   64653ms] [WARNING] [i18n] missing key [en] WebApp_Login 1902 1902 @ https://lf16-tiktok-web.tiktokcdn-us.com/obj/tiktok-web-tx/tiktok/webapp/main/react-v18/webapp-desktop/static/js/biz.common.lib.19990328.js:0
[   64654ms] [WARNING] [i18n] missing key [en] WebApp_Login 1901 1901 @ https://lf16-tiktok-web.tiktokcdn-us.com/obj/tiktok-web-tx/tiktok/webapp/main/react-v18/webapp-desktop/static/js/biz.common.lib.19990328.js:0
[   64654ms] [WARNING] [i18n] missing key [en] WebApp_Login 1900 1900 @ https://lf16-tiktok-web.tiktokcdn-us.com/obj/tiktok-web-tx/tiktok/webapp/main/react-v18/webapp-desktop/static/js/biz.common.lib.19990328.js:0
