[     451ms] [INFO] Download the Vue Devtools extension for a better development experience:
https://github.com/vuejs/vue-devtools @ https://frontend-cf.cjdropshipping.com/egg/libs/vue-2.6.11/vue.js:9054
[     451ms] [INFO] You are running Vue in development mode.
Make sure to turn on production mode when deploying for production.
See more tips at https://vuejs.org/guide/deployment.html @ https://frontend-cf.cjdropshipping.com/egg/libs/vue-2.6.11/vue.js:9063
[     604ms] [WARNING] ########## load sentry production ########## @ https://frontend-cf.cjdropshipping.com/web-egg/2026-08-05-07-00-26/egg/script/cj-router.js:0
[     633ms] [LOG] 同步language到googtrans： /en/en @ https://frontend-cf.cjdropshipping.com/web-egg/2026-08-05-07-00-26/egg/script/cj-router.js:0
[     655ms] [LOG] %cpackages/mf-mycj-components/src/common/login-for-platform.ts:364 "registerLoginSuccessListener" is registered color: #007acc; registerLoginSuccessListener1s @ https://frontend-cf.cjdropshipping.com/web-egg/2026-08-05-07-00-26/egg/script/cj-router.js:0
[     844ms] [LOG] Content is cached for offline use. @ https://frontend-cf.cjdropshipping.com/web-egg/2026-08-05-07-00-26/egg/script/cj-router.js:0
[     914ms] [LOG] null {advertisingservice: Object, common: Object, darkPlatformLarge: Object, darkPlatformServiceLarge: Object, egg: Object} @ https://frontend-cf.cjdropshipping.com/web-egg/2026-08-05-07-00-26/egg/script/cj-router.js:0
[    1018ms] [LOG] useInternalReceptionVersion true @ https://frontend-cf.cjdropshipping.com/web-egg/2026-08-05-07-00-26/egg/script/cj-router.js:0
[    1108ms] [WARNING] ######## sentry enabled prod @ https://frontend-cf.cjdropshipping.com/chat/static/js/main.70745042.chunk.js:0
[    1131ms] [WARNING] ######## sentry enabled prod @ https://frontend-cf.cjdropshipping.com/chat/static/js/main.70745042.chunk.js:0
[    1596ms] [LOG] ai 组件加载完成 Module @ https://frontend-cf.cjdropshipping.com/chat/static/js/17.826b6a00.chunk.js:0
[    2064ms] [LOG] init load @ https://frontend-cf.cjdropshipping.com/web-egg/2026-08-05-07-00-26/egg/script/cj-router.js:0
[    2232ms] [LOG] sitecheck data:  {customerPage: https://www.cjdropshipping.com, favicon: https://frontend-cf.cjdropshipping.com/config-resource/cj/favicon.ico, fullName: CJdropshipping, platform: 2, platformName: CJ} en @ https://frontend-cf.cjdropshipping.com/chat/static/js/17.826b6a00.chunk.js:0
[    2233ms] [LOG] Get local store lang error: Cache expiration., try to get version server page lang. @ https://frontend-cf.cjdropshipping.com/chat/static/js/17.826b6a00.chunk.js:0
[    2533ms] [LOG] en [] false @ https://frontend-cf.cjdropshipping.com/chat/static/js/17.826b6a00.chunk.js:0
[    2810ms] [LOG] %c cj接收 => unReadCount  background:#41b883; color:#fff {sender: Object, message: Object} @ https://frontend-cf.cjdropshipping.com/chat/static/js/17.826b6a00.chunk.js:0
[    2815ms] [LOG] %c cj接收 => agentInfo  background:#41b883; color:#fff {sender: Object, message: Object} @ https://frontend-cf.cjdropshipping.com/chat/static/js/17.826b6a00.chunk.js:0
[    6089ms] [WARNING] single-spa minified message #1: See https://single-spa.js.org/error/?code=1 @ https://frontend-cf.cjdropshipping.com/chat/static/js/17.826b6a00.chunk.js:0
[    6114ms] [WARNING] single-spa minified message #1: See https://single-spa.js.org/error/?code=1 @ https://frontend-cf.cjdropshipping.com/chat/static/js/17.826b6a00.chunk.js:0
