[     623ms] [WARNING] Reflect is already polyfilled. @ https://lf16-tiktok-web.tiktokcdn-us.com/obj/tiktok-web-tx/tiktok/webapp/main/react-v18/webapp-desktop/static/js/webapp-desktop.c59939ee.js:0
[     640ms] [WARNING] AppContext will be overwritten @ https://lf16-tiktok-web.tiktokcdn-us.com/obj/tiktok-web-tx/tiktok/webapp/main/react-v18/webapp-desktop/static/js/webapp-desktop.c59939ee.js:0
[     640ms] [WARNING] AppContext will be overwritten @ https://lf16-tiktok-web.tiktokcdn-us.com/obj/tiktok-web-tx/tiktok/webapp/main/react-v18/webapp-desktop/static/js/webapp-desktop.c59939ee.js:0
[     640ms] [WARNING] AppContext will be overwritten @ https://lf16-tiktok-web.tiktokcdn-us.com/obj/tiktok-web-tx/tiktok/webapp/main/react-v18/webapp-desktop/static/js/webapp-desktop.c59939ee.js:0
[     641ms] [WARNING] AppContext will be overwritten @ https://lf16-tiktok-web.tiktokcdn-us.com/obj/tiktok-web-tx/tiktok/webapp/main/react-v18/webapp-desktop/static/js/webapp-desktop.c59939ee.js:0
[     641ms] [WARNING] AppContext will be overwritten @ https://lf16-tiktok-web.tiktokcdn-us.com/obj/tiktok-web-tx/tiktok/webapp/main/react-v18/webapp-desktop/static/js/webapp-desktop.c59939ee.js:0
[     641ms] [WARNING] AppContext will be overwritten @ https://lf16-tiktok-web.tiktokcdn-us.com/obj/tiktok-web-tx/tiktok/webapp/main/react-v18/webapp-desktop/static/js/webapp-desktop.c59939ee.js:0
[     654ms] [WARNING] AppContext will be overwritten @ https://lf16-tiktok-web.tiktokcdn-us.com/obj/tiktok-web-tx/tiktok/webapp/main/react-v18/webapp-desktop/static/js/webapp-desktop.c59939ee.js:0
[     656ms] [WARNING] AppContext will be overwritten @ https://lf16-tiktok-web.tiktokcdn-us.com/obj/tiktok-web-tx/tiktok/webapp/main/react-v18/webapp-desktop/static/js/webapp-desktop.c59939ee.js:0
[     656ms] [WARNING] loadable: `loadableReady()` requires state, please use `getScriptTags` or `getScriptElements` server-side @ https://lf16-tiktok-web.tiktokcdn-us.com/obj/tiktok-web-tx/tiktok/webapp/main/react-v18/webapp-desktop/static/js/50683.c510d297.js:1
[     661ms] [INFO] [slardar] pluginPathPrefix fallback to SlardarPluginPathPrefixVGeoMap.us: https://lf16-cdn-tos.tiktokcdn-us.com/obj/static-tx/slardar/fe/sdk-web/plugins @ https://lf16-tiktok-web.tiktokcdn-us.com/obj/tiktok-web-tx/tiktok/webapp/main/react-v18/webapp-desktop/static/js/biz.shared.kernel.init.aa8023c3.js:0
[     667ms] [LOG] %c %s color: yellow; background-color: black; [instance: default] appid: 1988, userInfo:{"user_unique_id":"7670772143512684045","user_type":12,"user_id":"7670773370384303117","user_is_login":true,"device_id":"7670772143512684045"} @ https://lf16-tiktok-web.tiktokcdn-us.com/obj/tiktok-web-tx/tiktok/webapp/main/react-v18/webapp-desktop/static/js/npm-dp-byted-tea-sdk-oversea.f4e273c4.js:0
[     667ms] [LOG] %c %s color: yellow; background-color: black; [instance: default] appid: 1988, sdk is ready, version is 5.3.17, you can report now !!! @ https://lf16-tiktok-web.tiktokcdn-us.com/obj/tiktok-web-tx/tiktok/webapp/main/react-v18/webapp-desktop/static/js/npm-dp-byted-tea-sdk-oversea.f4e273c4.js:0
[     815ms] [ERROR] Failed to load resource: the server responded with a status of 404 () @ https://www.tiktok.com/webapp-desktop/static/worker/multiple.worker-0.4.13.js:0
[     898ms] [INFO] . @ https://lf16-tiktok-web.tiktokcdn-us.com/obj/tiktok-web-tx/webmssdk/2.0.0.514/webmssdk.js:0
[     990ms] [WARNING] filter merge event: sibyl_sdk_collector_init_result error, pls check Converting circular structure to JSON
    --> starting at object with constructor 'e'
    |     property 'pluginInstances' -> object with constructor 'Array'
    |     index 0 -> object with constructor 'e'
    --- property 'collect' closes the circle @ https://lf16-tiktok-web.tiktokcdn-us.com/obj/tiktok-web-tx/tiktok/webapp/main/react-v18/webapp-desktop/static/js/npm-dp-byted-tea-sdk-oversea.f4e273c4.js:0
[     990ms] [LOG] %c %s color: yellow; background-color: black; [instance: sibylSdkTea] appid: 594856, userInfo:{"user_unique_id":"7670773519835678221","web_id":"7670773519835678221"} @ https://lf16-tiktok-web.tiktokcdn-us.com/obj/tiktok-web-tx/webmssdk/2.0.0.514/webmssdk.js:0
[     990ms] [LOG] %c %s color: yellow; background-color: black; [instance: sibylSdkTea] appid: 594856, sdk is ready, version is 5.3.17, you can report now !!! @ https://lf16-tiktok-web.tiktokcdn-us.com/obj/tiktok-web-tx/webmssdk/2.0.0.514/webmssdk.js:0
[    1022ms] [WARNING] [i18n] missing key [en] Webapp Close_button Close_button @ https://lf16-tiktok-web.tiktokcdn-us.com/obj/tiktok-web-tx/tiktok/webapp/main/react-v18/webapp-desktop/static/js/biz.common.lib.19990328.js:0
[    1022ms] [WARNING] The 'deprecatedStyle' prop is deprecated. Please use the associated style props instead (e.g. "marginInline", "flex") @ https://lf16-tiktok-web.tiktokcdn-us.com/obj/tiktok-web-tx/tiktok/webapp/main/react-v18/webapp-desktop/static/js/async/16119.4be2579f.js:0
[    1026ms] [WARNING] The 'deprecatedStyle' prop is deprecated. Please use the associated style props instead (e.g. "marginInline", "flex") @ https://lf16-tiktok-web.tiktokcdn-us.com/obj/tiktok-web-tx/tiktok/webapp/main/react-v18/webapp-desktop/static/js/async/16119.4be2579f.js:0
[    1042ms] [WARNING] The 'deprecatedStyle' prop is deprecated. Please use the associated style props instead (e.g. "marginInline", "flex") @ https://lf16-tiktok-web.tiktokcdn-us.com/obj/tiktok-web-tx/tiktok/webapp/main/react-v18/webapp-desktop/static/js/async/16119.4be2579f.js:0
[    1107ms] [LOG] [dynamicRemotesFromSnapshot]: Module @pns-fe/parental-control-vmok not found @ https://lf16-tiktok-web.tiktokcdn-us.com/obj/tiktok-web-tx/webmssdk/2.0.0.514/webmssdk.js:0
[    1164ms] [LOG] %c %s color: yellow; background-color: black; [instance: cookie_banner_tea_sdk] appid: 345918, userInfo:{"user_unique_id":"7670772147211716110","web_id":"7670772147211716110"} @ https://lf16-tiktok-web.tiktokcdn-us.com/obj/tiktok-web-tx/webmssdk/2.0.0.514/webmssdk.js:0
[    1165ms] [LOG] %c %s color: yellow; background-color: black; [instance: cookie_banner_tea_sdk] appid: 345918, sdk is ready, version is 5.3.17, you can report now !!! @ https://lf16-tiktok-web.tiktokcdn-us.com/obj/tiktok-web-tx/webmssdk/2.0.0.514/webmssdk.js:0
[    1223ms] [LOG] [Slardar] pns_cuj {} {name: PageContextNullException} @ https://lf16-tiktok-web.tiktokcdn-us.com/obj/tiktok-web-tx/webmssdk/2.0.0.514/webmssdk.js:0
[    1228ms] [WARNING] The 'deprecatedClassName' prop is deprecated. Please use the associated style props instead (e.g. "marginInline", "flex") @ https://lf16-tiktok-web.tiktokcdn-us.com/obj/tiktok-web-tx/tiktok/webapp/main/react-v18/webapp-desktop/static/js/async/16119.4be2579f.js:0
[    1228ms] [WARNING] The 'deprecatedStyle' prop is deprecated. Please use the associated style props instead (e.g. "marginInline", "flex") @ https://lf16-tiktok-web.tiktokcdn-us.com/obj/tiktok-web-tx/tiktok/webapp/main/react-v18/webapp-desktop/static/js/async/16119.4be2579f.js:0
[    1229ms] [WARNING] The 'deprecatedClassName' prop is deprecated. Please use the associated style props instead (e.g. "marginInline", "flex") @ https://lf16-tiktok-web.tiktokcdn-us.com/obj/tiktok-web-tx/tiktok/webapp/main/react-v18/webapp-desktop/static/js/async/16119.4be2579f.js:0
[    1229ms] [WARNING] The 'deprecatedStyle' prop is deprecated. Please use the associated style props instead (e.g. "marginInline", "flex") @ https://lf16-tiktok-web.tiktokcdn-us.com/obj/tiktok-web-tx/tiktok/webapp/main/react-v18/webapp-desktop/static/js/async/16119.4be2579f.js:0
[    1234ms] [LOG] [Tea] pns_tpsc_page_enter {enter_from: privacy_and_safety_settings, page_tag: main, page_type: page} @ https://lf16-tiktok-web.tiktokcdn-us.com/obj/tiktok-web-tx/webmssdk/2.0.0.514/webmssdk.js:0
[    1263ms] [WARNING] The 'deprecatedClassName' prop is deprecated. Please use the associated style props instead (e.g. "marginInline", "flex") @ https://lf16-tiktok-web.tiktokcdn-us.com/obj/tiktok-web-tx/tiktok/webapp/main/react-v18/webapp-desktop/static/js/async/16119.4be2579f.js:0
[    1263ms] [WARNING] The 'deprecatedStyle' prop is deprecated. Please use the associated style props instead (e.g. "marginInline", "flex") @ https://lf16-tiktok-web.tiktokcdn-us.com/obj/tiktok-web-tx/tiktok/webapp/main/react-v18/webapp-desktop/static/js/async/16119.4be2579f.js:0
[    1263ms] [WARNING] The 'deprecatedClassName' prop is deprecated. Please use the associated style props instead (e.g. "marginInline", "flex") @ https://lf16-tiktok-web.tiktokcdn-us.com/obj/tiktok-web-tx/tiktok/webapp/main/react-v18/webapp-desktop/static/js/async/16119.4be2579f.js:0
[    1263ms] [WARNING] The 'deprecatedStyle' prop is deprecated. Please use the associated style props instead (e.g. "marginInline", "flex") @ https://lf16-tiktok-web.tiktokcdn-us.com/obj/tiktok-web-tx/tiktok/webapp/main/react-v18/webapp-desktop/static/js/async/16119.4be2579f.js:0
[    1285ms] [WARNING] The 'deprecatedClassName' prop is deprecated. Please use the associated style props instead (e.g. "marginInline", "flex") @ https://lf16-tiktok-web.tiktokcdn-us.com/obj/tiktok-web-tx/tiktok/webapp/main/react-v18/webapp-desktop/static/js/async/16119.4be2579f.js:0
[    1285ms] [WARNING] The 'deprecatedStyle' prop is deprecated. Please use the associated style props instead (e.g. "marginInline", "flex") @ https://lf16-tiktok-web.tiktokcdn-us.com/obj/tiktok-web-tx/tiktok/webapp/main/react-v18/webapp-desktop/static/js/async/16119.4be2579f.js:0
[    1285ms] [WARNING] The 'deprecatedClassName' prop is deprecated. Please use the associated style props instead (e.g. "marginInline", "flex") @ https://lf16-tiktok-web.tiktokcdn-us.com/obj/tiktok-web-tx/tiktok/webapp/main/react-v18/webapp-desktop/static/js/async/16119.4be2579f.js:0
[    1285ms] [WARNING] The 'deprecatedStyle' prop is deprecated. Please use the associated style props instead (e.g. "marginInline", "flex") @ https://lf16-tiktok-web.tiktokcdn-us.com/obj/tiktok-web-tx/tiktok/webapp/main/react-v18/webapp-desktop/static/js/async/16119.4be2579f.js:0
[    1300ms] [LOG] [dynamicRemotesFromSnapshot]: Module @pns-fe/keyword-filtering-vmok not found @ https://lf16-tiktok-web.tiktokcdn-us.com/obj/tiktok-web-tx/webmssdk/2.0.0.514/webmssdk.js:0
[    1316ms] [WARNING] Reflect is already polyfilled. @ https://lf16-tiktok-web.tiktokcdn-us.com/obj/tiktok-web-tx/tiktok/web/tiktok_fe_login_vmok/static/js/async/1972.0276f698.js:0
[    1343ms] [WARNING] The 'deprecatedStyle' prop is deprecated. Please use the associated style props instead (e.g. "marginInline", "flex") @ https://lf16-tiktok-web.tiktokcdn-us.com/obj/tiktok-web-tx/tiktok/webapp/main/react-v18/webapp-desktop/static/js/async/16119.4be2579f.js:0
[    1369ms] [INFO] Banner not shown: beforeinstallpromptevent.preventDefault() called. The page must call beforeinstallpromptevent.prompt() to show the banner. @ https://www.tiktok.com/setting?lang=es:0
[    1370ms] [ERROR] get is admin org account error:  error @ https://lf16-tiktok-web.tiktokcdn-us.com/obj/tiktok-web-tx/tiktok/webapp/main/react-v18/webapp-desktop/static/js/webapp-desktop.c59939ee.js:0
[    1376ms] [WARNING] The 'deprecatedClassName' prop is deprecated. Please use the associated style props instead (e.g. "marginInline", "flex") @ https://lf16-tiktok-web.tiktokcdn-us.com/obj/tiktok-web-tx/tiktok/webapp/main/react-v18/webapp-desktop/static/js/async/16119.4be2579f.js:0
[    1376ms] [WARNING] The 'deprecatedStyle' prop is deprecated. Please use the associated style props instead (e.g. "marginInline", "flex") @ https://lf16-tiktok-web.tiktokcdn-us.com/obj/tiktok-web-tx/tiktok/webapp/main/react-v18/webapp-desktop/static/js/async/16119.4be2579f.js:0
[    1376ms] [WARNING] The 'deprecatedClassName' prop is deprecated. Please use the associated style props instead (e.g. "marginInline", "flex") @ https://lf16-tiktok-web.tiktokcdn-us.com/obj/tiktok-web-tx/tiktok/webapp/main/react-v18/webapp-desktop/static/js/async/16119.4be2579f.js:0
[    1376ms] [WARNING] The 'deprecatedStyle' prop is deprecated. Please use the associated style props instead (e.g. "marginInline", "flex") @ https://lf16-tiktok-web.tiktokcdn-us.com/obj/tiktok-web-tx/tiktok/webapp/main/react-v18/webapp-desktop/static/js/async/16119.4be2579f.js:0
[    1391ms] [LOG] %cAccountApi Version >>>>%O background: #222; color: #bada55 2.1.13-tiktok @ https://lf16-tiktok-web.tiktokcdn-us.com/obj/tiktok-web-tx/webmssdk/2.0.0.514/webmssdk.js:0
[    1392ms] [LOG] >> lang es @ https://lf16-tiktok-web.tiktokcdn-us.com/obj/tiktok-web-tx/webmssdk/2.0.0.514/webmssdk.js:0
[    1392ms] [LOG] >>> twv I18n isInitialized true @ https://lf16-tiktok-web.tiktokcdn-us.com/obj/tiktok-web-tx/webmssdk/2.0.0.514/webmssdk.js:0
[    1399ms] [LOG] ===> verify_msh0ux0c_Wg9V227h_g3yf_4oho_9dRP_ztclE3LQbF2O @ https://lf16-tiktok-web.tiktokcdn-us.com/obj/tiktok-web-tx/webmssdk/2.0.0.514/webmssdk.js:0
[    1399ms] [LOG] ===> verify_msh0ux0c_Wg9V227h_g3yf_4oho_9dRP_ztclE3LQbF2O @ https://lf16-tiktok-web.tiktokcdn-us.com/obj/tiktok-web-tx/webmssdk/2.0.0.514/webmssdk.js:0
[    1401ms] [LOG] ws.opened @ https://lf16-tiktok-web.tiktokcdn-us.com/obj/tiktok-web-tx/webmssdk/2.0.0.514/webmssdk.js:0
[    1405ms] Uncaught (in promise) TypeError: a.init is not a function
    at <anonymous> (https://lf16-tiktok-web.tiktokcdn-us.com/obj/tiktok-web-tx/tiktok/webapp/main/react-v18/webapp-desktop/static/js/async/64887.91e0025f.js:1:544240)
    at l (https://lf16-tiktok-web.tiktokcdn-us.com/obj/tiktok-web-tx/tiktok/webapp/main/react-v18/webapp-desktop/static/js/async/64887.91e0025f.js:1:537334)
    at <anonymous> (https://lf16-tiktok-web.tiktokcdn-us.com/obj/tiktok-web-tx/tiktok/webapp/main/react-v18/webapp-desktop/static/js/async/64887.91e0025f.js:1:538691)
    at <anonymous> (https://lf16-tiktok-web.tiktokcdn-us.com/obj/tiktok-web-tx/tiktok/webapp/main/react-v18/webapp-desktop/static/js/async/64887.91e0025f.js:1:537727)
    at <anonymous> (https://lf16-tiktok-web.tiktokcdn-us.com/obj/tiktok-web-tx/tiktok/webapp/main/react-v18/webapp-desktop/static/js/50683.c510d297.js:4:166863)
    at p (https://lf16-tiktok-web.tiktokcdn-us.com/obj/tiktok-web-tx/tiktok/webapp/main/react-v18/webapp-desktop/static/js/50683.c510d297.js:4:166660)
    at value (https://lf16-tiktok-web.tiktokcdn-us.com/obj/tiktok-web-tx/tiktok/webapp/main/react-v18/webapp-desktop/static/js/async/64887.91e0025f.js:1:543780)
    at value (https://lf16-tiktok-web.tiktokcdn-us.com/obj/tiktok-web-tx/tiktok/webapp/main/react-v18/webapp-desktop/static/js/async/64887.91e0025f.js:1:543659)
    at <anonymous> (https://lf16-tiktok-web.tiktokcdn-us.com/obj/tiktok-web-tx/tiktok/webapp/main/react-v18/webapp-desktop/static/js/async/64887.91e0025f.js:1:616448)
    at l (https://lf16-tiktok-web.tiktokcdn-us.com/obj/tiktok-web-tx/tiktok/webapp/main/react-v18/webapp-desktop/static/js/async/64887.91e0025f.js:1:608637)
    at <anonymous> (https://lf16-tiktok-web.tiktokcdn-us.com/obj/tiktok-web-tx/tiktok/webapp/main/react-v18/webapp-desktop/static/js/async/64887.91e0025f.js:1:609994)
    at <anonymous> (https://lf16-tiktok-web.tiktokcdn-us.com/obj/tiktok-web-tx/tiktok/webapp/main/react-v18/webapp-desktop/static/js/async/64887.91e0025f.js:1:609030)
    at a (https://lf16-tiktok-web.tiktokcdn-us.com/obj/tiktok-web-tx/tiktok/webapp/main/react-v18/webapp-desktop/static/js/50683.c510d297.js:4:166716)
[    1491ms] [LOG] [PNS] get unified config response {configs: {"comment_permission":{"contents":[{"items":[{"ite…":"remix_reuse_permission","page_title":"Remix"}}, extra: Object, log_pb: Object, status_code: 0, status_msg: } @ https://lf16-tiktok-web.tiktokcdn-us.com/obj/tiktok-web-tx/webmssdk/2.0.0.514/webmssdk.js:0
[    1497ms] [WARNING] The 'deprecatedClassName' prop is deprecated. Please use the associated style props instead (e.g. "marginInline", "flex") @ https://lf16-tiktok-web.tiktokcdn-us.com/obj/tiktok-web-tx/tiktok/webapp/main/react-v18/webapp-desktop/static/js/async/16119.4be2579f.js:0
[    1497ms] [WARNING] The 'deprecatedStyle' prop is deprecated. Please use the associated style props instead (e.g. "marginInline", "flex") @ https://lf16-tiktok-web.tiktokcdn-us.com/obj/tiktok-web-tx/tiktok/webapp/main/react-v18/webapp-desktop/static/js/async/16119.4be2579f.js:0
[    1497ms] [WARNING] The 'deprecatedClassName' prop is deprecated. Please use the associated style props instead (e.g. "marginInline", "flex") @ https://lf16-tiktok-web.tiktokcdn-us.com/obj/tiktok-web-tx/tiktok/webapp/main/react-v18/webapp-desktop/static/js/async/16119.4be2579f.js:0
[    1497ms] [WARNING] The 'deprecatedStyle' prop is deprecated. Please use the associated style props instead (e.g. "marginInline", "flex") @ https://lf16-tiktok-web.tiktokcdn-us.com/obj/tiktok-web-tx/tiktok/webapp/main/react-v18/webapp-desktop/static/js/async/16119.4be2579f.js:0
[    1629ms] [LOG] [Tea] pns_tpsc_item_show {page_tag: main, enter_from: privacy_and_safety_settings, page_type: page, item_type: Disclosure, item_name: direct_message_entrance} @ https://lf16-tiktok-web.tiktokcdn-us.com/obj/tiktok-web-tx/webmssdk/2.0.0.514/webmssdk.js:0
[    1757ms] [WARNING] The 'deprecatedClassName' prop is deprecated. Please use the associated style props instead (e.g. "marginInline", "flex") @ https://lf16-tiktok-web.tiktokcdn-us.com/obj/tiktok-web-tx/tiktok/webapp/main/react-v18/webapp-desktop/static/js/async/16119.4be2579f.js:0
[    1757ms] [WARNING] The 'deprecatedStyle' prop is deprecated. Please use the associated style props instead (e.g. "marginInline", "flex") @ https://lf16-tiktok-web.tiktokcdn-us.com/obj/tiktok-web-tx/tiktok/webapp/main/react-v18/webapp-desktop/static/js/async/16119.4be2579f.js:0
[    1757ms] [WARNING] The 'deprecatedClassName' prop is deprecated. Please use the associated style props instead (e.g. "marginInline", "flex") @ https://lf16-tiktok-web.tiktokcdn-us.com/obj/tiktok-web-tx/tiktok/webapp/main/react-v18/webapp-desktop/static/js/async/16119.4be2579f.js:0
[    1757ms] [WARNING] The 'deprecatedStyle' prop is deprecated. Please use the associated style props instead (e.g. "marginInline", "flex") @ https://lf16-tiktok-web.tiktokcdn-us.com/obj/tiktok-web-tx/tiktok/webapp/main/react-v18/webapp-desktop/static/js/async/16119.4be2579f.js:0
[    1826ms] [WARNING] The 'deprecatedClassName' prop is deprecated. Please use the associated style props instead (e.g. "marginInline", "flex") @ https://lf16-tiktok-web.tiktokcdn-us.com/obj/tiktok-web-tx/tiktok/webapp/main/react-v18/webapp-desktop/static/js/async/16119.4be2579f.js:0
[    1826ms] [WARNING] The 'deprecatedStyle' prop is deprecated. Please use the associated style props instead (e.g. "marginInline", "flex") @ https://lf16-tiktok-web.tiktokcdn-us.com/obj/tiktok-web-tx/tiktok/webapp/main/react-v18/webapp-desktop/static/js/async/16119.4be2579f.js:0
[    1826ms] [WARNING] The 'deprecatedClassName' prop is deprecated. Please use the associated style props instead (e.g. "marginInline", "flex") @ https://lf16-tiktok-web.tiktokcdn-us.com/obj/tiktok-web-tx/tiktok/webapp/main/react-v18/webapp-desktop/static/js/async/16119.4be2579f.js:0
[    1826ms] [WARNING] The 'deprecatedStyle' prop is deprecated. Please use the associated style props instead (e.g. "marginInline", "flex") @ https://lf16-tiktok-web.tiktokcdn-us.com/obj/tiktok-web-tx/tiktok/webapp/main/react-v18/webapp-desktop/static/js/async/16119.4be2579f.js:0
[    2052ms] [LOG] [PNS] get restriction setting and effected count response {extra: Object, log_pb: Object, privacy_restriction: Object, privacy_settings: Object, status_code: 0} {extra: Object, log_pb: Object, no_pa_control_settings: Object, status_code: 0, status_msg: } @ https://lf16-tiktok-web.tiktokcdn-us.com/obj/tiktok-web-tx/webmssdk/2.0.0.514/webmssdk.js:0
[    2057ms] [LOG] [Slardar] pns_cuj {} {name: PageContextNullException} @ https://lf16-tiktok-web.tiktokcdn-us.com/obj/tiktok-web-tx/webmssdk/2.0.0.514/webmssdk.js:0
[    2061ms] [LOG] [Tea] pns_tpsc_item_show {page_tag: main, enter_from: privacy_and_safety_settings, page_type: page, item_type: Switch, item_name: private_account_item} @ https://lf16-tiktok-web.tiktokcdn-us.com/obj/tiktok-web-tx/webmssdk/2.0.0.514/webmssdk.js:0
[    2062ms] [LOG] [Tea] pns_tpsc_item_show {page_tag: main, enter_from: privacy_and_safety_settings, page_type: page, item_type: Disclosure, item_name: comment_entrance} @ https://lf16-tiktok-web.tiktokcdn-us.com/obj/tiktok-web-tx/webmssdk/2.0.0.514/webmssdk.js:0
[   14785ms] [WARNING] The resource https://lf16-tiktok-web.tiktokcdn-us.com/obj/tiktok-web-tx/tiktok/web/pns_fe_keyword_filtering_vmok/static/js/async/126.c9a90670.js was preloaded using link preload but not used within a few seconds from the window's load event. Please make sure it has an appropriate `as` value and it is preloaded intentionally. @ https://www.tiktok.com/setting?lang=es:0
[   14785ms] [WARNING] The resource https://lf16-tiktok-web.tiktokcdn-us.com/obj/tiktok-web-tx/tiktok/web/pns_fe_parental_control_vmok/static/js/async/lib-axios.56c5f961.js was preloaded using link preload but not used within a few seconds from the window's load event. Please make sure it has an appropriate `as` value and it is preloaded intentionally. @ https://www.tiktok.com/setting?lang=es:0
[   14785ms] [WARNING] The resource https://lf16-tiktok-web.tiktokcdn-us.com/obj/tiktok-web-tx/tiktok/web/pns_fe_keyword_filtering_vmok/static/js/async/606.7a63198e.js was preloaded using link preload but not used within a few seconds from the window's load event. Please make sure it has an appropriate `as` value and it is preloaded intentionally. @ https://www.tiktok.com/setting?lang=es:0
[   14785ms] [WARNING] The resource https://lf16-tiktok-web.tiktokcdn-us.com/obj/tiktok-web-tx/tiktok/web/pns_fe_keyword_filtering_vmok/static/css/async/__federation_expose_entry_react_bridge.569a7521.css was preloaded using link preload but not used within a few seconds from the window's load event. Please make sure it has an appropriate `as` value and it is preloaded intentionally. @ https://www.tiktok.com/setting?lang=es:0
[   14785ms] [WARNING] The resource https://lf16-tiktok-web.tiktokcdn-us.com/obj/tiktok-web-tx/tiktok/web/pns_fe_keyword_filtering_vmok/static/js/async/752.8dc09088.js was preloaded using link preload but not used within a few seconds from the window's load event. Please make sure it has an appropriate `as` value and it is preloaded intentionally. @ https://www.tiktok.com/setting?lang=es:0
[   14785ms] [WARNING] The resource https://lf16-tiktok-web.tiktokcdn-us.com/obj/tiktok-web-tx/tiktok/web/pns_fe_keyword_filtering_vmok/static/js/async/async-main.25610a11.js was preloaded using link preload but not used within a few seconds from the window's load event. Please make sure it has an appropriate `as` value and it is preloaded intentionally. @ https://www.tiktok.com/setting?lang=es:0
[   14785ms] [WARNING] The resource https://lf16-tiktok-web.tiktokcdn-us.com/obj/tiktok-web-tx/tiktok/web/pns_fe_keyword_filtering_vmok/static/js/async/lib-router.46d8bbc0.js was preloaded using link preload but not used within a few seconds from the window's load event. Please make sure it has an appropriate `as` value and it is preloaded intentionally. @ https://www.tiktok.com/setting?lang=es:0
[   14785ms] [WARNING] The resource https://lf16-tiktok-web.tiktokcdn-us.com/obj/tiktok-web-tx/tiktok/web/pns_fe_keyword_filtering_vmok/static/js/async/587.eafa5f92.js was preloaded using link preload but not used within a few seconds from the window's load event. Please make sure it has an appropriate `as` value and it is preloaded intentionally. @ https://www.tiktok.com/setting?lang=es:0
[   14785ms] [WARNING] The resource https://lf16-tiktok-web.tiktokcdn-us.com/obj/tiktok-web-tx/tiktok/web/pns_fe_keyword_filtering_vmok/static/js/async/593.f09ae1b5.js was preloaded using link preload but not used within a few seconds from the window's load event. Please make sure it has an appropriate `as` value and it is preloaded intentionally. @ https://www.tiktok.com/setting?lang=es:0
[   14785ms] [WARNING] The resource https://lf16-tiktok-web.tiktokcdn-us.com/obj/tiktok-web-tx/tiktok/web/pns_fe_parental_control_vmok/static/js/lib-polyfill.5e52839d.js was preloaded using link preload but not used within a few seconds from the window's load event. Please make sure it has an appropriate `as` value and it is preloaded intentionally. @ https://www.tiktok.com/setting?lang=es:0
[   14785ms] [WARNING] The resource https://lf16-tiktok-web.tiktokcdn-us.com/obj/tiktok-web-tx/tiktok/web/pns_fe_keyword_filtering_vmok/static/js/async/273.61871fe6.js was preloaded using link preload but not used within a few seconds from the window's load event. Please make sure it has an appropriate `as` value and it is preloaded intentionally. @ https://www.tiktok.com/setting?lang=es:0
[   14785ms] [WARNING] The resource https://lf16-tiktok-web.tiktokcdn-us.com/obj/tiktok-web-tx/tiktok/web/pns_fe_parental_control_vmok/static/js/async/9678.ae39123c.js was preloaded using link preload but not used within a few seconds from the window's load event. Please make sure it has an appropriate `as` value and it is preloaded intentionally. @ https://www.tiktok.com/setting?lang=es:0
[   14785ms] [WARNING] The resource https://lf16-tiktok-web.tiktokcdn-us.com/obj/tiktok-web-tx/tiktok/web/pns_fe_parental_control_vmok/static/js/async/__federation_expose_main.1a07efe8.js was preloaded using link preload but not used within a few seconds from the window's load event. Please make sure it has an appropriate `as` value and it is preloaded intentionally. @ https://www.tiktok.com/setting?lang=es:0
[   14785ms] [WARNING] The resource https://lf16-tiktok-web.tiktokcdn-us.com/obj/tiktok-web-tx/tiktok/web/pns_fe_keyword_filtering_vmok/static/js/async/__federation_expose_entry_react_bridge.247b132d.js was preloaded using link preload but not used within a few seconds from the window's load event. Please make sure it has an appropriate `as` value and it is preloaded intentionally. @ https://www.tiktok.com/setting?lang=es:0
[   14785ms] [WARNING] The resource https://lf16-tiktok-web.tiktokcdn-us.com/obj/tiktok-web-tx/tiktok/web/pns_fe_parental_control_vmok/static/js/async/lib-router.369091d5.js was preloaded using link preload but not used within a few seconds from the window's load event. Please make sure it has an appropriate `as` value and it is preloaded intentionally. @ https://www.tiktok.com/setting?lang=es:0
[   14785ms] [WARNING] The resource https://lf16-tiktok-web.tiktokcdn-us.com/obj/tiktok-web-tx/tiktok/web/pns_fe_keyword_filtering_vmok/static/js/async/argus-builder-strategy.a3264b45.js was preloaded using link preload but not used within a few seconds from the window's load event. Please make sure it has an appropriate `as` value and it is preloaded intentionally. @ https://www.tiktok.com/setting?lang=es:0
[   14785ms] [WARNING] The resource https://lf16-tiktok-web.tiktokcdn-us.com/obj/tiktok-web-tx/tiktok/web/pns_fe_keyword_filtering_vmok/static/js/async/lib-axios.8c284c11.js was preloaded using link preload but not used within a few seconds from the window's load event. Please make sure it has an appropriate `as` value and it is preloaded intentionally. @ https://www.tiktok.com/setting?lang=es:0
[   14785ms] [WARNING] The resource https://lf16-tiktok-web.tiktokcdn-us.com/obj/tiktok-web-tx/tiktok/web/pns_fe_keyword_filtering_vmok/static/js/lib-polyfill.2d9206bd.js was preloaded using link preload but not used within a few seconds from the window's load event. Please make sure it has an appropriate `as` value and it is preloaded intentionally. @ https://www.tiktok.com/setting?lang=es:0
[   14785ms] [WARNING] The resource https://lf16-tiktok-web.tiktokcdn-us.com/obj/tiktok-web-tx/tiktok/web/pns_fe_parental_control_vmok/static/css/async/3139.a5a9f032.css was preloaded using link preload but not used within a few seconds from the window's load event. Please make sure it has an appropriate `as` value and it is preloaded intentionally. @ https://www.tiktok.com/setting?lang=es:0
[   14785ms] [WARNING] The resource https://lf16-tiktok-web.tiktokcdn-us.com/obj/tiktok-web-tx/tiktok/web/pns_fe_parental_control_vmok/static/js/async/778.beddb8c0.js was preloaded using link preload but not used within a few seconds from the window's load event. Please make sure it has an appropriate `as` value and it is preloaded intentionally. @ https://www.tiktok.com/setting?lang=es:0
[   14785ms] [WARNING] The resource https://lf16-tiktok-web.tiktokcdn-us.com/obj/tiktok-web-tx/tiktok/web/pns_fe_parental_control_vmok/static/js/async/3139.dafaa0fc.js was preloaded using link preload but not used within a few seconds from the window's load event. Please make sure it has an appropriate `as` value and it is preloaded intentionally. @ https://www.tiktok.com/setting?lang=es:0
[   14785ms] [WARNING] The resource https://lf16-tiktok-web.tiktokcdn-us.com/obj/tiktok-web-tx/tiktok/web/pns_fe_keyword_filtering_vmok/static/css/async/126.f1acf961.css was preloaded using link preload but not used within a few seconds from the window's load event. Please make sure it has an appropriate `as` value and it is preloaded intentionally. @ https://www.tiktok.com/setting?lang=es:0
[   14785ms] [WARNING] The resource https://lf16-tiktok-web.tiktokcdn-us.com/obj/tiktok-web-tx/tiktok/web/pns_fe_parental_control_vmok/static/css/async/__federation_expose_main.abb44d39.css was preloaded using link preload but not used within a few seconds from the window's load event. Please make sure it has an appropriate `as` value and it is preloaded intentionally. @ https://www.tiktok.com/setting?lang=es:0
