[     136ms] [INFO] Download the Vue Devtools extension for a better development experience:
https://github.com/vuejs/vue-devtools @ https://frontend-cf.cjdropshipping.com/egg/libs/vue-2.6.11/vue.js:9054
[     136ms] [INFO] You are running Vue in development mode.
Make sure to turn on production mode when deploying for production.
See more tips at https://vuejs.org/guide/deployment.html @ https://frontend-cf.cjdropshipping.com/egg/libs/vue-2.6.11/vue.js:9063
[     333ms] [WARNING] A <select> tag was parsed within another <select> tag and was converted into </select>. Please add the missing </select> end tag. @ https://www.cjdropshipping.com/loancredit:698
[     333ms] [WARNING] A <select> tag was parsed within another <select> tag and was converted into </select>. Please add the missing </select> end tag. @ https://www.cjdropshipping.com/loancredit:745
[     451ms] [WARNING] ########## load sentry production ########## @ https://frontend-cf.cjdropshipping.com/web-egg/2026-08-08-08-47-59/egg/script/cj-router.js:0
[     488ms] [LOG] 同步language到googtrans： /en/es @ https://frontend-cf.cjdropshipping.com/web-egg/2026-08-08-08-47-59/egg/script/cj-router.js:0
[     523ms] [LOG] %cpackages/mf-mycj-components/src/common/login-for-platform.ts:364 "registerLoginSuccessListener" is registered color: #007acc; registerLoginSuccessListener1s @ https://frontend-cf.cjdropshipping.com/web-egg/2026-08-08-08-47-59/egg/script/cj-router.js:0
[     587ms] [ERROR] Failed to load resource: net::ERR_NETWORK_CHANGED @ https://analytics.tiktok.com/i18n/pixel/events.js?sdkid=CLFH9ABC77U3CGPHMVJ0&lib=ttq:0
[     587ms] [ERROR] Failed to load resource: net::ERR_NETWORK_CHANGED @ https://analytics.tiktok.com/i18n/pixel/events.js?sdkid=CV93BHBC77UBK441U280&lib=ttq:0
[     587ms] [ERROR] Failed to load resource: net::ERR_NAME_NOT_RESOLVED @ https://sentry.cjdropshipping.cn/api/2/envelope/?sentry_key=44d197620d194cca9a04f0abfda85a38&sentry_version=7:0
[     632ms] [WARNING] Notifications permission has been blocked as the user has dismissed the permission prompt several times. This can be reset in Page Info which can be accessed by clicking the tune icon next to the URL. See https://www.chromestatus.com/feature/6443143280984064 for more information. @ https://www.cjdropshipping.com/loancredit:0
[     879ms] [WARNING] ######## sentry enabled prod @ https://frontend-cf.cjdropshipping.com/chat/static/js/main.70745042.chunk.js:0
[    1247ms] [LOG] ai 组件加载完成 Module @ https://frontend-cf.cjdropshipping.com/chat/static/js/17.826b6a00.chunk.js:0
[    1855ms] [LOG] init load @ https://frontend-cf.cjdropshipping.com/web-egg/2026-08-08-08-47-59/egg/script/cj-router.js:0
[    2032ms] [LOG] 从 Dexie 缓存获取站点配置: chat.cjdropshipping.com @ https://frontend-cf.cjdropshipping.com/chat/static/js/17.826b6a00.chunk.js:0
[    2032ms] [LOG] sitecheck data:  {customerPage: https://www.cjdropshipping.com, favicon: https://frontend-cf.cjdropshipping.com/config-resource/cj/favicon.ico, fullName: CJdropshipping, platform: 2, platformName: CJ} en @ https://frontend-cf.cjdropshipping.com/chat/static/js/17.826b6a00.chunk.js:0
[    2058ms] [LOG] en [] false @ https://frontend-cf.cjdropshipping.com/chat/static/js/17.826b6a00.chunk.js:0
[    2367ms] [LOG] %c cj接收 => unReadCount  background:#41b883; color:#fff {sender: Object, message: Object} @ https://frontend-cf.cjdropshipping.com/chat/static/js/17.826b6a00.chunk.js:0
[    5860ms] [WARNING] single-spa minified message #1: See https://single-spa.js.org/error/?code=1 @ https://frontend-cf.cjdropshipping.com/chat/static/js/17.826b6a00.chunk.js:0
[   41641ms] [LOG] 页面非激活 @ https://frontend-cf.cjdropshipping.com/web-egg/2026-08-08-08-47-59/egg/script/cj-router.js:0
