[    1115ms] [ERROR] Failed to load resource: the server responded with a status of 404 () @ https://www.cjdropshipping.com/404:0
[    1382ms] [WARNING] ########## load sentry production ########## @ https://frontend-cf.cjdropshipping.com/web-egg/2026-08-05-07-00-26/egg/script/commonScriptImport.js:0
[    1721ms] [LOG] 同步language到googtrans： /en/en @ https://frontend-cf.cjdropshipping.com/web-egg/2026-08-05-07-00-26/egg/script/commonScriptImport.js:0
[    2020ms] [LOG] 同步language到googtrans： /en/en @ https://frontend-cf.cjdropshipping.com/web-egg/2026-08-05-07-00-26/egg/script/commonScriptImport.js:0
[    2021ms] [LOG] 404Ctrl @ https://frontend-cf.cjdropshipping.com/web-egg/2026-08-05-07-00-26/egg/script/commonScriptImport.js:0
[    2021ms] [LOG] true @ https://frontend-cf.cjdropshipping.com/web-egg/2026-08-05-07-00-26/egg/script/commonScriptImport.js:0
[    2022ms] [LOG] {iscj: 1} @ https://frontend-cf.cjdropshipping.com/web-egg/2026-08-05-07-00-26/egg/script/commonScriptImport.js:0
[    2067ms] [LOG] SyntaxError: Unexpected end of JSON input
    at JSON.parse (<anonymous>)
    at JSON.parse (https://frontend-cf.cjdropshipping.com/web-egg/2026-08-05-07-00-26/static/singleJs/base.js:15467:27)
    at r.getSessionIdFromCache (https://analytics.tiktok.com/i18n/pixel/static/main.MTAwMWEwYTFlOQ.js:1:170337)
    at r.initPageSign (https://analytics.tiktok.com/i18n/pixel/static/main.MTAwMWEwYTFlOQ.js:1:174234)
    at new e (https://analytics.tiktok.com/i18n/pixel/static/main.MTAwMWEwYTFlOQ.js:1:169983)
    at e.createInstance (https://analytics.tiktok.com/i18n/pixel/static/main.MTAwMWEwYTFlOQ.js:1:98538)
    at e.get (https://analytics.tiktok.com/i18n/pixel/static/main.MTAwMWEwYTFlOQ.js:1:98227)
    at https://analytics.tiktok.com/i18n/pixel/static/main.MTAwMWEwYTFlOQ.js:1:98472
    at Array.map (<anonymous>)
    at e.createInstance (https://analytics.tiktok.com/i18n/pixel/static/main.MTAwMWEwYTFlOQ.js:1:98443)
    at e.get (https://analytics.tiktok.com/i18n/pixel/static/main.MTAwMWEwYTFlOQ.js:1:98227)
    at sk (https://analytics.tiktok.com/i18n/pixel/static/main.MTAwMWEwYTFlOQ.js:1:529951)
    at sM (https://analytics.tiktok.com/i18n/pixel/static/main.MTAwMWEwYTFlOQ.js:1:530083)
    at https://analytics.tiktok.com/i18n/pixel/static/main.MTAwMWEwYTFlOQ.js:1:534714
    at https://analytics.tiktok.com/i18n/pixel/static/main.MTAwMWEwYTFlOQ.js:1:535933
    at https://analytics.tiktok.com/i18n/pixel/static/main.MTAwMWEwYTFlOQ.js:1:535973
    at https://analytics.tiktok.com/i18n/pixel/static/main.MTAwMWEwYTFlOQ.js:1:535976 @ https://frontend-cf.cjdropshipping.com/web-egg/2026-08-05-07-00-26/egg/script/commonScriptImport.js:0
[    2067ms] [LOG] [] @ https://frontend-cf.cjdropshipping.com/web-egg/2026-08-05-07-00-26/egg/script/commonScriptImport.js:0
[    2067ms] [LOG] SyntaxError: Unexpected end of JSON input
    at JSON.parse (<anonymous>)
    at JSON.parse (https://frontend-cf.cjdropshipping.com/web-egg/2026-08-05-07-00-26/static/singleJs/base.js:15467:27)
    at r.getSessionIdFromCache (https://analytics.tiktok.com/i18n/pixel/static/main.MTAwMWEwYTFlOQ.js:1:170337)
    at r.initPageSign (https://analytics.tiktok.com/i18n/pixel/static/main.MTAwMWEwYTFlOQ.js:1:174234)
    at new e (https://analytics.tiktok.com/i18n/pixel/static/main.MTAwMWEwYTFlOQ.js:1:169983)
    at e.createInstance (https://analytics.tiktok.com/i18n/pixel/static/main.MTAwMWEwYTFlOQ.js:1:98538)
    at e.get (https://analytics.tiktok.com/i18n/pixel/static/main.MTAwMWEwYTFlOQ.js:1:98227)
    at https://analytics.tiktok.com/i18n/pixel/static/main.MTAwMWEwYTFlOQ.js:1:98472
    at Array.map (<anonymous>)
    at e.createInstance (https://analytics.tiktok.com/i18n/pixel/static/main.MTAwMWEwYTFlOQ.js:1:98443)
    at e.get (https://analytics.tiktok.com/i18n/pixel/static/main.MTAwMWEwYTFlOQ.js:1:98227)
    at R (https://analytics.tiktok.com/i18n/pixel/static/main.MTAwMWEwYTFlOQ.js:1:91447)
    at https://analytics.tiktok.com/i18n/pixel/static/main.MTAwMWEwYTFlOQ.js:1:535089
    at https://analytics.tiktok.com/i18n/pixel/static/main.MTAwMWEwYTFlOQ.js:1:535933
    at https://analytics.tiktok.com/i18n/pixel/static/main.MTAwMWEwYTFlOQ.js:1:535973
    at https://analytics.tiktok.com/i18n/pixel/static/main.MTAwMWEwYTFlOQ.js:1:535976 @ https://frontend-cf.cjdropshipping.com/web-egg/2026-08-05-07-00-26/egg/script/commonScriptImport.js:0
[    2067ms] [LOG] [] @ https://frontend-cf.cjdropshipping.com/web-egg/2026-08-05-07-00-26/egg/script/commonScriptImport.js:0
[    2142ms] [LOG] SyntaxError: Unexpected end of JSON input
    at JSON.parse (<anonymous>)
    at JSON.parse (https://frontend-cf.cjdropshipping.com/web-egg/2026-08-05-07-00-26/static/singleJs/base.js:15467:27)
    at r.getSessionIdFromCache (https://analytics.tiktok.com/i18n/pixel/static/main.MTAwMWEwYTFlOQ.js:1:170337)
    at r.initPageSign (https://analytics.tiktok.com/i18n/pixel/static/main.MTAwMWEwYTFlOQ.js:1:174234)
    at new e (https://analytics.tiktok.com/i18n/pixel/static/main.MTAwMWEwYTFlOQ.js:1:169983)
    at e.createInstance (https://analytics.tiktok.com/i18n/pixel/static/main.MTAwMWEwYTFlOQ.js:1:98538)
    at e.get (https://analytics.tiktok.com/i18n/pixel/static/main.MTAwMWEwYTFlOQ.js:1:98227)
    at https://analytics.tiktok.com/i18n/pixel/static/main.MTAwMWEwYTFlOQ.js:1:98472
    at Array.map (<anonymous>)
    at e.createInstance (https://analytics.tiktok.com/i18n/pixel/static/main.MTAwMWEwYTFlOQ.js:1:98443)
    at e.get (https://analytics.tiktok.com/i18n/pixel/static/main.MTAwMWEwYTFlOQ.js:1:98227)
    at fS (https://analytics.tiktok.com/i18n/pixel/static/main.MTAwMWEwYTFlMA.js:1:478994)
    at fT (https://analytics.tiktok.com/i18n/pixel/static/main.MTAwMWEwYTFlMA.js:1:479116)
    at https://analytics.tiktok.com/i18n/pixel/static/main.MTAwMWEwYTFlMA.js:1:483689
    at https://analytics.tiktok.com/i18n/pixel/static/main.MTAwMWEwYTFlMA.js:1:484897
    at https://analytics.tiktok.com/i18n/pixel/static/main.MTAwMWEwYTFlMA.js:1:484929
    at https://analytics.tiktok.com/i18n/pixel/static/main.MTAwMWEwYTFlMA.js:1:484932 @ https://frontend-cf.cjdropshipping.com/web-egg/2026-08-05-07-00-26/egg/script/commonScriptImport.js:0
[    2142ms] [LOG] [] @ https://frontend-cf.cjdropshipping.com/web-egg/2026-08-05-07-00-26/egg/script/commonScriptImport.js:0
[    2143ms] [LOG] SyntaxError: Unexpected end of JSON input
    at JSON.parse (<anonymous>)
    at JSON.parse (https://frontend-cf.cjdropshipping.com/web-egg/2026-08-05-07-00-26/static/singleJs/base.js:15467:27)
    at r.getSessionIdFromCache (https://analytics.tiktok.com/i18n/pixel/static/main.MTAwMWEwYTFlOQ.js:1:170337)
    at r.initPageSign (https://analytics.tiktok.com/i18n/pixel/static/main.MTAwMWEwYTFlOQ.js:1:174234)
    at new e (https://analytics.tiktok.com/i18n/pixel/static/main.MTAwMWEwYTFlOQ.js:1:169983)
    at e.createInstance (https://analytics.tiktok.com/i18n/pixel/static/main.MTAwMWEwYTFlOQ.js:1:98538)
    at e.get (https://analytics.tiktok.com/i18n/pixel/static/main.MTAwMWEwYTFlOQ.js:1:98227)
    at https://analytics.tiktok.com/i18n/pixel/static/main.MTAwMWEwYTFlOQ.js:1:98472
    at Array.map (<anonymous>)
    at e.createInstance (https://analytics.tiktok.com/i18n/pixel/static/main.MTAwMWEwYTFlOQ.js:1:98443)
    at e.get (https://analytics.tiktok.com/i18n/pixel/static/main.MTAwMWEwYTFlOQ.js:1:98227)
    at er (https://analytics.tiktok.com/i18n/pixel/static/main.MTAwMWEwYTFlMA.js:1:52162)
    at https://analytics.tiktok.com/i18n/pixel/static/main.MTAwMWEwYTFlMA.js:1:484047
    at https://analytics.tiktok.com/i18n/pixel/static/main.MTAwMWEwYTFlMA.js:1:484897
    at https://analytics.tiktok.com/i18n/pixel/static/main.MTAwMWEwYTFlMA.js:1:484929
    at https://analytics.tiktok.com/i18n/pixel/static/main.MTAwMWEwYTFlMA.js:1:484932 @ https://frontend-cf.cjdropshipping.com/web-egg/2026-08-05-07-00-26/egg/script/commonScriptImport.js:0
[    2143ms] [LOG] [] @ https://frontend-cf.cjdropshipping.com/web-egg/2026-08-05-07-00-26/egg/script/commonScriptImport.js:0
[    2670ms] [LOG] SyntaxError: Unexpected end of JSON input
    at JSON.parse (<anonymous>)
    at JSON.parse (https://frontend-cf.cjdropshipping.com/web-egg/2026-08-05-07-00-26/static/singleJs/base.js:15467:27)
    at t.getTwclidFromCookie (https://static.ads-twitter.com/uwt.js:1:43214)
    at t.getTwclid (https://static.ads-twitter.com/uwt.js:1:43544)
    at t.getTwclidParams (https://static.ads-twitter.com/uwt.js:1:43636)
    at t.track (https://static.ads-twitter.com/uwt.js:1:34956)
    at t.track (https://static.ads-twitter.com/uwt.js:1:16836)
    at e.exe (https://static.ads-twitter.com/uwt.js:1:35834)
    at https://static.ads-twitter.com/uwt.js:1:35922
    at 2345 (https://static.ads-twitter.com/uwt.js:1:35945)
    at n (https://static.ads-twitter.com/uwt.js:1:49827)
    at 2735 (https://static.ads-twitter.com/uwt.js:1:36225)
    at n (https://static.ads-twitter.com/uwt.js:1:49827)
    at https://static.ads-twitter.com/uwt.js:1:50051
    at https://static.ads-twitter.com/uwt.js:1:50060
    at https://static.ads-twitter.com/uwt.js:1:50064 @ https://frontend-cf.cjdropshipping.com/web-egg/2026-08-05-07-00-26/egg/script/commonScriptImport.js:0
[    2670ms] [LOG] [] @ https://frontend-cf.cjdropshipping.com/web-egg/2026-08-05-07-00-26/egg/script/commonScriptImport.js:0
