[     320ms] [VERBOSE] [DOM] Password field is not contained in a form: (More info: https://goo.gl/9p2vKq) %o @ https://www.cjdropshipping.com/my.html#/authorize/API:0
[     320ms] [VERBOSE] [DOM] Password field is not contained in a form: (More info: https://goo.gl/9p2vKq) %o @ https://www.cjdropshipping.com/my.html#/authorize/API:0
[     320ms] [VERBOSE] [DOM] Password field is not contained in a form: (More info: https://goo.gl/9p2vKq) %o @ https://www.cjdropshipping.com/my.html#/authorize/API:0
[   50070ms] [LOG] SyntaxError: Unexpected end of JSON input
    at JSON.parse (<anonymous>)
    at JSON.parse (https://frontend-cf.cjdropshipping.com/web-egg/2026-08-05-07-00-26/static/js/public/common.js:1:152387)
    at t.getTwclidFromCookie (https://static.ads-twitter.com/uwt.js:1:43214)
    at t.getTwclid (https://static.ads-twitter.com/uwt.js:1:43544)
    at t.getTwclidParams (https://static.ads-twitter.com/uwt.js:1:43636)
    at t.track (https://static.ads-twitter.com/uwt.js:1:34956)
    at https://static.ads-twitter.com/uwt.js:1:18875
    at Set.forEach (<anonymous>)
    at HTMLDocument.m (https://static.ads-twitter.com/uwt.js:1:18580)
    at HTMLDocument.o (https://frontend-cf.cjdropshipping.com/web-egg/2026-08-05-07-00-26/egg/script/commonScriptImport.js:1:31496) @ https://frontend-cf.cjdropshipping.com/web-egg/2026-08-05-07-00-26/egg/script/commonScriptImport.js:0
[   50070ms] [LOG] [] @ https://frontend-cf.cjdropshipping.com/web-egg/2026-08-05-07-00-26/egg/script/commonScriptImport.js:0
[  102287ms] [LOG] SyntaxError: Unexpected end of JSON input
    at JSON.parse (<anonymous>)
    at JSON.parse (https://frontend-cf.cjdropshipping.com/web-egg/2026-08-05-07-00-26/static/js/public/common.js:1:152387)
    at t.getTwclidFromCookie (https://static.ads-twitter.com/uwt.js:1:43214)
    at t.getTwclid (https://static.ads-twitter.com/uwt.js:1:43544)
    at t.getTwclidParams (https://static.ads-twitter.com/uwt.js:1:43636)
    at t.track (https://static.ads-twitter.com/uwt.js:1:34956)
    at https://static.ads-twitter.com/uwt.js:1:18875
    at Set.forEach (<anonymous>)
    at HTMLDocument.m (https://static.ads-twitter.com/uwt.js:1:18580)
    at HTMLDocument.o (https://frontend-cf.cjdropshipping.com/web-egg/2026-08-05-07-00-26/egg/script/commonScriptImport.js:1:31496) @ https://frontend-cf.cjdropshipping.com/web-egg/2026-08-05-07-00-26/egg/script/commonScriptImport.js:0
[  102287ms] [LOG] [] @ https://frontend-cf.cjdropshipping.com/web-egg/2026-08-05-07-00-26/egg/script/commonScriptImport.js:0
[  103248ms] [VERBOSE] [DOM] Password field is not contained in a form: (More info: https://goo.gl/9p2vKq) %o @ https://www.cjdropshipping.com/my.html#/authorize/APIStores:0
[  103248ms] [VERBOSE] [DOM] Password field is not contained in a form: (More info: https://goo.gl/9p2vKq) %o @ https://www.cjdropshipping.com/my.html#/authorize/APIStores:0
[  103248ms] [VERBOSE] [DOM] Password field is not contained in a form: (More info: https://goo.gl/9p2vKq) %o @ https://www.cjdropshipping.com/my.html#/authorize/APIStores:0
[  138141ms] [VERBOSE] [DOM] Password field is not contained in a form: (More info: https://goo.gl/9p2vKq) %o @ https://www.cjdropshipping.com/my.html#/authorize/Shopify:0
[  138141ms] [VERBOSE] [DOM] Password field is not contained in a form: (More info: https://goo.gl/9p2vKq) %o @ https://www.cjdropshipping.com/my.html#/authorize/Shopify:0
[  138141ms] [VERBOSE] [DOM] Password field is not contained in a form: (More info: https://goo.gl/9p2vKq) %o @ https://www.cjdropshipping.com/my.html#/authorize/Shopify:0
[  141156ms] [VERBOSE] [DOM] Password field is not contained in a form: (More info: https://goo.gl/9p2vKq) %o @ https://www.cjdropshipping.com/my.html#/authorize/APIStores:0
[  141156ms] [VERBOSE] [DOM] Password field is not contained in a form: (More info: https://goo.gl/9p2vKq) %o @ https://www.cjdropshipping.com/my.html#/authorize/APIStores:0
[  141156ms] [VERBOSE] [DOM] Password field is not contained in a form: (More info: https://goo.gl/9p2vKq) %o @ https://www.cjdropshipping.com/my.html#/authorize/APIStores:0
[  145188ms] [VERBOSE] [DOM] Password field is not contained in a form: (More info: https://goo.gl/9p2vKq) %o @ https://www.cjdropshipping.com/my.html#/authorize/API:0
[  145188ms] [VERBOSE] [DOM] Password field is not contained in a form: (More info: https://goo.gl/9p2vKq) %o @ https://www.cjdropshipping.com/my.html#/authorize/API:0
[  145188ms] [VERBOSE] [DOM] Password field is not contained in a form: (More info: https://goo.gl/9p2vKq) %o @ https://www.cjdropshipping.com/my.html#/authorize/API:0
[  170454ms] [LOG] SyntaxError: Unexpected end of JSON input
    at JSON.parse (<anonymous>)
    at JSON.parse (https://frontend-cf.cjdropshipping.com/web-egg/2026-08-05-07-00-26/static/js/public/common.js:1:152387)
    at t.getTwclidFromCookie (https://static.ads-twitter.com/uwt.js:1:43214)
    at t.getTwclid (https://static.ads-twitter.com/uwt.js:1:43544)
    at t.getTwclidParams (https://static.ads-twitter.com/uwt.js:1:43636)
    at t.track (https://static.ads-twitter.com/uwt.js:1:34956)
    at https://static.ads-twitter.com/uwt.js:1:18875
    at Set.forEach (<anonymous>)
    at HTMLDocument.m (https://static.ads-twitter.com/uwt.js:1:18580)
    at HTMLDocument.o (https://frontend-cf.cjdropshipping.com/web-egg/2026-08-05-07-00-26/egg/script/commonScriptImport.js:1:31496) @ https://frontend-cf.cjdropshipping.com/web-egg/2026-08-05-07-00-26/egg/script/commonScriptImport.js:0
[  170454ms] [LOG] [] @ https://frontend-cf.cjdropshipping.com/web-egg/2026-08-05-07-00-26/egg/script/commonScriptImport.js:0
[  195237ms] [LOG] SyntaxError: Unexpected end of JSON input
    at JSON.parse (<anonymous>)
    at JSON.parse (https://frontend-cf.cjdropshipping.com/web-egg/2026-08-05-07-00-26/static/js/public/common.js:1:152387)
    at t.getTwclidFromCookie (https://static.ads-twitter.com/uwt.js:1:43214)
    at t.getTwclid (https://static.ads-twitter.com/uwt.js:1:43544)
    at t.getTwclidParams (https://static.ads-twitter.com/uwt.js:1:43636)
    at t.track (https://static.ads-twitter.com/uwt.js:1:34956)
    at https://static.ads-twitter.com/uwt.js:1:18875
    at Set.forEach (<anonymous>)
    at HTMLDocument.m (https://static.ads-twitter.com/uwt.js:1:18580)
    at HTMLDocument.o (https://frontend-cf.cjdropshipping.com/web-egg/2026-08-05-07-00-26/egg/script/commonScriptImport.js:1:31496) @ https://frontend-cf.cjdropshipping.com/web-egg/2026-08-05-07-00-26/egg/script/commonScriptImport.js:0
[  195237ms] [LOG] [] @ https://frontend-cf.cjdropshipping.com/web-egg/2026-08-05-07-00-26/egg/script/commonScriptImport.js:0
