[     773ms] [LOG] 同步language到googtrans： /en/en @ https://frontend-cf.cjdropshipping.com/web-egg/2026-08-04-10-41-33/egg/script/product-card.js:0
[     777ms] Cannot use import statement outside a module
[     829ms] [WARNING] ########## load sentry production ########## @ https://frontend-cf.cjdropshipping.com/web-egg/2026-08-04-10-41-33/egg/script/commonScriptImport.js:0
[     866ms] [LOG] [DOM readyState] interactive @ https://frontend-cf.cjdropshipping.com/web-egg/2026-08-04-10-41-33/egg/script/commonScriptImport.js:0
[     921ms] [LOG] %cpackages/mf-mycj-components/src/common/login-for-platform.ts:364 "registerLoginSuccessListener" is registered color: #007acc; registerLoginSuccessListener1s @ https://frontend-cf.cjdropshipping.com/web-egg/2026-08-04-10-41-33/egg/script/commonScriptImport.js:0
[     980ms] [LOG] 同步language到googtrans： /en/en @ https://frontend-cf.cjdropshipping.com/web-egg/2026-08-04-10-41-33/egg/script/commonScriptImport.js:0
[    1132ms] [WARNING] ######## sentry enabled prod @ https://frontend-cf.cjdropshipping.com/chat/static/js/main.70745042.chunk.js:0
[    1193ms] [LOG]  params url @ https://frontend-cf.cjdropshipping.com/web-egg/2026-08-04-10-41-33/egg/script/commonScriptImport.js:0
[    1287ms] [LOG] SyntaxError: Unexpected end of JSON input
    at JSON.parse (<anonymous>)
    at JSON.parse (https://frontend-cf.cjdropshipping.com/web-egg/2026-08-04-10-41-33/static/js/public/common.js:1:152387)
    at t.getTwclidFromCookie (https://static.ads-twitter.com/uwt.js:1:43214)
    at t.getTwclid (https://static.ads-twitter.com/uwt.js:1:43544)
    at t.getTwclidParams (https://static.ads-twitter.com/uwt.js:1:43636)
    at t.track (https://static.ads-twitter.com/uwt.js:1:34956)
    at t.track (https://static.ads-twitter.com/uwt.js:1:16836)
    at e.exe (https://static.ads-twitter.com/uwt.js:1:35834)
    at https://static.ads-twitter.com/uwt.js:1:35922
    at 2345 (https://static.ads-twitter.com/uwt.js:1:35945)
    at n (https://static.ads-twitter.com/uwt.js:1:49827)
    at 2735 (https://static.ads-twitter.com/uwt.js:1:36225)
    at n (https://static.ads-twitter.com/uwt.js:1:49827)
    at https://static.ads-twitter.com/uwt.js:1:50051
    at https://static.ads-twitter.com/uwt.js:1:50060
    at https://static.ads-twitter.com/uwt.js:1:50064 @ https://frontend-cf.cjdropshipping.com/web-egg/2026-08-04-10-41-33/egg/script/commonScriptImport.js:0
[    1287ms] [LOG] [] @ https://frontend-cf.cjdropshipping.com/web-egg/2026-08-04-10-41-33/egg/script/commonScriptImport.js:0
[    1377ms] [VERBOSE] [DOM] Password field is not contained in a form: (More info: https://goo.gl/9p2vKq) %o @ https://www.cjdropshipping.com/my.html#/profile/info:0
[    1377ms] [VERBOSE] [DOM] Password field is not contained in a form: (More info: https://goo.gl/9p2vKq) %o @ https://www.cjdropshipping.com/my.html#/profile/info:0
[    1378ms] [VERBOSE] [DOM] Password field is not contained in a form: (More info: https://goo.gl/9p2vKq) %o @ https://www.cjdropshipping.com/my.html#/profile/info:0
[    1434ms] [LOG] ai 组件加载完成 Module @ https://frontend-cf.cjdropshipping.com/chat/static/js/17.826b6a00.chunk.js:0
[    1537ms] [LOG] [DOM readyState] complete @ https://frontend-cf.cjdropshipping.com/web-egg/2026-08-04-10-41-33/egg/script/commonScriptImport.js:0
[    1653ms] [LOG] useInternalReceptionVersion true @ https://frontend-cf.cjdropshipping.com/web-egg/2026-08-04-10-41-33/egg/script/commonScriptImport.js:0
[    2058ms] [WARNING] ######## sentry enabled prod @ https://frontend-cf.cjdropshipping.com/chat/static/js/main.70745042.chunk.js:0
[    2067ms] [LOG] 从 Dexie 缓存获取站点配置: chat.cjdropshipping.com @ https://frontend-cf.cjdropshipping.com/chat/static/js/17.826b6a00.chunk.js:0
[    2067ms] [LOG] sitecheck data:  {customerPage: https://www.cjdropshipping.com, favicon: https://frontend-cf.cjdropshipping.com/config-resource/cj/favicon.ico, fullName: CJdropshipping, platform: 2, platformName: CJ} en @ https://frontend-cf.cjdropshipping.com/chat/static/js/17.826b6a00.chunk.js:0
[    2069ms] [LOG] en [] false @ https://frontend-cf.cjdropshipping.com/chat/static/js/17.826b6a00.chunk.js:0
[    2253ms] [LOG] init load @ https://frontend-cf.cjdropshipping.com/web-egg/2026-08-04-10-41-33/egg/script/commonScriptImport.js:0
[    2494ms] [LOG] %c cj接收 => unReadCount  background:#41b883; color:#fff {sender: Object, message: Object} @ https://frontend-cf.cjdropshipping.com/chat/static/js/17.826b6a00.chunk.js:0
[    2532ms] [LOG] %c cj接收 => agentInfo  background:#41b883; color:#fff {sender: Object, message: Object} @ https://frontend-cf.cjdropshipping.com/chat/static/js/17.826b6a00.chunk.js:0
[    6122ms] [WARNING] single-spa minified message #1: See https://single-spa.js.org/error/?code=1 @ https://frontend-cf.cjdropshipping.com/chat/static/js/17.826b6a00.chunk.js:0
[    7051ms] [WARNING] single-spa minified message #1: See https://single-spa.js.org/error/?code=1 @ https://frontend-cf.cjdropshipping.com/chat/static/js/17.826b6a00.chunk.js:0
[   11289ms] [LOG] SyntaxError: Unexpected end of JSON input
    at JSON.parse (<anonymous>)
    at JSON.parse (https://frontend-cf.cjdropshipping.com/web-egg/2026-08-04-10-41-33/static/js/public/common.js:1:152387)
    at t.getTwclidFromCookie (https://static.ads-twitter.com/uwt.js:1:43214)
    at t.getTwclid (https://static.ads-twitter.com/uwt.js:1:43544)
    at t.getTwclidParams (https://static.ads-twitter.com/uwt.js:1:43636)
    at t.track (https://static.ads-twitter.com/uwt.js:1:34956)
    at https://static.ads-twitter.com/uwt.js:1:28709
    at Set.forEach (<anonymous>)
    at P (https://static.ads-twitter.com/uwt.js:1:28515)
    at o (https://frontend-cf.cjdropshipping.com/web-egg/2026-08-04-10-41-33/egg/script/commonScriptImport.js:1:31496) @ https://frontend-cf.cjdropshipping.com/web-egg/2026-08-04-10-41-33/egg/script/commonScriptImport.js:0
[   11289ms] [LOG] [] @ https://frontend-cf.cjdropshipping.com/web-egg/2026-08-04-10-41-33/egg/script/commonScriptImport.js:0
[   34599ms] [LOG]  params url @ https://frontend-cf.cjdropshipping.com/web-egg/2026-08-04-10-41-33/egg/script/commonScriptImport.js:0
[   34610ms] [LOG]  params url @ https://frontend-cf.cjdropshipping.com/web-egg/2026-08-04-10-41-33/egg/script/commonScriptImport.js:0
[   84580ms] [LOG]  params url @ https://frontend-cf.cjdropshipping.com/web-egg/2026-08-04-10-41-33/egg/script/commonScriptImport.js:0
[   84583ms] [LOG]  params url @ https://frontend-cf.cjdropshipping.com/web-egg/2026-08-04-10-41-33/egg/script/commonScriptImport.js:0
[   84693ms] [VERBOSE] [DOM] Password field is not contained in a form: (More info: https://goo.gl/9p2vKq) %o @ https://www.cjdropshipping.com/my.html#/profile/info:0
[   84693ms] [VERBOSE] [DOM] Password field is not contained in a form: (More info: https://goo.gl/9p2vKq) %o @ https://www.cjdropshipping.com/my.html#/profile/info:0
[   84693ms] [VERBOSE] [DOM] Password field is not contained in a form: (More info: https://goo.gl/9p2vKq) %o @ https://www.cjdropshipping.com/my.html#/profile/info:0
