[     291ms] [WARNING] A preload for 'https://lf-tt4b.tiktokcdn.com/obj/ttastatic-sg/account_center_i18n_web_v2/sg/statics_v2/js/vendors-common.20c30dee923d473641ee.bundle.js' is found, but is not used because the request credentials mode does not match. Consider taking a look at crossorigin attribute. @ https://ads.tiktok.com/i18n/login:0
[     292ms] [WARNING] A preload for 'https://lf-tt4b.tiktokcdn.com/obj/ttastatic-sg/account_center_i18n_web_v2/sg/statics_v2/js/vendors-cdd60c62.10db0e0f89746f1d7b5c.bundle.js' is found, but is not used because the request credentials mode does not match. Consider taking a look at crossorigin attribute. @ https://ads.tiktok.com/i18n/login:0
[     292ms] [WARNING] A preload for 'https://lf-tt4b.tiktokcdn.com/obj/ttastatic-sg/account_center_i18n_web_v2/sg/statics_v2/js/vendors-7f854005.b07f6db786ee18e14a47.bundle.js' is found, but is not used because the request credentials mode does not match. Consider taking a look at crossorigin attribute. @ https://ads.tiktok.com/i18n/login:0
[     292ms] [WARNING] A preload for 'https://lf-tt4b.tiktokcdn.com/obj/ttastatic-sg/account_center_i18n_web_v2/sg/statics_v2/js/vendors-6dd7f33d.3a21bd6e0cb71d011785.bundle.js' is found, but is not used because the request credentials mode does not match. Consider taking a look at crossorigin attribute. @ https://ads.tiktok.com/i18n/login:0
[     292ms] [WARNING] A preload for 'https://lf-tt4b.tiktokcdn.com/obj/ttastatic-sg/account_center_i18n_web_v2/sg/statics_v2/js/vendors-2b4841d6.49a1a58098d9f8a34d6a.bundle.js' is found, but is not used because the request credentials mode does not match. Consider taking a look at crossorigin attribute. @ https://ads.tiktok.com/i18n/login:0
[     292ms] [WARNING] A preload for 'https://lf-tt4b.tiktokcdn.com/obj/ttastatic-sg/account_center_i18n_web_v2/sg/statics_v2/js/vendors-9db5d9a1.5e78fcb455aede8041d9.bundle.js' is found, but is not used because the request credentials mode does not match. Consider taking a look at crossorigin attribute. @ https://ads.tiktok.com/i18n/login:0
[     292ms] [WARNING] A preload for 'https://lf-tt4b.tiktokcdn.com/obj/ttastatic-sg/account_center_i18n_web_v2/sg/statics_v2/js/vendors-f82e0cd2.2df2f57a200ecd198375.bundle.js' is found, but is not used because the request credentials mode does not match. Consider taking a look at crossorigin attribute. @ https://ads.tiktok.com/i18n/login:0
[     292ms] [WARNING] A preload for 'https://lf-tt4b.tiktokcdn.com/obj/ttastatic-sg/account_center_i18n_web_v2/sg/statics_v2/js/vendors-38822fa6.9bb2160c926365934694.bundle.js' is found, but is not used because the request credentials mode does not match. Consider taking a look at crossorigin attribute. @ https://ads.tiktok.com/i18n/login:0
[     292ms] [WARNING] A preload for 'https://lf-tt4b.tiktokcdn.com/obj/ttastatic-sg/account_center_i18n_web_v2/sg/statics_v2/js/vendors-315f37bf.90b7e43824bfc35b01c7.bundle.js' is found, but is not used because the request credentials mode does not match. Consider taking a look at crossorigin attribute. @ https://ads.tiktok.com/i18n/login:0
[     292ms] [WARNING] A preload for 'https://lf-tt4b.tiktokcdn.com/obj/ttastatic-sg/account_center_i18n_web_v2/sg/statics_v2/js/vendors-fcf017cf.299aa908067d4c17e6da.bundle.js' is found, but is not used because the request credentials mode does not match. Consider taking a look at crossorigin attribute. @ https://ads.tiktok.com/i18n/login:0
[     292ms] [WARNING] A preload for 'https://lf-tt4b.tiktokcdn.com/obj/ttastatic-sg/account_center_i18n_web_v2/sg/statics_v2/js/vendors-0bc0478e.2cdeeef9104a0750a6a3.bundle.js' is found, but is not used because the request credentials mode does not match. Consider taking a look at crossorigin attribute. @ https://ads.tiktok.com/i18n/login:0
[     292ms] [WARNING] A preload for 'https://lf-tt4b.tiktokcdn.com/obj/ttastatic-sg/account_center_i18n_web_v2/sg/statics_v2/js/vendors-386b9151.a7696929a5199ebe3454.bundle.js' is found, but is not used because the request credentials mode does not match. Consider taking a look at crossorigin attribute. @ https://ads.tiktok.com/i18n/login:0
[     292ms] [WARNING] A preload for 'https://lf-tt4b.tiktokcdn.com/obj/ttastatic-sg/account_center_i18n_web_v2/sg/statics_v2/js/vendors-229eafb5.0e76d854a1f9510efeb5.bundle.js' is found, but is not used because the request credentials mode does not match. Consider taking a look at crossorigin attribute. @ https://ads.tiktok.com/i18n/login:0
[     292ms] [WARNING] A preload for 'https://lf-tt4b.tiktokcdn.com/obj/ttastatic-sg/account_center_i18n_web_v2/sg/statics_v2/js/vendors-866ab763.ad70379a419f6ec7c18e.bundle.js' is found, but is not used because the request credentials mode does not match. Consider taking a look at crossorigin attribute. @ https://ads.tiktok.com/i18n/login:0
[     312ms] [INFO] . @ https://sf16-website-login.neutral.ttwstatic.com/obj/tiktok_web_login_static/webmssdk/1.0.0.347/webmssdk.js:0
[     313ms] [ERROR] Loading the font 'https://at.alicdn.com/t/c/font_2553510_kfwma2yq1rs.woff?t=1694918397022' violates the following Content Security Policy directive: "default-src 'self' 'unsafe-eval' 'unsafe-inline' blob: bytedance: data: http://*.akamaized.net http://*.ibytedtos.com https://*.hotjar.com https://*.hotjar.io https://*.xx.fbcdn.net wss://*.byteintlapi.com wss://*.byteoversea.com wss://*.hotjar.com wss://*.tiktok.com wss://*.tiktokv.com wss://tiktok.com *.adsintegrity.net *.akamaized.net *.amazonaws.com *.bitssec.com *.braintree-api.com *.braintreegateway.com *.bytedance.net *.bytedanceapi.com *.bytedapm.com *.byteeffecttos-g.com *.bytegration.com *.bytehwm-row.com *.byteicdn.com *.byteintl.com *.byteintl.net *.byteintlapi.com *.byteintlstatic.com *.bytelemon.com *.byteoversea.com *.byteoversea.net *.bytevcloudapi.com *.capcut.com *.cloudflare.com *.ctfassets.net *.doubleclick.net *.fbsbx.com *.g-p-static.com *.g-t-static.com *.goofy-cdn.com *.goofy.app *.google.com *.googleapis.com *.googletagmanager.com *.gstatic.com *.i18n-pglstatp.com *.ibytedtos.com *.ibyteimg.com *.immers.page *.isnssdk.com *.linkedin.com *.oecstatic.com *.omise.co *.pangle-ads.com *.pangleglobal.com *.paypal.com *.pipopay.com *.pipopay.eu *.pipopayment.com *.pipopayment.eu *.pipopayment.us *.sgsnssdk.com *.tiktok-row.net *.tiktok.com *.tiktokapis.com *.tiktokcdn-eu.com *.tiktokcdn-row.com *.tiktokcdn-us.com *.tiktokcdn.com *.tiktokmusic.me *.tiktokshop.com *.tiktokshopglobalselling.com *.tiktokstaticb.com *.tiktokv-eu.com *.tiktokv-us.com *.tiktokv.com *.tiktokv.eu *.tiktokv.us *.tiktokw.com *.tiktokw.eu *.tiktokw.us *.ttcdn-row.com *.ttcdn-us.com *.ttlstatic.com *.ttwstatic.com *.vodupload.com *.yhgfb-static.com api.company-target.com cdn.sanity.io cdn.shopify.com connect.facebook.net facebook.com gateway.facebook.com graph.facebook.com media.canva.com s.yimg.com sf-starling.tiktok-cdns.com sf16-website-login.neutral.tiktokcdn-eu.com/obj/tiktok_web_login_static_eu/pns/tiktok-cookie-banner/ static.xx.fbcdn.net tag-logger.demandbase.com tag.demandbase.com tiktok.com unpkg.com video-useastred.tiktokv.eu https://zapier-images.imgix.net *.business-tiktok.com cdn.bc0a.com ixfd2-api.bc0a.com vimeo.com snap.licdn.com https://avatars.slack-edge.com https://secure.gravatar.com https://i0.wp.com". Note that 'font-src' was not explicitly set, so 'default-src' is used as a fallback. The action has been blocked. @ https://ads.tiktok.com/i18n/login:0
[     327ms] [LOG] window.tt4bSignupNewUIPromise-entry @ https://lf-tt4b.tiktokcdn.com/obj/ttastatic-sg/account_center_i18n_web_v2/sg/statics_v2/js/4896.0e65c28b9c34a45fc866.bundle.js:1
[     327ms] [LOG] lang {ua: , query: , cookie: en} @ https://lf-tt4b.tiktokcdn.com/obj/ttastatic-sg/account_center_i18n_web_v2/sg/statics_v2/js/4896.0e65c28b9c34a45fc866.bundle.js:1
[     351ms] [LOG] UaLang ====>   @ https://lf-tt4b.tiktokcdn.com/obj/ttastatic-sg/account_center_i18n_web_v2/sg/statics_v2/js/index.070999024b20f6af953e.bundle.js:1
[     351ms] [LOG] Cookies.set ====>  en @ https://lf-tt4b.tiktokcdn.com/obj/ttastatic-sg/account_center_i18n_web_v2/sg/statics_v2/js/4896.0e65c28b9c34a45fc866.bundle.js:1
[     355ms] [LOG] tt4b_ac_x_fp 287 @ https://lf-tt4b.tiktokcdn.com/obj/ttastatic-sg/account_center_i18n_web_v2/sg/statics_v2/js/index.070999024b20f6af953e.bundle.js:1
[     370ms] [LOG] %c prod %c 1.0.0.7526 %c background:#0d0d16 ; padding: 1px; border-radius: 3px 0 0 3px;  color: #fff; font-size:30px background:#f60457 ; padding: 1px; border-radius: 0 3px 3px 0;  color: #fff; font-size:30px background:transparent @ https://lf-tt4b.tiktokcdn.com/obj/ttastatic-sg/account_center_i18n_web_v2/sg/statics_v2/js/index.070999024b20f6af953e.bundle.js:1
[     400ms] [LOG] teaParam ====2 {TTBA_entry: unknwon} @ https://lf-tt4b.tiktokcdn.com/obj/ttastatic-sg/account_center_i18n_web_v2/sg/statics_v2/js/newLogin.0bd25d7135895cd48130.bundle.js:0
[     403ms] [LOG] ---isOnlyTitTokOauth--- ie @ https://lf-tt4b.tiktokcdn.com/obj/ttastatic-sg/account_center_i18n_web_v2/sg/statics_v2/js/vendors-sdk-auth-e38f16b1.76b9ba87752b52bb17b3.bundle.js:1
[     413ms] [LOG] options {value: Object, source: login-i18n-sdk, aid: 1583, service: https://ads.tiktok.com/i18n/home/, openSSO: true} @ https://lf-tt4b.tiktokcdn.com/obj/ttastatic-sg/account_center_i18n_web_v2/sg/statics_v2/js/vendors-sdk-auth-e38f16b1.76b9ba87752b52bb17b3.bundle.js:1
[     413ms] [LOG] update test e2e @ https://lf-tt4b.tiktokcdn.com/obj/ttastatic-sg/account_center_i18n_web_v2/sg/statics_v2/js/vendors-sdk-auth-e38f16b1.76b9ba87752b52bb17b3.bundle.js:1
[     416ms] [LOG] eventList ie @ https://lf-tt4b.tiktokcdn.com/obj/ttastatic-sg/account_center_i18n_web_v2/sg/statics_v2/js/vendors-sdk-auth-e38f16b1.76b9ba87752b52bb17b3.bundle.js:1
[     416ms] [LOG] PROPS {aid: undefined, open: undefined, lang: undefined, oauthUrl: undefined, platform: undefined} @ https://lf-tt4b.tiktokcdn.com/obj/ttastatic-sg/account_center_i18n_web_v2/sg/statics_v2/js/vendors-sdk-auth-e38f16b1.76b9ba87752b52bb17b3.bundle.js:1
[     416ms] [LOG] CALLBACK (...e)=>{c(...e),o.callback&&"function"==typeof o.callback&&o.callback(...e)} @ https://lf-tt4b.tiktokcdn.com/obj/ttastatic-sg/account_center_i18n_web_v2/sg/statics_v2/js/vendors-sdk-auth-e38f16b1.76b9ba87752b52bb17b3.bundle.js:1
[     418ms] [LOG] update test e2e @ https://lf-tt4b.tiktokcdn.com/obj/ttastatic-sg/account_center_i18n_web_v2/sg/statics_v2/js/vendors-sdk-auth-e38f16b1.76b9ba87752b52bb17b3.bundle.js:1
[     419ms] [LOG] newVal {country: undefined, code: undefined, __ob__: xt} @ https://lf-tt4b.tiktokcdn.com/obj/ttastatic-sg/account_center_i18n_web_v2/sg/statics_v2/js/vendors-sdk-auth-e38f16b1.76b9ba87752b52bb17b3.bundle.js:1
[     419ms] [LOG] watch ====> AC +247 @ https://lf-tt4b.tiktokcdn.com/obj/ttastatic-sg/account_center_i18n_web_v2/sg/statics_v2/js/vendors-sdk-auth-e38f16b1.76b9ba87752b52bb17b3.bundle.js:1
[     419ms] [LOG] onAreaSelectChange {country: AC, code: +247, name: Antigua and Barbuda} @ https://lf-tt4b.tiktokcdn.com/obj/ttastatic-sg/account_center_i18n_web_v2/sg/statics_v2/js/vendors-sdk-auth-e38f16b1.76b9ba87752b52bb17b3.bundle.js:1
[     419ms] [LOG] change onAreaSelectChange after {country: undefined, code: undefined, name: undefined, __ob__: xt} @ https://lf-tt4b.tiktokcdn.com/obj/ttastatic-sg/account_center_i18n_web_v2/sg/statics_v2/js/vendors-sdk-auth-e38f16b1.76b9ba87752b52bb17b3.bundle.js:1
[     420ms] [LOG] mobileNumber undefined @ https://lf-tt4b.tiktokcdn.com/obj/ttastatic-sg/account_center_i18n_web_v2/sg/statics_v2/js/vendors-sdk-auth-e38f16b1.76b9ba87752b52bb17b3.bundle.js:1
[     434ms] [LOG] update test e2e @ https://lf-tt4b.tiktokcdn.com/obj/ttastatic-sg/account_center_i18n_web_v2/sg/statics_v2/js/vendors-sdk-auth-e38f16b1.76b9ba87752b52bb17b3.bundle.js:1
[     435ms] [LOG] newVal {country: undefined, code: undefined, __ob__: xt} @ https://lf-tt4b.tiktokcdn.com/obj/ttastatic-sg/account_center_i18n_web_v2/sg/statics_v2/js/vendors-sdk-auth-e38f16b1.76b9ba87752b52bb17b3.bundle.js:1
[     435ms] [LOG] watch ====> AC +247 @ https://lf-tt4b.tiktokcdn.com/obj/ttastatic-sg/account_center_i18n_web_v2/sg/statics_v2/js/vendors-sdk-auth-e38f16b1.76b9ba87752b52bb17b3.bundle.js:1
[     436ms] [LOG] onAreaSelectChange {country: AC, code: +247, name: Antigua and Barbuda} @ https://lf-tt4b.tiktokcdn.com/obj/ttastatic-sg/account_center_i18n_web_v2/sg/statics_v2/js/vendors-sdk-auth-e38f16b1.76b9ba87752b52bb17b3.bundle.js:1
[     436ms] [LOG] change onAreaSelectChange after {country: undefined, code: undefined, name: undefined, __ob__: xt} @ https://lf-tt4b.tiktokcdn.com/obj/ttastatic-sg/account_center_i18n_web_v2/sg/statics_v2/js/vendors-sdk-auth-e38f16b1.76b9ba87752b52bb17b3.bundle.js:1
[     436ms] [LOG] mobileNumber undefined @ https://lf-tt4b.tiktokcdn.com/obj/ttastatic-sg/account_center_i18n_web_v2/sg/statics_v2/js/vendors-sdk-auth-e38f16b1.76b9ba87752b52bb17b3.bundle.js:1
[     453ms] [LOG] newVal {country: undefined, code: undefined, name: undefined, __ob__: xt} @ https://lf-tt4b.tiktokcdn.com/obj/ttastatic-sg/account_center_i18n_web_v2/sg/statics_v2/js/vendors-sdk-auth-e38f16b1.76b9ba87752b52bb17b3.bundle.js:1
[     465ms] [LOG] newVal {country: undefined, code: undefined, name: undefined, __ob__: xt} @ https://lf-tt4b.tiktokcdn.com/obj/ttastatic-sg/account_center_i18n_web_v2/sg/statics_v2/js/vendors-sdk-auth-e38f16b1.76b9ba87752b52bb17b3.bundle.js:1
[     475ms] [LOG] e [, ] @ https://lf-tt4b.tiktokcdn.com/obj/ttastatic-sg/account_center_i18n_web_v2/sg/statics_v2/js/vendors-sdk-auth-e38f16b1.76b9ba87752b52bb17b3.bundle.js:1
[     475ms] [LOG] code in parseTiktokOauthUrl undefined @ https://lf-tt4b.tiktokcdn.com/obj/ttastatic-sg/account_center_i18n_web_v2/sg/statics_v2/js/vendors-sdk-auth-e38f16b1.76b9ba87752b52bb17b3.bundle.js:1
[     475ms] [LOG] event: ()=>new Promise((e=>{var t,o;const n=Oi.state.props.value.authBackUrl?Oi.state.props.value.authBackUrl:window.location.href,i=(null===(t=Oi.state.props.value)||void 0===t?void 0:t.deeplink)||!1,a=(null===(o=Oi.state.props.value)||void 0===o?void 0:o.skipCsrfCheck)||!1;e(ar(n,i||a))})) @ https://lf-tt4b.tiktokcdn.com/obj/ttastatic-sg/account_center_i18n_web_v2/sg/statics_v2/js/vendors-sdk-auth-e38f16b1.76b9ba87752b52bb17b3.bundle.js:1
[     475ms] [LOG] cb: e=>{e.then(((e={})=>{Oi.mutations.setOauthResult(e)}))} @ https://lf-tt4b.tiktokcdn.com/obj/ttastatic-sg/account_center_i18n_web_v2/sg/statics_v2/js/vendors-sdk-auth-e38f16b1.76b9ba87752b52bb17b3.bundle.js:1
[     476ms] [LOG] ========= new Slider ========= @ https://lf-tt4b.tiktokcdn.com/obj/ttastatic-sg/account_center_i18n_web_v2/sg/statics_v2/js/vendors-sdk-auth-e38f16b1.76b9ba87752b52bb17b3.bundle.js:1
[     485ms] [LOG] TikTok_Ads_SSO_O_Tiktok_Content_new-callback-val {currentEvent: oauth, response: Object} @ https://lf-tt4b.tiktokcdn.com/obj/ttastatic-sg/account_center_i18n_web_v2/sg/statics_v2/js/vendors-sdk-auth-e38f16b1.76b9ba87752b52bb17b3.bundle.js:1
[     487ms] [LOG] ---------- 新增登录测试页埋点 --------- log_in_tt4b_page_view {is_employee: 0, duration: 103, trace_sid: 0.1785984086.7670743242425532417, slardar_web_id: none} @ https://lf-tt4b.tiktokcdn.com/obj/ttastatic-sg/account_center_i18n_web_v2/sg/statics_v2/js/2074.67a578875f1f8421478b.bundle.js:1
[     498ms] [VERBOSE] [DOM] Input elements should have autocomplete attributes (suggested: "username"): (More info: https://goo.gl/9p2vKq) %o @ https://ads.tiktok.com/i18n/login:0
[     582ms] [LOG] defaultCountry US @ https://lf-tt4b.tiktokcdn.com/obj/ttastatic-sg/account_center_i18n_web_v2/sg/statics_v2/js/vendors-sdk-auth-e38f16b1.76b9ba87752b52bb17b3.bundle.js:1
[     582ms] [LOG] area {shortName: US, area: +1, name: United States} @ https://lf-tt4b.tiktokcdn.com/obj/ttastatic-sg/account_center_i18n_web_v2/sg/statics_v2/js/vendors-sdk-auth-e38f16b1.76b9ba87752b52bb17b3.bundle.js:1
[     583ms] [LOG] newVal=shortName US @ https://lf-tt4b.tiktokcdn.com/obj/ttastatic-sg/account_center_i18n_web_v2/sg/statics_v2/js/vendors-sdk-auth-e38f16b1.76b9ba87752b52bb17b3.bundle.js:1
[     583ms] [LOG] setAreaAndPhone {code: , phone: undefined, country: US} @ https://lf-tt4b.tiktokcdn.com/obj/ttastatic-sg/account_center_i18n_web_v2/sg/statics_v2/js/vendors-sdk-auth-e38f16b1.76b9ba87752b52bb17b3.bundle.js:1
[     583ms] [LOG] setAreaAndPhone after {code: undefined, country: undefined, __ob__: xt} @ https://lf-tt4b.tiktokcdn.com/obj/ttastatic-sg/account_center_i18n_web_v2/sg/statics_v2/js/vendors-sdk-auth-e38f16b1.76b9ba87752b52bb17b3.bundle.js:1
[     583ms] [LOG] newVal=shortName US @ https://lf-tt4b.tiktokcdn.com/obj/ttastatic-sg/account_center_i18n_web_v2/sg/statics_v2/js/vendors-sdk-auth-e38f16b1.76b9ba87752b52bb17b3.bundle.js:1
[     583ms] [LOG] setAreaAndPhone {code: , phone: undefined, country: US} @ https://lf-tt4b.tiktokcdn.com/obj/ttastatic-sg/account_center_i18n_web_v2/sg/statics_v2/js/vendors-sdk-auth-e38f16b1.76b9ba87752b52bb17b3.bundle.js:1
[     583ms] [LOG] setAreaAndPhone after {code: undefined, country: undefined, __ob__: xt} @ https://lf-tt4b.tiktokcdn.com/obj/ttastatic-sg/account_center_i18n_web_v2/sg/statics_v2/js/vendors-sdk-auth-e38f16b1.76b9ba87752b52bb17b3.bundle.js:1
[     584ms] [LOG] newVal {code: undefined, country: undefined, __ob__: xt} @ https://lf-tt4b.tiktokcdn.com/obj/ttastatic-sg/account_center_i18n_web_v2/sg/statics_v2/js/vendors-sdk-auth-e38f16b1.76b9ba87752b52bb17b3.bundle.js:1
[     584ms] [LOG] newVal {code: undefined, country: undefined, __ob__: xt} @ https://lf-tt4b.tiktokcdn.com/obj/ttastatic-sg/account_center_i18n_web_v2/sg/statics_v2/js/vendors-sdk-auth-e38f16b1.76b9ba87752b52bb17b3.bundle.js:1
[     584ms] [LOG] watch ====> US +1 @ https://lf-tt4b.tiktokcdn.com/obj/ttastatic-sg/account_center_i18n_web_v2/sg/statics_v2/js/vendors-sdk-auth-e38f16b1.76b9ba87752b52bb17b3.bundle.js:1
[     584ms] [LOG] onAreaSelectChange {country: US, code: +1, name: United States} @ https://lf-tt4b.tiktokcdn.com/obj/ttastatic-sg/account_center_i18n_web_v2/sg/statics_v2/js/vendors-sdk-auth-e38f16b1.76b9ba87752b52bb17b3.bundle.js:1
[     584ms] [LOG] change onAreaSelectChange after {country: undefined, code: undefined, name: undefined, __ob__: xt} @ https://lf-tt4b.tiktokcdn.com/obj/ttastatic-sg/account_center_i18n_web_v2/sg/statics_v2/js/vendors-sdk-auth-e38f16b1.76b9ba87752b52bb17b3.bundle.js:1
[     585ms] [LOG] mobileNumber undefined @ https://lf-tt4b.tiktokcdn.com/obj/ttastatic-sg/account_center_i18n_web_v2/sg/statics_v2/js/vendors-sdk-auth-e38f16b1.76b9ba87752b52bb17b3.bundle.js:1
[     585ms] [LOG] watch ====> US +1 @ https://lf-tt4b.tiktokcdn.com/obj/ttastatic-sg/account_center_i18n_web_v2/sg/statics_v2/js/vendors-sdk-auth-e38f16b1.76b9ba87752b52bb17b3.bundle.js:1
[     585ms] [LOG] onAreaSelectChange {country: US, code: +1, name: United States} @ https://lf-tt4b.tiktokcdn.com/obj/ttastatic-sg/account_center_i18n_web_v2/sg/statics_v2/js/vendors-sdk-auth-e38f16b1.76b9ba87752b52bb17b3.bundle.js:1
[     585ms] [LOG] change onAreaSelectChange after {country: undefined, code: undefined, name: undefined, __ob__: xt} @ https://lf-tt4b.tiktokcdn.com/obj/ttastatic-sg/account_center_i18n_web_v2/sg/statics_v2/js/vendors-sdk-auth-e38f16b1.76b9ba87752b52bb17b3.bundle.js:1
[     585ms] [LOG] mobileNumber undefined @ https://lf-tt4b.tiktokcdn.com/obj/ttastatic-sg/account_center_i18n_web_v2/sg/statics_v2/js/vendors-sdk-auth-e38f16b1.76b9ba87752b52bb17b3.bundle.js:1
[     586ms] [LOG] newVal {country: undefined, code: undefined, name: undefined, __ob__: xt} @ https://lf-tt4b.tiktokcdn.com/obj/ttastatic-sg/account_center_i18n_web_v2/sg/statics_v2/js/vendors-sdk-auth-e38f16b1.76b9ba87752b52bb17b3.bundle.js:1
[     586ms] [LOG] newVal {country: undefined, code: undefined, name: undefined, __ob__: xt} @ https://lf-tt4b.tiktokcdn.com/obj/ttastatic-sg/account_center_i18n_web_v2/sg/statics_v2/js/vendors-sdk-auth-e38f16b1.76b9ba87752b52bb17b3.bundle.js:1
[     959ms] [LOG] teaParam ====1 {TTBA_entry: unknwon} @ https://lf-tt4b.tiktokcdn.com/obj/ttastatic-sg/account_center_i18n_web_v2/sg/statics_v2/js/newLogin.0bd25d7135895cd48130.bundle.js:0
[    1059ms] [ERROR] Loading the image 'https://sp.analytics.yahoo.com/sp.pl?a=10000&d=Thu%2C%2006%20Aug%202026%2004%3A33%3A13%20GMT&n=7d&b=TikTok%20Ads%3A%20Log%20In&.yp=10204935&f=https%3A%2F%2Fads.tiktok.com%2Fi18n%2Flogin&enc=UTF-8&yv=1.16.6&tagmgr=gtm' violates the following Content Security Policy directive: "default-src 'self' 'unsafe-eval' 'unsafe-inline' blob: bytedance: data: http://*.akamaized.net http://*.ibytedtos.com https://*.hotjar.com https://*.hotjar.io https://*.xx.fbcdn.net wss://*.byteintlapi.com wss://*.byteoversea.com wss://*.hotjar.com wss://*.tiktok.com wss://*.tiktokv.com wss://tiktok.com *.adsintegrity.net *.akamaized.net *.amazonaws.com *.bitssec.com *.braintree-api.com *.braintreegateway.com *.bytedance.net *.bytedanceapi.com *.bytedapm.com *.byteeffecttos-g.com *.bytegration.com *.bytehwm-row.com *.byteicdn.com *.byteintl.com *.byteintl.net *.byteintlapi.com *.byteintlstatic.com *.bytelemon.com *.byteoversea.com *.byteoversea.net *.bytevcloudapi.com *.capcut.com *.cloudflare.com *.ctfassets.net *.doubleclick.net *.fbsbx.com *.g-p-static.com *.g-t-static.com *.goofy-cdn.com *.goofy.app *.google.com *.googleapis.com *.googletagmanager.com *.gstatic.com *.i18n-pglstatp.com *.ibytedtos.com *.ibyteimg.com *.immers.page *.isnssdk.com *.linkedin.com *.oecstatic.com *.omise.co *.pangle-ads.com *.pangleglobal.com *.paypal.com *.pipopay.com *.pipopay.eu *.pipopayment.com *.pipopayment.eu *.pipopayment.us *.sgsnssdk.com *.tiktok-row.net *.tiktok.com *.tiktokapis.com *.tiktokcdn-eu.com *.tiktokcdn-row.com *.tiktokcdn-us.com *.tiktokcdn.com *.tiktokmusic.me *.tiktokshop.com *.tiktokshopglobalselling.com *.tiktokstaticb.com *.tiktokv-eu.com *.tiktokv-us.com *.tiktokv.com *.tiktokv.eu *.tiktokv.us *.tiktokw.com *.tiktokw.eu *.tiktokw.us *.ttcdn-row.com *.ttcdn-us.com *.ttlstatic.com *.ttwstatic.com *.vodupload.com *.yhgfb-static.com api.company-target.com cdn.sanity.io cdn.shopify.com connect.facebook.net facebook.com gateway.facebook.com graph.facebook.com media.canva.com s.yimg.com sf-starling.tiktok-cdns.com sf16-website-login.neutral.tiktokcdn-eu.com/obj/tiktok_web_login_static_eu/pns/tiktok-cookie-banner/ static.xx.fbcdn.net tag-logger.demandbase.com tag.demandbase.com tiktok.com unpkg.com video-useastred.tiktokv.eu https://zapier-images.imgix.net *.business-tiktok.com cdn.bc0a.com ixfd2-api.bc0a.com vimeo.com snap.licdn.com https://avatars.slack-edge.com https://secure.gravatar.com https://i0.wp.com". Note that 'img-src' was not explicitly set, so 'default-src' is used as a fallback. The action has been blocked. @ https://ads.tiktok.com/i18n/login:0
[    1208ms] [ERROR] Failed to load resource: the server responded with a status of 404 () @ chrome-error://chromewebdata/:0
[    1212ms] [WARNING] Failed to execute 'postMessage' on 'DOMWindow': The target origin provided ('https://www.tiktok.com') does not match the recipient window's origin ('null'). @ https://sf16-website.neutral.ttwstatic.com/obj/tiktok_web_static/gtm/t749vqx/gtag.G-HV1FL86553.js?v=1984434:875
[    1260ms] [LOG] ---loginStatus--- {loginType: normal, connects: Array(1), accountInfo: Object, hasLarkLogin: false, hasOtherLogin: 7670771314659607573} @ https://lf-tt4b.tiktokcdn.com/obj/ttastatic-sg/account_center_i18n_web_v2/sg/statics_v2/js/vendors-sdk-auth-e38f16b1.76b9ba87752b52bb17b3.bundle.js:1
[    1692ms] [LOG] checkLoginResp {status: fulfilled, value: Object} @ https://lf-tt4b.tiktokcdn.com/obj/ttastatic-sg/account_center_i18n_web_v2/sg/statics_v2/js/newLogin.0bd25d7135895cd48130.bundle.js:0
[    1713ms] [WARNING] Failed to execute 'postMessage' on 'DOMWindow': The target origin provided ('https://www.tiktok.com') does not match the recipient window's origin ('null'). @ https://sf16-website.neutral.ttwstatic.com/obj/tiktok_web_static/gtm/t749vqx/gtag.G-HV1FL86553.js?v=1984434:875
[    2054ms] [LOG] ~~isLarkLogin false @ https://lf-tt4b.tiktokcdn.com/obj/ttastatic-sg/account_center_i18n_web_v2/sg/statics_v2/js/newLogin.0bd25d7135895cd48130.bundle.js:0
[    2213ms] [WARNING] Failed to execute 'postMessage' on 'DOMWindow': The target origin provided ('https://www.tiktok.com') does not match the recipient window's origin ('null'). @ https://sf16-website.neutral.ttwstatic.com/obj/tiktok_web_static/gtm/t749vqx/gtag.G-HV1FL86553.js?v=1984434:875
[    2715ms] [WARNING] Failed to execute 'postMessage' on 'DOMWindow': The target origin provided ('https://www.tiktok.com') does not match the recipient window's origin ('null'). @ https://sf16-website.neutral.ttwstatic.com/obj/tiktok_web_static/gtm/t749vqx/gtag.G-HV1FL86553.js?v=1984434:875
[    3221ms] [WARNING] Failed to execute 'postMessage' on 'DOMWindow': The target origin provided ('https://www.tiktok.com') does not match the recipient window's origin ('null'). @ https://sf16-website.neutral.ttwstatic.com/obj/tiktok_web_static/gtm/t749vqx/gtag.G-HV1FL86553.js?v=1984434:875
[    3373ms] [LOG] %c %s color: yellow; background-color: black; [instance: UM_BC_TEA] appid: 2239, userInfo:{"user_unique_id":"7670743288336434708","web_id":"7670743288336434708"} @ https://lf-tt4b.tiktokcdn.com/obj/ttastatic-sg/account_center_i18n_web_v2/sg/statics_v2/js/6710.99e633081119c2636e96.bundle.js:0
[    3373ms] [LOG] %c %s color: yellow; background-color: black; [instance: UM_BC_TEA] appid: 2239, sdk is ready, version is 5.3.15_oversea, you can report now !!! @ https://lf-tt4b.tiktokcdn.com/obj/ttastatic-sg/account_center_i18n_web_v2/sg/statics_v2/js/6710.99e633081119c2636e96.bundle.js:0
[    3373ms] [LOG] %c %s color: yellow; background-color: black; [instance: UM_TTAM_TEA] appid: 1583, userInfo:{"user_unique_id":"7670743242425532417","web_id":"7670743290311869972"} @ https://lf-tt4b.tiktokcdn.com/obj/ttastatic-sg/account_center_i18n_web_v2/sg/statics_v2/js/6710.99e633081119c2636e96.bundle.js:0
[    3373ms] [LOG] %c %s color: yellow; background-color: black; [instance: UM_TTAM_TEA] appid: 1583, sdk is ready, version is 5.3.15_oversea, you can report now !!! @ https://lf-tt4b.tiktokcdn.com/obj/ttastatic-sg/account_center_i18n_web_v2/sg/statics_v2/js/6710.99e633081119c2636e96.bundle.js:0
[    3501ms] [LOG] [dynamicRemotesFromSnapshot]: Module @omni-project/vmok-loader not found @ https://lf-tt4b.tiktokcdn.com/obj/ttastatic-sg/account_center_i18n_web_v2/sg/statics_v2/js/7591.5ef1b8d469765a984025.bundle.js:1
[    3709ms] [LOG] %c %s color: yellow; background-color: black; [instance: UM_BC_TEA] appid: 2239 token change, new userInfo:{"user_unique_id":"7670743242425532417","web_id":"7670743288336434708"} @ https://lf-tt4b.tiktokcdn.com/obj/ttastatic-sg/account_center_i18n_web_v2/sg/statics_v2/js/6710.99e633081119c2636e96.bundle.js:0
[    3727ms] [WARNING] Failed to execute 'postMessage' on 'DOMWindow': The target origin provided ('https://www.tiktok.com') does not match the recipient window's origin ('null'). @ https://sf16-website.neutral.ttwstatic.com/obj/tiktok_web_static/gtm/t749vqx/gtag.G-HV1FL86553.js?v=1984434:875
[    3845ms] [LOG] [dynamicRemotesFromSnapshot]: Module @omni-project/provider not found @ https://sf16-website-login.neutral.ttwstatic.com/obj/tiktok_web_login_static/omni_channel_provider/dist/vmok-remote-entry.5096408a.js:1
[    3845ms] [WARNING] [Region] <script id="__REGION__DATA__INJECTED__"> not found @ https://sf16-website-login.neutral.ttwstatic.com/obj/tiktok_web_login_static/omni_channel_provider/dist/vmok-remote-entry.5096408a.js:1
[    3845ms] [LOG] [dynamicRemotesFromSnapshot]: Module @omni-project/provider not found @ https://sf16-website-login.neutral.ttwstatic.com/obj/tiktok_web_login_static/omni_channel_provider/dist/vmok-remote-entry.5096408a.js:1
[    3845ms] [WARNING] [Region] <script id="__REGION__DATA__INJECTED__"> not found @ https://sf16-website-login.neutral.ttwstatic.com/obj/tiktok_web_login_static/omni_channel_provider/dist/vmok-remote-entry.5096408a.js:1
[    3849ms] [INFO] %cDownload the React DevTools for a better development experience: https://reactjs.org/link/react-devtools font-weight:bold @ https://sf16-website-login.neutral.ttwstatic.com/obj/tiktok_web_login_static/omni_channel_provider/dist/static/js/async/7596.7fe41c5c.js:0
[    3854ms] [WARNING] [Bridge] This version has Break Change, please pay attention to compatibility, more details: https://zjsms.com/JXKorkC/ @ https://sf16-website-login.neutral.ttwstatic.com/obj/tiktok_web_login_static/omni_channel_provider/dist/static/js/async/7596.7fe41c5c.js:0
[    3855ms] [LOG] Sorry, this object cannot be modified directly. @ https://lf-tt4b.tiktokcdn.com/obj/ttastatic-sg/account_center_i18n_web_v2/sg/statics_v2/js/2891.c299acfdbf30662abd82.bundle.js:1
[    3855ms] [LOG] Sorry, this object cannot be modified directly. @ https://lf-tt4b.tiktokcdn.com/obj/ttastatic-sg/account_center_i18n_web_v2/sg/statics_v2/js/2891.c299acfdbf30662abd82.bundle.js:1
[    3855ms] [LOG] Sorry, this object cannot be modified directly. @ https://lf-tt4b.tiktokcdn.com/obj/ttastatic-sg/account_center_i18n_web_v2/sg/statics_v2/js/2891.c299acfdbf30662abd82.bundle.js:1
[    3855ms] [LOG] Sorry, this object cannot be modified directly. @ https://lf-tt4b.tiktokcdn.com/obj/ttastatic-sg/account_center_i18n_web_v2/sg/statics_v2/js/2891.c299acfdbf30662abd82.bundle.js:1
[    3855ms] [LOG] Sorry, this object cannot be modified directly. @ https://lf-tt4b.tiktokcdn.com/obj/ttastatic-sg/account_center_i18n_web_v2/sg/statics_v2/js/2891.c299acfdbf30662abd82.bundle.js:1
[    3855ms] [LOG] Sorry, this object cannot be modified directly. @ https://lf-tt4b.tiktokcdn.com/obj/ttastatic-sg/account_center_i18n_web_v2/sg/statics_v2/js/2891.c299acfdbf30662abd82.bundle.js:1
[    3855ms] [LOG] Sorry, this object cannot be modified directly. @ https://lf-tt4b.tiktokcdn.com/obj/ttastatic-sg/account_center_i18n_web_v2/sg/statics_v2/js/2891.c299acfdbf30662abd82.bundle.js:1
[    3855ms] [LOG] Sorry, this object cannot be modified directly. @ https://lf-tt4b.tiktokcdn.com/obj/ttastatic-sg/account_center_i18n_web_v2/sg/statics_v2/js/2891.c299acfdbf30662abd82.bundle.js:1
[    3855ms] [WARNING] Cannot assign to read only property 'JSBridge' of object '#<Window>' @ https://sf16-website-login.neutral.ttwstatic.com/obj/tiktok_web_login_static/omni_channel_provider/dist/static/js/async/7596.7fe41c5c.js:0
[    3856ms] [WARNING] There is an error happened in web-call: Error: There is no JSB invoker!
    at https://lf-tt4b.tiktokcdn.com/obj/ttastatic-sg/account_center_i18n_web_v2/sg/statics_v2/js/2891.c299acfdbf30662abd82.bundle.js:2:49066
    at E (https://lf-tt4b.tiktokcdn.com/obj/ttastatic-sg/account_center_i18n_web_v2/sg/statics_v2/js/2891.c299acfdbf30662abd82.bundle.js:2:48085)
    at https://lf-tt4b.tiktokcdn.com/obj/ttastatic-sg/account_center_i18n_web_v2/sg/statics_v2/js/2891.c299acfdbf30662abd82.bundle.js:2:48965
    at Proxy.<anonymous> (https://lf-tt4b.tiktokcdn.com/obj/ttastatic-sg/account_center_i18n_web_v2/sg/statics_v2/js/2891.c299acfdbf30662abd82.bundle.js:2:46919)
    at getRuntimeEnv (https://sf16-website-login.neutral.ttwstatic.com/obj/tiktok_web_login_static/omni_channel_provider/dist/static/js/async/7596.7fe41c5c.js:1:1453415)
    at https://sf16-website-login.neutral.ttwstatic.com/obj/tiktok_web_login_static/omni_channel_provider/dist/static/js/async/7596.7fe41c5c.js:1:1496957
    at new Promise (<anonymous>)
    at t.init (https://sf16-website-login.neutral.ttwstatic.com/obj/tiktok_web_login_static/omni_channel_provider/dist/static/js/async/7596.7fe41c5c.js:1:1496931)
    at 54645 (https://sf16-website-login.neutral.ttwstatic.com/obj/tiktok_web_login_static/omni_channel_provider/dist/static/js/async/7596.7fe41c5c.js:1:1502189)
    at __webpack_require__ (https://sf16-website-login.neutral.ttwstatic.com/obj/tiktok_web_login_static/omni_channel_provider/dist/vmok-remote-entry.5096408a.js:10:2156) @ https://lf-tt4b.tiktokcdn.com/obj/ttastatic-sg/account_center_i18n_web_v2/sg/statics_v2/js/2891.c299acfdbf30662abd82.bundle.js:1
[    3856ms] [LOG] [Queqiao SDK] Runtime env getAppInfo result:  {appid: NaN, version: 0.0.0} @ https://sf16-website-login.neutral.ttwstatic.com/obj/tiktok_web_login_static/omni_channel_provider/dist/static/js/async/7596.7fe41c5c.js:0
[    4232ms] [WARNING] Failed to execute 'postMessage' on 'DOMWindow': The target origin provided ('https://www.tiktok.com') does not match the recipient window's origin ('null'). @ https://sf16-website.neutral.ttwstatic.com/obj/tiktok_web_static/gtm/t749vqx/gtag.G-HV1FL86553.js?v=1984434:875
[    4491ms] [LOG] pageSwitch function(){return i.Mo.get(a.Z.libra.getAbTest,{ab_feature:"bp_mvp",user_type:1})} true @ https://lf-tt4b.tiktokcdn.com/obj/ttastatic-sg/account_center_i18n_web_v2/sg/statics_v2/js/4896.0e65c28b9c34a45fc866.bundle.js:1
[    4738ms] [WARNING] Failed to execute 'postMessage' on 'DOMWindow': The target origin provided ('https://www.tiktok.com') does not match the recipient window's origin ('null'). @ https://sf16-website.neutral.ttwstatic.com/obj/tiktok_web_static/gtm/t749vqx/gtag.G-HV1FL86553.js?v=1984434:875
[    5244ms] [WARNING] Failed to execute 'postMessage' on 'DOMWindow': The target origin provided ('https://www.tiktok.com') does not match the recipient window's origin ('null'). @ https://sf16-website.neutral.ttwstatic.com/obj/tiktok_web_static/gtm/t749vqx/gtag.G-HV1FL86553.js?v=1984434:875
[    5906ms] [INFO] . @ https://sf16-website-login.neutral.ttwstatic.com/obj/tiktok_web_login_static/webmssdk/1.0.0.316/webmssdk.js:0
[    5909ms] [WARNING] service worker will be installed(not safari) @ https://ads.tiktok.com/i18n/nb_register?:161
[    5918ms] [ERROR] TypeError: Cannot read properties of undefined (reading 'length')
    at https://ads.tiktok.com/i18n/nb_register?:597:51055
    at https://ads.tiktok.com/i18n/nb_register?:597:51458
    at https://ads.tiktok.com/i18n/nb_register?:597:51567 @ https://ads.tiktok.com/i18n/nb_register?:596
[    5920ms] [ERROR] TypeError: Cannot read properties of undefined (reading 'length')
    at https://ads.tiktok.com/i18n/nb_register?:597:102592
    at https://ads.tiktok.com/i18n/nb_register?:597:102995
    at https://ads.tiktok.com/i18n/nb_register?:597:103104 @ https://ads.tiktok.com/i18n/nb_register?:596
[    6174ms] [WARNING] [SDK] 1785990798907        0 already inited @ https://ads-sg.business-tiktok.com/obj/ttastatic-sg/tt4b_main/static/js/1513.b76fc380.js:42
[    6184ms] [WARNING] [SDK] 1785990798918        1 already inited @ https://ads-sg.business-tiktok.com/obj/ttastatic-sg/tt4b_main/static/js/1513.b76fc380.js:42
[    6223ms] Error: Navigator libra adapters are not fully configured
    at https://ads-sg.business-tiktok.com/obj/ttastatic-sg/tt4b_main/static/js/1186.f86a27ca.js:7:31073
    at y (https://ads-sg.business-tiktok.com/obj/ttastatic-sg/tt4b_main/static/js/1186.f86a27ca.js:7:31142)
    at https://ads-sg.business-tiktok.com/obj/ttastatic-sg/tt4b_main/static/js/index.29cd952b.js:4:130585
[    6267ms] [TIMEEND] 【tiktok-zti-sdk】init time: 2.9150390625 ms @ https://ads-sg.business-tiktok.com/obj/ttastatic-sg/tt4b_main/static/js/async/4168.c7b5dd82.js:3
[    7161ms] [WARNING] [Garfish warning]: Package "util" is not found

 @ https://ads-sg.business-tiktok.com/obj/ttastatic-sg/sdks/garfish-1.19.9-iife.min.js?flag=csp:6
[    8583ms] [LOG] this branch is master @ https://ads-sg.business-tiktok.com/obj/ttastatic-sg/tt4b_main/static/js/index.29cd952b.js:3
[    8877ms] [LOG] [dynamicRemotesFromSnapshot]: Module @omni-project/provider not found @ https://ads-sg.business-tiktok.com/obj/ttastatic-sg/tt4b_main/static/js/replayPkg.fb0153f4.js:4
[    8877ms] [WARNING] [Region] <script id="__REGION__DATA__INJECTED__"> not found @ https://sf16-website-login.neutral.ttwstatic.com/obj/tiktok_web_login_static/omni_channel_provider/dist/vmok-remote-entry.5096408a.js:1
[    8877ms] [LOG] [dynamicRemotesFromSnapshot]: Module @omni-project/provider not found @ https://ads-sg.business-tiktok.com/obj/ttastatic-sg/tt4b_main/static/js/replayPkg.fb0153f4.js:4
[    8877ms] [WARNING] [Region] <script id="__REGION__DATA__INJECTED__"> not found @ https://sf16-website-login.neutral.ttwstatic.com/obj/tiktok_web_login_static/omni_channel_provider/dist/vmok-remote-entry.5096408a.js:1
[    9120ms] [WARNING] [Bridge] This version has Break Change, please pay attention to compatibility, more details: https://zjsms.com/JXKorkC/ @ https://sf16-website-login.neutral.ttwstatic.com/obj/tiktok_web_login_static/omni_channel_provider/dist/static/js/async/6850.51719b16.js:0
[    9155ms] [ERROR] Failed to launch 'bytedance://dispatch_message/' because the scheme does not have a registered handler. @ https://ads.tiktok.com/i18n/nb_register?:0
[    9669ms] [LOG] [Component Init] business_setup {business_type: advertiser, form_scenario: newbie, source: newbie_register, prefilled_fields: {}, read_only_fields: []} @ https://ads-sg.business-tiktok.com/obj/ttastatic-sg/tt4b_main/static/js/replayPkg.fb0153f4.js:4
[    9884ms] [LOG] %c %s color: yellow; background-color: black; [instance: cookie_banner_tea_sdk] appid: 345918, userInfo:{"user_unique_id":"7670743280007595533","web_id":"7670743280007595533"} @ https://ads-sg.business-tiktok.com/obj/ttastatic-sg/tt4b_main/static/js/replayPkg.fb0153f4.js:4
[    9884ms] [LOG] %c %s color: yellow; background-color: black; [instance: cookie_banner_tea_sdk] appid: 345918, sdk is ready, version is 5.3.16, you can report now !!! @ https://ads-sg.business-tiktok.com/obj/ttastatic-sg/tt4b_main/static/js/replayPkg.fb0153f4.js:4
[   10103ms] [LOG] getNewIndustryList res:  {data: Object} {industry_sort: true} @ https://ads-sg.business-tiktok.com/obj/ttastatic-sg/tt4b_main/static/js/replayPkg.fb0153f4.js:4
[   19975ms] [WARNING] The resource https://lf16-ttmp.byteintlstatic.com/obj/ttastatic-sg/user_management_vmok/static/js/async/4710.33a368b6.js was preloaded using link preload but not used within a few seconds from the window's load event. Please make sure it has an appropriate `as` value and it is preloaded intentionally. @ https://ads.tiktok.com/i18n/nb_register?:0
[   19975ms] [WARNING] The resource https://ads-sg.business-tiktok.com/obj/ttastatic-sg/vertical_app_workflow_efficiency/static/js/async/695.8bb009a8.js was preloaded using link preload but not used within a few seconds from the window's load event. Please make sure it has an appropriate `as` value and it is preloaded intentionally. @ https://ads.tiktok.com/i18n/nb_register?:0
[   19975ms] [WARNING] The resource https://lf16-ttmp.byteintlstatic.com/obj/ttastatic-sg/user_management_vmok/static/js/async/8972.7b1e6551.js was preloaded using link preload but not used within a few seconds from the window's load event. Please make sure it has an appropriate `as` value and it is preloaded intentionally. @ https://ads.tiktok.com/i18n/nb_register?:0
[   19975ms] [WARNING] The resource https://ads-sg.business-tiktok.com/obj/ttastatic-sg/vertical_app_workflow_efficiency/static/js/async/644.2d901394.js was preloaded using link preload but not used within a few seconds from the window's load event. Please make sure it has an appropriate `as` value and it is preloaded intentionally. @ https://ads.tiktok.com/i18n/nb_register?:0
[   19975ms] [WARNING] The resource https://lf16-ttmp.byteintlstatic.com/obj/ttastatic-sg/user_management_vmok/static/js/async/1287.8a6902b9.js was preloaded using link preload but not used within a few seconds from the window's load event. Please make sure it has an appropriate `as` value and it is preloaded intentionally. @ https://ads.tiktok.com/i18n/nb_register?:0
[   19975ms] [WARNING] The resource https://lf16-ttmp.byteintlstatic.com/obj/ttastatic-sg/user_management_vmok/static/js/async/4895.8e2fb517.js was preloaded using link preload but not used within a few seconds from the window's load event. Please make sure it has an appropriate `as` value and it is preloaded intentionally. @ https://ads.tiktok.com/i18n/nb_register?:0
[   19975ms] [WARNING] The resource https://lf16-ttmp.byteintlstatic.com/obj/ttastatic-sg/user_management_vmok/static/js/async/__federation_expose_business_setup.2863ce9c.js was preloaded using link preload but not used within a few seconds from the window's load event. Please make sure it has an appropriate `as` value and it is preloaded intentionally. @ https://ads.tiktok.com/i18n/nb_register?:0
[   19975ms] [WARNING] The resource https://lf16-ttmp.byteintlstatic.com/obj/ttastatic-sg/user_management_vmok/static/js/async/9595.ab7745f3.js was preloaded using link preload but not used within a few seconds from the window's load event. Please make sure it has an appropriate `as` value and it is preloaded intentionally. @ https://ads.tiktok.com/i18n/nb_register?:0
[   19975ms] [WARNING] The resource https://lf16-ttmp.byteintlstatic.com/obj/ttastatic-sg/user_management_vmok/static/js/lib-polyfill.bf376832.js was preloaded using link preload but not used within a few seconds from the window's load event. Please make sure it has an appropriate `as` value and it is preloaded intentionally. @ https://ads.tiktok.com/i18n/nb_register?:0
[   19975ms] [WARNING] The resource https://ads-sg.business-tiktok.com/obj/ttastatic-sg/vertical_app_workflow_efficiency/static/js/async/argus-builder-strategy.e0ed3dda.js was preloaded using link preload but not used within a few seconds from the window's load event. Please make sure it has an appropriate `as` value and it is preloaded intentionally. @ https://ads.tiktok.com/i18n/nb_register?:0
[   19975ms] [WARNING] The resource https://lf16-ttmp.byteintlstatic.com/obj/ttastatic-sg/user_management_vmok/static/css/async/3942.2f66ab68.css was preloaded using link preload but not used within a few seconds from the window's load event. Please make sure it has an appropriate `as` value and it is preloaded intentionally. @ https://ads.tiktok.com/i18n/nb_register?:0
[   19975ms] [WARNING] The resource https://ads-sg.business-tiktok.com/obj/ttastatic-sg/vertical_app_workflow_efficiency/static/js/async/lib-axios.502cb424.js was preloaded using link preload but not used within a few seconds from the window's load event. Please make sure it has an appropriate `as` value and it is preloaded intentionally. @ https://ads.tiktok.com/i18n/nb_register?:0
[   19975ms] [WARNING] The resource https://ads-sg.business-tiktok.com/obj/ttastatic-sg/vertical_app_workflow_efficiency/static/js/async/452.3a4e7c5b.js was preloaded using link preload but not used within a few seconds from the window's load event. Please make sure it has an appropriate `as` value and it is preloaded intentionally. @ https://ads.tiktok.com/i18n/nb_register?:0
[   19975ms] [WARNING] The resource https://ads-sg.business-tiktok.com/obj/ttastatic-sg/vertical_app_workflow_efficiency/static/js/async/__federation_expose_EfficiencyPreload.3747e407.js was preloaded using link preload but not used within a few seconds from the window's load event. Please make sure it has an appropriate `as` value and it is preloaded intentionally. @ https://ads.tiktok.com/i18n/nb_register?:0
[   19975ms] [WARNING] The resource https://lf16-ttmp.byteintlstatic.com/obj/ttastatic-sg/user_management_vmok/static/css/async/9051.053c1bce.css was preloaded using link preload but not used within a few seconds from the window's load event. Please make sure it has an appropriate `as` value and it is preloaded intentionally. @ https://ads.tiktok.com/i18n/nb_register?:0
[   19975ms] [WARNING] The resource https://lf16-ttmp.byteintlstatic.com/obj/ttastatic-sg/user_management_vmok/static/js/async/246.d26fa0b7.js was preloaded using link preload but not used within a few seconds from the window's load event. Please make sure it has an appropriate `as` value and it is preloaded intentionally. @ https://ads.tiktok.com/i18n/nb_register?:0
[   19975ms] [WARNING] The resource https://lf16-ttmp.byteintlstatic.com/obj/ttastatic-sg/user_management_vmok/static/js/async/3942.ed6eb284.js was preloaded using link preload but not used within a few seconds from the window's load event. Please make sure it has an appropriate `as` value and it is preloaded intentionally. @ https://ads.tiktok.com/i18n/nb_register?:0
[   19975ms] [WARNING] The resource https://lf16-ttmp.byteintlstatic.com/obj/ttastatic-sg/user_management_vmok/static/js/async/2223.0d23ae42.js was preloaded using link preload but not used within a few seconds from the window's load event. Please make sure it has an appropriate `as` value and it is preloaded intentionally. @ https://ads.tiktok.com/i18n/nb_register?:0
[   19975ms] [WARNING] The resource https://lf16-ttmp.byteintlstatic.com/obj/ttastatic-sg/user_management_vmok/static/js/async/2274.630a6168.js was preloaded using link preload but not used within a few seconds from the window's load event. Please make sure it has an appropriate `as` value and it is preloaded intentionally. @ https://ads.tiktok.com/i18n/nb_register?:0
[   19975ms] [WARNING] The resource https://lf16-ttmp.byteintlstatic.com/obj/ttastatic-sg/user_management_vmok/static/js/async/894.c6a3b21c.js was preloaded using link preload but not used within a few seconds from the window's load event. Please make sure it has an appropriate `as` value and it is preloaded intentionally. @ https://ads.tiktok.com/i18n/nb_register?:0
[   19975ms] [WARNING] The resource https://lf16-ttmp.byteintlstatic.com/obj/ttastatic-sg/user_management_vmok/static/js/async/8494.8769097c.js was preloaded using link preload but not used within a few seconds from the window's load event. Please make sure it has an appropriate `as` value and it is preloaded intentionally. @ https://ads.tiktok.com/i18n/nb_register?:0
[   19975ms] [WARNING] The resource https://lf16-ttmp.byteintlstatic.com/obj/ttastatic-sg/user_management_vmok/static/js/async/6223.a87e4fe0.js was preloaded using link preload but not used within a few seconds from the window's load event. Please make sure it has an appropriate `as` value and it is preloaded intentionally. @ https://ads.tiktok.com/i18n/nb_register?:0
[   19975ms] [WARNING] The resource https://lf16-ttmp.byteintlstatic.com/obj/ttastatic-sg/user_management_vmok/static/js/async/2702.0e6490ca.js was preloaded using link preload but not used within a few seconds from the window's load event. Please make sure it has an appropriate `as` value and it is preloaded intentionally. @ https://ads.tiktok.com/i18n/nb_register?:0
[   19975ms] [WARNING] The resource https://lf16-ttmp.byteintlstatic.com/obj/ttastatic-sg/user_management_vmok/static/js/async/9051.ef672dfe.js was preloaded using link preload but not used within a few seconds from the window's load event. Please make sure it has an appropriate `as` value and it is preloaded intentionally. @ https://ads.tiktok.com/i18n/nb_register?:0
[   19975ms] [WARNING] The resource https://lf16-ttmp.byteintlstatic.com/obj/ttastatic-sg/user_management_vmok/static/css/async/1950.429bc0b2.css was preloaded using link preload but not used within a few seconds from the window's load event. Please make sure it has an appropriate `as` value and it is preloaded intentionally. @ https://ads.tiktok.com/i18n/nb_register?:0
[   19975ms] [WARNING] The resource https://lf16-ttmp.byteintlstatic.com/obj/ttastatic-sg/user_management_vmok/static/js/async/4234.86b188ab.js was preloaded using link preload but not used within a few seconds from the window's load event. Please make sure it has an appropriate `as` value and it is preloaded intentionally. @ https://ads.tiktok.com/i18n/nb_register?:0
[   24461ms] [WARNING] The resource https://lf16-ttmp.byteintlstatic.com/obj/ttastatic-sg/user_management_vmok/static/js/async/4710.33a368b6.js was preloaded using link preload but not used within a few seconds from the window's load event. Please make sure it has an appropriate `as` value and it is preloaded intentionally. @ https://ads.tiktok.com/i18n/nb_register?:0
[   24461ms] [WARNING] The resource https://ads-sg.business-tiktok.com/obj/ttastatic-sg/vertical_app_workflow_efficiency/static/js/async/695.8bb009a8.js was preloaded using link preload but not used within a few seconds from the window's load event. Please make sure it has an appropriate `as` value and it is preloaded intentionally. @ https://ads.tiktok.com/i18n/nb_register?:0
[   24461ms] [WARNING] The resource https://lf16-ttmp.byteintlstatic.com/obj/ttastatic-sg/user_management_vmok/static/js/async/8972.7b1e6551.js was preloaded using link preload but not used within a few seconds from the window's load event. Please make sure it has an appropriate `as` value and it is preloaded intentionally. @ https://ads.tiktok.com/i18n/nb_register?:0
[   24461ms] [WARNING] The resource https://ads-sg.business-tiktok.com/obj/ttastatic-sg/vertical_app_workflow_efficiency/static/js/async/644.2d901394.js was preloaded using link preload but not used within a few seconds from the window's load event. Please make sure it has an appropriate `as` value and it is preloaded intentionally. @ https://ads.tiktok.com/i18n/nb_register?:0
[   24461ms] [WARNING] The resource https://lf16-ttmp.byteintlstatic.com/obj/ttastatic-sg/user_management_vmok/static/js/async/1287.8a6902b9.js was preloaded using link preload but not used within a few seconds from the window's load event. Please make sure it has an appropriate `as` value and it is preloaded intentionally. @ https://ads.tiktok.com/i18n/nb_register?:0
[   24461ms] [WARNING] The resource https://lf16-ttmp.byteintlstatic.com/obj/ttastatic-sg/user_management_vmok/static/js/async/4895.8e2fb517.js was preloaded using link preload but not used within a few seconds from the window's load event. Please make sure it has an appropriate `as` value and it is preloaded intentionally. @ https://ads.tiktok.com/i18n/nb_register?:0
[   24461ms] [WARNING] The resource https://lf16-ttmp.byteintlstatic.com/obj/ttastatic-sg/user_management_vmok/static/js/async/__federation_expose_business_setup.2863ce9c.js was preloaded using link preload but not used within a few seconds from the window's load event. Please make sure it has an appropriate `as` value and it is preloaded intentionally. @ https://ads.tiktok.com/i18n/nb_register?:0
[   24461ms] [WARNING] The resource https://lf16-ttmp.byteintlstatic.com/obj/ttastatic-sg/user_management_vmok/static/js/async/9595.ab7745f3.js was preloaded using link preload but not used within a few seconds from the window's load event. Please make sure it has an appropriate `as` value and it is preloaded intentionally. @ https://ads.tiktok.com/i18n/nb_register?:0
[   24461ms] [WARNING] The resource https://lf16-ttmp.byteintlstatic.com/obj/ttastatic-sg/user_management_vmok/static/js/lib-polyfill.bf376832.js was preloaded using link preload but not used within a few seconds from the window's load event. Please make sure it has an appropriate `as` value and it is preloaded intentionally. @ https://ads.tiktok.com/i18n/nb_register?:0
[   24461ms] [WARNING] The resource https://ads-sg.business-tiktok.com/obj/ttastatic-sg/vertical_app_workflow_efficiency/static/js/async/argus-builder-strategy.e0ed3dda.js was preloaded using link preload but not used within a few seconds from the window's load event. Please make sure it has an appropriate `as` value and it is preloaded intentionally. @ https://ads.tiktok.com/i18n/nb_register?:0
[   24461ms] [WARNING] The resource https://lf16-ttmp.byteintlstatic.com/obj/ttastatic-sg/user_management_vmok/static/css/async/3942.2f66ab68.css was preloaded using link preload but not used within a few seconds from the window's load event. Please make sure it has an appropriate `as` value and it is preloaded intentionally. @ https://ads.tiktok.com/i18n/nb_register?:0
[   24461ms] [WARNING] The resource https://ads-sg.business-tiktok.com/obj/ttastatic-sg/vertical_app_workflow_efficiency/static/js/async/lib-axios.502cb424.js was preloaded using link preload but not used within a few seconds from the window's load event. Please make sure it has an appropriate `as` value and it is preloaded intentionally. @ https://ads.tiktok.com/i18n/nb_register?:0
[   24461ms] [WARNING] The resource https://ads-sg.business-tiktok.com/obj/ttastatic-sg/vertical_app_workflow_efficiency/static/js/async/452.3a4e7c5b.js was preloaded using link preload but not used within a few seconds from the window's load event. Please make sure it has an appropriate `as` value and it is preloaded intentionally. @ https://ads.tiktok.com/i18n/nb_register?:0
[   24461ms] [WARNING] The resource https://ads-sg.business-tiktok.com/obj/ttastatic-sg/vertical_app_workflow_efficiency/static/js/async/__federation_expose_EfficiencyPreload.3747e407.js was preloaded using link preload but not used within a few seconds from the window's load event. Please make sure it has an appropriate `as` value and it is preloaded intentionally. @ https://ads.tiktok.com/i18n/nb_register?:0
[   24461ms] [WARNING] The resource https://lf16-ttmp.byteintlstatic.com/obj/ttastatic-sg/user_management_vmok/static/css/async/9051.053c1bce.css was preloaded using link preload but not used within a few seconds from the window's load event. Please make sure it has an appropriate `as` value and it is preloaded intentionally. @ https://ads.tiktok.com/i18n/nb_register?:0
[   24461ms] [WARNING] The resource https://lf16-ttmp.byteintlstatic.com/obj/ttastatic-sg/user_management_vmok/static/js/async/246.d26fa0b7.js was preloaded using link preload but not used within a few seconds from the window's load event. Please make sure it has an appropriate `as` value and it is preloaded intentionally. @ https://ads.tiktok.com/i18n/nb_register?:0
[   24461ms] [WARNING] The resource https://lf16-ttmp.byteintlstatic.com/obj/ttastatic-sg/user_management_vmok/static/js/async/3942.ed6eb284.js was preloaded using link preload but not used within a few seconds from the window's load event. Please make sure it has an appropriate `as` value and it is preloaded intentionally. @ https://ads.tiktok.com/i18n/nb_register?:0
[   24461ms] [WARNING] The resource https://lf16-ttmp.byteintlstatic.com/obj/ttastatic-sg/user_management_vmok/static/js/async/2223.0d23ae42.js was preloaded using link preload but not used within a few seconds from the window's load event. Please make sure it has an appropriate `as` value and it is preloaded intentionally. @ https://ads.tiktok.com/i18n/nb_register?:0
[   24461ms] [WARNING] The resource https://lf16-ttmp.byteintlstatic.com/obj/ttastatic-sg/user_management_vmok/static/js/async/2274.630a6168.js was preloaded using link preload but not used within a few seconds from the window's load event. Please make sure it has an appropriate `as` value and it is preloaded intentionally. @ https://ads.tiktok.com/i18n/nb_register?:0
[   24461ms] [WARNING] The resource https://lf16-ttmp.byteintlstatic.com/obj/ttastatic-sg/user_management_vmok/static/js/async/894.c6a3b21c.js was preloaded using link preload but not used within a few seconds from the window's load event. Please make sure it has an appropriate `as` value and it is preloaded intentionally. @ https://ads.tiktok.com/i18n/nb_register?:0
[   24461ms] [WARNING] The resource https://lf16-ttmp.byteintlstatic.com/obj/ttastatic-sg/user_management_vmok/static/js/async/8494.8769097c.js was preloaded using link preload but not used within a few seconds from the window's load event. Please make sure it has an appropriate `as` value and it is preloaded intentionally. @ https://ads.tiktok.com/i18n/nb_register?:0
[   24461ms] [WARNING] The resource https://lf16-ttmp.byteintlstatic.com/obj/ttastatic-sg/user_management_vmok/static/js/async/6223.a87e4fe0.js was preloaded using link preload but not used within a few seconds from the window's load event. Please make sure it has an appropriate `as` value and it is preloaded intentionally. @ https://ads.tiktok.com/i18n/nb_register?:0
[   24461ms] [WARNING] The resource https://lf16-ttmp.byteintlstatic.com/obj/ttastatic-sg/user_management_vmok/static/js/async/2702.0e6490ca.js was preloaded using link preload but not used within a few seconds from the window's load event. Please make sure it has an appropriate `as` value and it is preloaded intentionally. @ https://ads.tiktok.com/i18n/nb_register?:0
[   24461ms] [WARNING] The resource https://lf16-ttmp.byteintlstatic.com/obj/ttastatic-sg/user_management_vmok/static/js/async/9051.ef672dfe.js was preloaded using link preload but not used within a few seconds from the window's load event. Please make sure it has an appropriate `as` value and it is preloaded intentionally. @ https://ads.tiktok.com/i18n/nb_register?:0
[   24461ms] [WARNING] The resource https://lf16-ttmp.byteintlstatic.com/obj/ttastatic-sg/user_management_vmok/static/css/async/1950.429bc0b2.css was preloaded using link preload but not used within a few seconds from the window's load event. Please make sure it has an appropriate `as` value and it is preloaded intentionally. @ https://ads.tiktok.com/i18n/nb_register?:0
[   24461ms] [WARNING] The resource https://lf16-ttmp.byteintlstatic.com/obj/ttastatic-sg/user_management_vmok/static/js/async/4234.86b188ab.js was preloaded using link preload but not used within a few seconds from the window's load event. Please make sure it has an appropriate `as` value and it is preloaded intentionally. @ https://ads.tiktok.com/i18n/nb_register?:0
