[    4572ms] [WARNING] using deprecated parameters for the initialization function; pass a single object instead @ https://cdn.shopify.com/shopifycloud/web/assets/v1/vite/client/en/assets/main-c542adc4ae10.js:1
[   29858ms] [WARNING] polaris:  JSHandle@node - accessibilityLabel is recommended when scroll-box is provided @ https://cdn.shopify.com/shopifycloud/web/assets/v1/vite/client/en/assets/main-c542adc4ae10.js:1
[   29862ms] [WARNING] polaris:  JSHandle@node - accessibilityLabel is recommended when scroll-box is provided @ https://cdn.shopify.com/shopifycloud/web/assets/v1/vite/client/en/assets/main-c542adc4ae10.js:1
[   29865ms] [WARNING] polaris:  JSHandle@node - accessibilityLabel is recommended when scroll-box is provided @ https://cdn.shopify.com/shopifycloud/web/assets/v1/vite/client/en/assets/main-c542adc4ae10.js:1
[   29868ms] [WARNING] polaris:  JSHandle@node - ChoiceList should have a name. @ https://cdn.shopify.com/shopifycloud/web/assets/v1/vite/client/en/assets/main-c542adc4ae10.js:1
[   29888ms] [WARNING] polaris:  JSHandle@node - ChoiceList should have a name. @ https://cdn.shopify.com/shopifycloud/web/assets/v1/vite/client/en/assets/main-c542adc4ae10.js:1
[   29892ms] [WARNING] polaris:  JSHandle@node - ChoiceList should have a name. @ https://cdn.shopify.com/shopifycloud/web/assets/v1/vite/client/en/assets/main-c542adc4ae10.js:1
[   29909ms] [WARNING] polaris:  JSHandle@node - ChoiceList should have a name. @ https://cdn.shopify.com/shopifycloud/web/assets/v1/vite/client/en/assets/main-c542adc4ae10.js:1
[   29933ms] Transition was aborted because of invalid state
[   29952ms] [WARNING] polaris:  JSHandle@node - ChoiceList should have a name. @ https://cdn.shopify.com/shopifycloud/web/assets/v1/vite/client/en/assets/main-c542adc4ae10.js:1
[   29986ms] [WARNING] polaris:  JSHandle@node - ChoiceList should have a name. @ https://cdn.shopify.com/shopifycloud/web/assets/v1/vite/client/en/assets/main-c542adc4ae10.js:1
[   30018ms] [WARNING] polaris:  JSHandle@node - ChoiceList should have a name. @ https://cdn.shopify.com/shopifycloud/web/assets/v1/vite/client/en/assets/main-c542adc4ae10.js:1
[   30051ms] [WARNING] polaris:  JSHandle@node - ChoiceList should have a name. @ https://cdn.shopify.com/shopifycloud/web/assets/v1/vite/client/en/assets/main-c542adc4ae10.js:1
[   30085ms] [WARNING] polaris:  JSHandle@node - ChoiceList should have a name. @ https://cdn.shopify.com/shopifycloud/web/assets/v1/vite/client/en/assets/main-c542adc4ae10.js:1
[   30118ms] [WARNING] polaris:  JSHandle@node - ChoiceList should have a name. @ https://cdn.shopify.com/shopifycloud/web/assets/v1/vite/client/en/assets/main-c542adc4ae10.js:1
[   30151ms] [WARNING] polaris:  JSHandle@node - ChoiceList should have a name. @ https://cdn.shopify.com/shopifycloud/web/assets/v1/vite/client/en/assets/main-c542adc4ae10.js:1
[   30184ms] [WARNING] polaris:  JSHandle@node - ChoiceList should have a name. @ https://cdn.shopify.com/shopifycloud/web/assets/v1/vite/client/en/assets/main-c542adc4ae10.js:1
[   30401ms] [WARNING] polaris:  JSHandle@node - ChoiceList should have a name. @ https://cdn.shopify.com/shopifycloud/web/assets/v1/vite/client/en/assets/main-c542adc4ae10.js:1
[   30418ms] [WARNING] polaris:  JSHandle@node - ChoiceList should have a name. @ https://cdn.shopify.com/shopifycloud/web/assets/v1/vite/client/en/assets/main-c542adc4ae10.js:1
[   30453ms] [WARNING] polaris:  JSHandle@node - ChoiceList should have a name. @ https://cdn.shopify.com/shopifycloud/web/assets/v1/vite/client/en/assets/main-c542adc4ae10.js:1
[   30484ms] [WARNING] polaris:  JSHandle@node - ChoiceList should have a name. @ https://cdn.shopify.com/shopifycloud/web/assets/v1/vite/client/en/assets/main-c542adc4ae10.js:1
[   30518ms] [WARNING] polaris:  JSHandle@node - ChoiceList should have a name. @ https://cdn.shopify.com/shopifycloud/web/assets/v1/vite/client/en/assets/main-c542adc4ae10.js:1
[   30584ms] [WARNING] polaris:  JSHandle@node - ChoiceList should have a name. @ https://cdn.shopify.com/shopifycloud/web/assets/v1/vite/client/en/assets/main-c542adc4ae10.js:1
[   30595ms] [WARNING] polaris:  JSHandle@node - ChoiceList should have a name. @ https://cdn.shopify.com/shopifycloud/web/assets/v1/vite/client/en/assets/main-c542adc4ae10.js:1
[   30619ms] [WARNING] polaris:  JSHandle@node - ChoiceList should have a name. @ https://cdn.shopify.com/shopifycloud/web/assets/v1/vite/client/en/assets/main-c542adc4ae10.js:1
[   30652ms] [WARNING] polaris:  JSHandle@node - ChoiceList should have a name. @ https://cdn.shopify.com/shopifycloud/web/assets/v1/vite/client/en/assets/main-c542adc4ae10.js:1
[   30685ms] [WARNING] polaris:  JSHandle@node - ChoiceList should have a name. @ https://cdn.shopify.com/shopifycloud/web/assets/v1/vite/client/en/assets/main-c542adc4ae10.js:1
[   30718ms] [WARNING] polaris:  JSHandle@node - ChoiceList should have a name. @ https://cdn.shopify.com/shopifycloud/web/assets/v1/vite/client/en/assets/main-c542adc4ae10.js:1
[   30752ms] [WARNING] polaris:  JSHandle@node - ChoiceList should have a name. @ https://cdn.shopify.com/shopifycloud/web/assets/v1/vite/client/en/assets/main-c542adc4ae10.js:1
[   30785ms] [WARNING] polaris:  JSHandle@node - ChoiceList should have a name. @ https://cdn.shopify.com/shopifycloud/web/assets/v1/vite/client/en/assets/main-c542adc4ae10.js:1
[   30817ms] [WARNING] polaris:  JSHandle@node - ChoiceList should have a name. @ https://cdn.shopify.com/shopifycloud/web/assets/v1/vite/client/en/assets/main-c542adc4ae10.js:1
[   30900ms] [WARNING] polaris:  JSHandle@node - ChoiceList should have a name. @ https://cdn.shopify.com/shopifycloud/web/assets/v1/vite/client/en/assets/main-c542adc4ae10.js:1
[   30917ms] [WARNING] polaris:  JSHandle@node - ChoiceList should have a name. @ https://cdn.shopify.com/shopifycloud/web/assets/v1/vite/client/en/assets/main-c542adc4ae10.js:1
[   30951ms] [WARNING] polaris:  JSHandle@node - ChoiceList should have a name. @ https://cdn.shopify.com/shopifycloud/web/assets/v1/vite/client/en/assets/main-c542adc4ae10.js:1
[   30985ms] [WARNING] polaris:  JSHandle@node - ChoiceList should have a name. @ https://cdn.shopify.com/shopifycloud/web/assets/v1/vite/client/en/assets/main-c542adc4ae10.js:1
[   31018ms] [WARNING] polaris:  JSHandle@node - ChoiceList should have a name. @ https://cdn.shopify.com/shopifycloud/web/assets/v1/vite/client/en/assets/main-c542adc4ae10.js:1
[   31051ms] [WARNING] polaris:  JSHandle@node - ChoiceList should have a name. @ https://cdn.shopify.com/shopifycloud/web/assets/v1/vite/client/en/assets/main-c542adc4ae10.js:1
[   54887ms] [WARNING] polaris:  JSHandle@node - ChoiceList should have a name. @ https://cdn.shopify.com/shopifycloud/web/assets/v1/vite/client/en/assets/main-c542adc4ae10.js:1
[   55226ms] [WARNING] polaris:  JSHandle@node - ChoiceList should have a name. @ https://cdn.shopify.com/shopifycloud/web/assets/v1/vite/client/en/assets/main-c542adc4ae10.js:1
[   60245ms] [WARNING] polaris:  JSHandle@node - ChoiceList should have a name. @ https://cdn.shopify.com/shopifycloud/web/assets/v1/vite/client/en/assets/main-c542adc4ae10.js:1
[   67972ms] [WARNING] polaris:  JSHandle@node - ChoiceList should have a name. @ https://cdn.shopify.com/shopifycloud/web/assets/v1/vite/client/en/assets/main-c542adc4ae10.js:1
[   74160ms] [WARNING] polaris:  JSHandle@node - ChoiceList should have a name. @ https://cdn.shopify.com/shopifycloud/web/assets/v1/vite/client/en/assets/main-c542adc4ae10.js:1
[   83059ms] [WARNING] polaris:  JSHandle@node - ChoiceList should have a name. @ https://cdn.shopify.com/shopifycloud/web/assets/v1/vite/client/en/assets/main-c542adc4ae10.js:1
[   83454ms] [WARNING] polaris:  JSHandle@node - ChoiceList should have a name. @ https://cdn.shopify.com/shopifycloud/web/assets/v1/vite/client/en/assets/main-c542adc4ae10.js:1
[   83787ms] [WARNING] polaris:  JSHandle@node - ChoiceList should have a name. @ https://cdn.shopify.com/shopifycloud/web/assets/v1/vite/client/en/assets/main-c542adc4ae10.js:1
[   88465ms] [WARNING] polaris:  JSHandle@node - ChoiceList should have a name. @ https://cdn.shopify.com/shopifycloud/web/assets/v1/vite/client/en/assets/main-c542adc4ae10.js:1
[ 7888593ms] [WARNING] polaris:  JSHandle@node - ChoiceList should have a name. @ https://cdn.shopify.com/shopifycloud/web/assets/v1/vite/client/en/assets/main-c542adc4ae10.js:1
[ 7888620ms] [WARNING] polaris:  JSHandle@node - ChoiceList should have a name. @ https://cdn.shopify.com/shopifycloud/web/assets/v1/vite/client/en/assets/main-c542adc4ae10.js:1
[ 7888635ms] [WARNING] polaris:  JSHandle@node - ChoiceList should have a name. @ https://cdn.shopify.com/shopifycloud/web/assets/v1/vite/client/en/assets/main-c542adc4ae10.js:1
[ 7889157ms] [WARNING] polaris:  JSHandle@node - ChoiceList should have a name. @ https://cdn.shopify.com/shopifycloud/web/assets/v1/vite/client/en/assets/main-c542adc4ae10.js:1
[ 7889171ms] [WARNING] polaris:  JSHandle@node - ChoiceList should have a name. @ https://cdn.shopify.com/shopifycloud/web/assets/v1/vite/client/en/assets/main-c542adc4ae10.js:1
[ 7889185ms] [WARNING] polaris:  JSHandle@node - ChoiceList should have a name. @ https://cdn.shopify.com/shopifycloud/web/assets/v1/vite/client/en/assets/main-c542adc4ae10.js:1
