[     532ms] [INFO] Download the Vue Devtools extension for a better development experience:
https://github.com/vuejs/vue-devtools @ https://frontend-cf.cjdropshipping.com/egg/libs/vue-2.6.11/vue.js:9054
[     532ms] [INFO] You are running Vue in development mode.
Make sure to turn on production mode when deploying for production.
See more tips at https://vuejs.org/guide/deployment.html @ https://frontend-cf.cjdropshipping.com/egg/libs/vue-2.6.11/vue.js:9063
[     692ms] [WARNING] ########## load sentry production ########## @ https://frontend-cf.cjdropshipping.com/web-egg/2026-08-08-08-47-59/egg/script/cj-router.js:0
[     724ms] [LOG] 同步language到googtrans： /en/es @ https://frontend-cf.cjdropshipping.com/web-egg/2026-08-08-08-47-59/egg/script/cj-router.js:0
[     783ms] [LOG] %cpackages/mf-mycj-components/src/common/login-for-platform.ts:364 "registerLoginSuccessListener" is registered color: #007acc; registerLoginSuccessListener1s @ https://frontend-cf.cjdropshipping.com/web-egg/2026-08-08-08-47-59/egg/script/cj-router.js:0
[     888ms] [ERROR] Failed to load resource: net::ERR_CONNECTION_CLOSED @ https://googleads.g.doubleclick.net/pagead/viewthroughconversion/328901827/?random=1786259986535&cv=11&fst=1786259986535&bg=ffffff&guid=ON&async=1&en=gtag.config&gtm=45be6860h2v894247354za200zd894247354xec&gcd=13l3l3R3l5l1&dma=0&tag_exp=115616985~115938465~115938469~118131810~118897920~118897930~119337768~119527019~119896802&u_w=1470&u_h=956&url=https%3A%2F%2Fcjdropshipping.com%2F&rcb=14&frm=0&tiba=CJdropshipping%20-%20Dropshipping%20from%20Worldwide%20to%20Worldwide!&hn=www.googleadservices.com&npa=0&pscdl=noapi&auid=1034380881.1786259428&uaa=arm&uab=64&uafvl=Not%253DA%253FBrand%3B99.0.0.0%7CGoogle%2520Chrome%3B151.0.7922.76%7CChromium%3B151.0.7922.76&uamb=0&uam=&uap=macOS&uapv=15.7.5&uaw=0&data=event%3Dgtag.config&ept=9&rfmt=3&fmt=4:0
[    1341ms] [LOG] Content is cached for offline use. @ https://frontend-cf.cjdropshipping.com/web-egg/2026-08-08-08-47-59/egg/script/cj-router.js:0
[    1416ms] [WARNING] ######## sentry enabled prod @ https://frontend-cf.cjdropshipping.com/chat/static/js/main.70745042.chunk.js:0
[    1894ms] [LOG] null {advertisingservice: Object, common: Object, darkPlatformLarge: Object, darkPlatformServiceLarge: Object, egg: Object} @ https://frontend-cf.cjdropshipping.com/web-egg/2026-08-08-08-47-59/egg/script/cj-router.js:0
[    2271ms] [LOG] useInternalReceptionVersion true @ https://frontend-cf.cjdropshipping.com/web-egg/2026-08-08-08-47-59/egg/script/cj-router.js:0
[    2294ms] [LOG] ai 组件加载完成 Module @ https://frontend-cf.cjdropshipping.com/chat/static/js/17.826b6a00.chunk.js:0
[    2441ms] [WARNING] ######## sentry enabled prod @ https://frontend-cf.cjdropshipping.com/chat/static/js/main.70745042.chunk.js:0
[    2606ms] [LOG] init load @ https://frontend-cf.cjdropshipping.com/web-egg/2026-08-08-08-47-59/egg/script/cj-router.js:0
[    3092ms] [LOG] 从 Dexie 缓存获取站点配置: chat.cjdropshipping.com @ https://frontend-cf.cjdropshipping.com/chat/static/js/17.826b6a00.chunk.js:0
[    3093ms] [LOG] sitecheck data:  {customerPage: https://www.cjdropshipping.com, favicon: https://frontend-cf.cjdropshipping.com/config-resource/cj/favicon.ico, fullName: CJdropshipping, platform: 2, platformName: CJ} en @ https://frontend-cf.cjdropshipping.com/chat/static/js/17.826b6a00.chunk.js:0
[    3107ms] [LOG] en [] false @ https://frontend-cf.cjdropshipping.com/chat/static/js/17.826b6a00.chunk.js:0
[    4633ms] [LOG] %c cj接收 => unReadCount  background:#41b883; color:#fff {sender: Object, message: Object} @ https://frontend-cf.cjdropshipping.com/chat/static/js/17.826b6a00.chunk.js:0
[    6391ms] [WARNING] single-spa minified message #1: See https://single-spa.js.org/error/?code=1 @ https://frontend-cf.cjdropshipping.com/chat/static/js/17.826b6a00.chunk.js:0
[    7430ms] [WARNING] single-spa minified message #1: See https://single-spa.js.org/error/?code=1 @ https://frontend-cf.cjdropshipping.com/chat/static/js/17.826b6a00.chunk.js:0
