[    1485ms] [ERROR] The Content Security Policy directive 'upgrade-insecure-requests' is ignored when delivered in a report-only policy. @ https://accounts.shopify.com/lookup?rid=fedf157f-c0e0-4bd8-8aa7-edcdb8341f57&verify=1785918202-nPB08vWIiGh0MjGhGtAga9mGKXu8CmvWE7LRNP9EdO4%3D:0
[    2182ms] [ERROR] The Content Security Policy directive 'upgrade-insecure-requests' is ignored when delivered in a report-only policy. @ https://hcaptcha.com/1/api.js?render=explicit&onload=simpleCaptchaReady:3
[    2182ms] [ERROR] The Content Security Policy directive 'upgrade-insecure-requests' is ignored when delivered in a report-only policy. @ https://hcaptcha.com/1/api.js?render=explicit&onload=simpleCaptchaReady:3
[    2238ms] [WARNING] Failed to execute 'postMessage' on 'DOMWindow': The target origin provided ('https://newassets.hcaptcha.com') does not match the recipient window's origin ('https://accounts.shopify.com'). @ https://shopify-assets.shopifycdn.com/shopifycloud/dux/dux-portal-7.5.0.min.js:0
[    2238ms] [WARNING] Failed to execute 'postMessage' on 'DOMWindow': The target origin provided ('https://newassets.hcaptcha.com') does not match the recipient window's origin ('https://accounts.shopify.com'). @ https://shopify-assets.shopifycdn.com/shopifycloud/dux/dux-portal-7.5.0.min.js:0
[  218844ms] [ERROR] The Content Security Policy directive 'upgrade-insecure-requests' is ignored when delivered in a report-only policy. @ https://accounts.shopify.com/login?rid=fedf157f-c0e0-4bd8-8aa7-edcdb8341f57:0
[  219196ms] [ERROR] The Content Security Policy directive 'upgrade-insecure-requests' is ignored when delivered in a report-only policy. @ https://accounts.shopify.com/login/external/google/login?rid=fedf157f-c0e0-4bd8-8aa7-edcdb8341f57:0
[  220076ms] [LOG] %c%s color: red; background: yellow; font-size: 24px; ADVERTENCIA @ https://www.gstatic.com/_/mss/boq-identity/_/js/k=boq-identity.AccountsSignInUi.es_419.kg-ZXhWbuUU.es5.O/am=EQEAAADIgB8SAOT__28AAAMItgPeswCaACEDAAAAAAAAAAAsAABAI4A/d=1/excm=_b,_tp,accountchooserview/ed=1/dg=0/wt=2/ujg=1/rs=AOaEmlFC7yTuoNJU_yenXon6x26WUgFGEA/dti=1/m=_b,_tp:552
[  220077ms] [LOG] %c%s font-size: 18px; Si usas esta consola, un atacante podría suplantar tu identidad y robar tu información a través de un ataque llamado Self-XSS.
No ingreses ni pegues ningún código que no entiendas. @ https://www.gstatic.com/_/mss/boq-identity/_/js/k=boq-identity.AccountsSignInUi.es_419.kg-ZXhWbuUU.es5.O/am=EQEAAADIgB8SAOT__28AAAMItgPeswCaACEDAAAAAAAAAAAsAABAI4A/d=1/excm=_b,_tp,accountchooserview/ed=1/dg=0/wt=2/ujg=1/rs=AOaEmlFC7yTuoNJU_yenXon6x26WUgFGEA/dti=1/m=_b,_tp:552
[14645016ms] [LOG] %c%s color: red; background: yellow; font-size: 24px; ADVERTENCIA @ https://www.gstatic.com/_/mss/boq-identity/_/js/k=boq-identity.AccountsSignInUi.es_419.kg-ZXhWbuUU.es5.O/am=EQEAAADIgB8SAOT__28AAAMItgPeswCaACEDAAAAAAAAAAAsAABAI4A/d=1/excm=_b,_tp,accountchooserview/ed=1/dg=0/wt=2/ujg=1/rs=AOaEmlFC7yTuoNJU_yenXon6x26WUgFGEA/dti=1/m=_b,_tp:552
[14645016ms] [LOG] %c%s font-size: 18px; Si usas esta consola, un atacante podría suplantar tu identidad y robar tu información a través de un ataque llamado Self-XSS.
No ingreses ni pegues ningún código que no entiendas. @ https://www.gstatic.com/_/mss/boq-identity/_/js/k=boq-identity.AccountsSignInUi.es_419.kg-ZXhWbuUU.es5.O/am=EQEAAADIgB8SAOT__28AAAMItgPeswCaACEDAAAAAAAAAAAsAABAI4A/d=1/excm=_b,_tp,accountchooserview/ed=1/dg=0/wt=2/ujg=1/rs=AOaEmlFC7yTuoNJU_yenXon6x26WUgFGEA/dti=1/m=_b,_tp:552
[21154698ms] [ERROR] Failed to load resource: net::ERR_NETWORK_CHANGED @ https://accounts.google.com/v3/signin/_/AccountsSignInUi/gen204/?tmambps=0.00036990948347450584&rtembps=-1&rttms=65.3&ct=undefined:0
[29451014ms] [LOG] %c%s color: red; background: yellow; font-size: 24px; ADVERTENCIA @ https://www.gstatic.com/_/mss/boq-identity/_/js/k=boq-identity.AccountsSignInUi.es_419.kg-ZXhWbuUU.es5.O/am=EQEAAADIgB8SAOT__28AAAMItgPeswCaACEDAAAAAAAAAAAsAABAI4A/d=1/excm=_b,_tp,accountchooserview/ed=1/dg=0/wt=2/ujg=1/rs=AOaEmlFC7yTuoNJU_yenXon6x26WUgFGEA/dti=1/m=_b,_tp:552
[29451014ms] [LOG] %c%s font-size: 18px; Si usas esta consola, un atacante podría suplantar tu identidad y robar tu información a través de un ataque llamado Self-XSS.
No ingreses ni pegues ningún código que no entiendas. @ https://www.gstatic.com/_/mss/boq-identity/_/js/k=boq-identity.AccountsSignInUi.es_419.kg-ZXhWbuUU.es5.O/am=EQEAAADIgB8SAOT__28AAAMItgPeswCaACEDAAAAAAAAAAAsAABAI4A/d=1/excm=_b,_tp,accountchooserview/ed=1/dg=0/wt=2/ujg=1/rs=AOaEmlFC7yTuoNJU_yenXon6x26WUgFGEA/dti=1/m=_b,_tp:552
[34615692ms] [ERROR] Failed to load resource: net::ERR_NETWORK_CHANGED @ https://accounts.google.com/v3/signin/_/AccountsSignInUi/gen204/?tmambps=0.0006719060523938573&rtembps=-1&rttms=86.3&ct=undefined:0
[37656665ms] [ERROR] Failed to load resource: net::ERR_NETWORK_CHANGED @ https://accounts.google.com/v3/signin/_/AccountsSignInUi/gen204/?tmambps=0.0006719060523938573&rtembps=-1&rttms=86.3&ct=undefined:0
[38312171ms] [ERROR] Failed to load resource: the server responded with a status of 400 () @ https://accounts.google.com/signin/oauth/consent?authuser=0&part=AJi8hANE0uj9o7PF3CslWoIC7nFAqlLETPfnePOJMdrgKwkVB5EueCHAmBOzMwmjf7EB8-_K9vv3vJVxaQCxbnQIB3Vj-UCRh34MxFVNkZPa4BXdw-XtNbOMWCUFL4mxy7JhJNc-CLNti2GyVakRZt_d6ZzCCjxi18l2p4SQv8w0ycHROl-Q83RUDO4T9JfJDGW7945rYRwJ0-WAec22YefLjyM93Pbf5rLitcZCzQiVZ7RtMxyA1tXcChcf84Lh4J-eHfdm_kzYui-3KfBcW4Q0b2tTe3QF096U-rN5uNMi9jIky93OQpxMvsPnT_6e11ienbWMrh8BnQilGaCyftdRF8ozmCNYEOR20Iu1ON2CtO7PODHQAtECJ7QyctN_Oev-N_RSYYmjSi1g2T5rVAtDbidJpk9nXElgGjxQV5Lk56E7TMc4RGTJCEyLqbwRz8h4n84vN7zvi81lDflV7jusEZXazmj1H3bN7TXzu7rfuhaMzdCT7Hw&flowName=GeneralOAuthFlow&as=S1949758125:1785947652464721&client_id=119434437228-oub0dlcoh7hi08817cqqchrma4ft5hpa.apps.googleusercontent.com&requestPath=/signin/oauth/consent&pli=1#:0
