[    4574ms] [ERROR] Framing 'https://ogs.google.com/' violates the following report-only Content Security Policy directive: "frame-ancestors 'self'". The violation has been logged, but no further action has been taken.
 @ :0
[    4574ms] [ERROR] Framing 'https://ogs.google.com/' violates the following report-only Content Security Policy directive: "frame-ancestors 'self'". The violation has been logged, but no further action has been taken.
 @ :0
[    4576ms] [ERROR] Failed to load resource: net::ERR_FAILED @ https://csp.withgoogle.com/csp/frame-ancestors/a00d54fdef4a77536baac3725d1409f8:0
[   10163ms] [WARNING] Failed to execute 'postMessage' on 'DOMWindow': The target origin provided ('https://www.youtube.com') does not match the recipient window's origin ('https://www.google.com'). @ https://www.youtube.com/s/player/854a788e/www-widgetapi.vflset/www-widgetapi.js:162
[   10411ms] [WARNING] Failed to execute 'postMessage' on 'DOMWindow': The target origin provided ('https://www.youtube.com') does not match the recipient window's origin ('https://www.google.com'). @ https://www.youtube.com/s/player/854a788e/www-widgetapi.vflset/www-widgetapi.js:162
[   10660ms] [WARNING] Failed to execute 'postMessage' on 'DOMWindow': The target origin provided ('https://www.youtube.com') does not match the recipient window's origin ('https://www.google.com'). @ https://www.youtube.com/s/player/854a788e/www-widgetapi.vflset/www-widgetapi.js:162
[   10910ms] [WARNING] Failed to execute 'postMessage' on 'DOMWindow': The target origin provided ('https://www.youtube.com') does not match the recipient window's origin ('https://www.google.com'). @ https://www.youtube.com/s/player/854a788e/www-widgetapi.vflset/www-widgetapi.js:162
[   11161ms] [WARNING] Failed to execute 'postMessage' on 'DOMWindow': The target origin provided ('https://www.youtube.com') does not match the recipient window's origin ('https://www.google.com'). @ https://www.youtube.com/s/player/854a788e/www-widgetapi.vflset/www-widgetapi.js:162
[   11411ms] [WARNING] Failed to execute 'postMessage' on 'DOMWindow': The target origin provided ('https://www.youtube.com') does not match the recipient window's origin ('https://www.google.com'). @ https://www.youtube.com/s/player/854a788e/www-widgetapi.vflset/www-widgetapi.js:162
[   11660ms] [WARNING] Failed to execute 'postMessage' on 'DOMWindow': The target origin provided ('https://www.youtube.com') does not match the recipient window's origin ('https://www.google.com'). @ https://www.youtube.com/s/player/854a788e/www-widgetapi.vflset/www-widgetapi.js:162
[   11910ms] [WARNING] Failed to execute 'postMessage' on 'DOMWindow': The target origin provided ('https://www.youtube.com') does not match the recipient window's origin ('https://www.google.com'). @ https://www.youtube.com/s/player/854a788e/www-widgetapi.vflset/www-widgetapi.js:162
[   28611ms] [ERROR] Failed to load resource: the server responded with a status of 404 () @ https://www.payoneer.com/ab19d1a188c4409890cd822fcd1c77e2/b47c67ebc57c4e74b6d274cb8bb9dddf/b7f4579b68534e63a486d3543c7c250e.jpg:0
[   32030ms] [WARNING] The resource https://pubs.payoneer.com/fonts/AvenirNextWorld-Medium.woff2 was preloaded using link preload but not used within a few seconds from the window's load event. Please make sure it has an appropriate `as` value and it is preloaded intentionally. @ https://www.payoneer.com//raf/?rid=548D0E02-6CA1-4BF1-9EBA-9AC2C6F97EEA&gad_source=1&gad_campaignid=22894043743&gbraid=0AAAABAwMR4yfs4JlzG3zWeHnKj3iJBfuT&gclid=CjwKCAjwyuDTBhB-EiwANCQhLIB3-DvbUU-RHtknDCsHPiR5sd0y8WNmGjAGzLB9Hp86k00Lvd461xoClYAQAvD_BwE:0
[   32030ms] [WARNING] The resource https://www.payoneer.com/wp-content/uploads/raf-header-img-mob.png.webp was preloaded using link preload but not used within a few seconds from the window's load event. Please make sure it has an appropriate `as` value and it is preloaded intentionally. @ https://www.payoneer.com//raf/?rid=548D0E02-6CA1-4BF1-9EBA-9AC2C6F97EEA&gad_source=1&gad_campaignid=22894043743&gbraid=0AAAABAwMR4yfs4JlzG3zWeHnKj3iJBfuT&gclid=CjwKCAjwyuDTBhB-EiwANCQhLIB3-DvbUU-RHtknDCsHPiR5sd0y8WNmGjAGzLB9Hp86k00Lvd461xoClYAQAvD_BwE:0
[   72775ms] [ERROR] Failed to load resource: the server responded with a status of 400 () @ https://ld-polling.payoneer.com/sdk/evalx/658aa62f7a55fc10667058a3/contexts/eyJraW5kIjoidXNlciIsImtleSI6ImFub255bW91cyIsImFub255bW91cyI6dHJ1ZX0:0
[  445537ms] [WARNING] <link rel=preload> must have a valid `as` value @ https://myaccount.payoneer.com/ma/?ott=3ac8c3655e1f47d0aa7edcd2e673d535&action=ma-rollout-new:17
[  445537ms] [WARNING] <link rel=preload> must have a valid `as` value @ https://myaccount.payoneer.com/ma/?ott=3ac8c3655e1f47d0aa7edcd2e673d535&action=ma-rollout-new:19
[  445537ms] [WARNING] <link rel=preload> must have a valid `as` value @ https://myaccount.payoneer.com/ma/?ott=3ac8c3655e1f47d0aa7edcd2e673d535&action=ma-rollout-new:20
[  445537ms] [WARNING] <link rel=preload> must have a valid `as` value @ https://myaccount.payoneer.com/ma/?ott=3ac8c3655e1f47d0aa7edcd2e673d535&action=ma-rollout-new:22
[  445537ms] [WARNING] <link rel=preload> must have a valid `as` value @ https://myaccount.payoneer.com/ma/?ott=3ac8c3655e1f47d0aa7edcd2e673d535&action=ma-rollout-new:25
[  445537ms] [WARNING] <link rel=preload> must have a valid `as` value @ https://myaccount.payoneer.com/ma/?ott=3ac8c3655e1f47d0aa7edcd2e673d535&action=ma-rollout-new:27
[  445537ms] [WARNING] <link rel=preload> must have a valid `as` value @ https://myaccount.payoneer.com/ma/?ott=3ac8c3655e1f47d0aa7edcd2e673d535&action=ma-rollout-new:29
[  445537ms] [WARNING] <link rel=preload> must have a valid `as` value @ https://myaccount.payoneer.com/ma/?ott=3ac8c3655e1f47d0aa7edcd2e673d535&action=ma-rollout-new:31
[  446139ms] Uncaught Error: Redirecting
    at value (https://pubs.payoneer.com/ma/script/auth-cee53151a43423f0d8d1.js:2:25957)
    at value (https://pubs.payoneer.com/ma/script/auth-cee53151a43423f0d8d1.js:2:27541)
    at value (https://pubs.payoneer.com/ma/script/auth-cee53151a43423f0d8d1.js:2:27441)
    at 163850 (https://pubs.payoneer.com/ma/script/auth-cee53151a43423f0d8d1.js:2:29421)
    at g (https://pubs.payoneer.com/ma/script/auth-cee53151a43423f0d8d1.js:2:29849)
    at <anonymous> (https://pubs.payoneer.com/ma/script/auth-cee53151a43423f0d8d1.js:2:35963)
    at g.O (https://pubs.payoneer.com/ma/script/auth-cee53151a43423f0d8d1.js:2:30188)
    at <anonymous> (https://pubs.payoneer.com/ma/script/auth-cee53151a43423f0d8d1.js:2:35980)
    at <anonymous> (https://pubs.payoneer.com/ma/script/auth-cee53151a43423f0d8d1.js:2:35985)
[  446752ms] [ERROR] Access to XMLHttpRequest at 'https://pcpassets.payoneer.com/fp/clear.png' from origin 'https://myaccount.payoneer.com' has been blocked by CORS policy: The 'Access-Control-Allow-Origin' header has a value 'https://app.payoneer.com' that is not equal to the supplied origin. @ https://myaccount.payoneer.com/ma/?ott=3ac8c3655e1f47d0aa7edcd2e673d535&action=ma-rollout-new:0
[  446752ms] [ERROR] Failed to load resource: net::ERR_FAILED @ https://pcpassets.payoneer.com/fp/clear.png:0
[  448530ms] [WARNING] <link rel=preload> must have a valid `as` value @ https://myaccount.payoneer.com/ma/?action=ma-rollout-new#?access_token=2TzVWtlExTvm1SJO3rs9hXuxs7MI&expires_in=1200&state=ref%3d39b1%26href%3dhttps%253A%252F%252Fmyaccount.payoneer.com%252Fma%252F%253Faction%253Dma-rollout-new:17
[  448530ms] [WARNING] <link rel=preload> must have a valid `as` value @ https://myaccount.payoneer.com/ma/?action=ma-rollout-new#?access_token=2TzVWtlExTvm1SJO3rs9hXuxs7MI&expires_in=1200&state=ref%3d39b1%26href%3dhttps%253A%252F%252Fmyaccount.payoneer.com%252Fma%252F%253Faction%253Dma-rollout-new:19
[  448530ms] [WARNING] <link rel=preload> must have a valid `as` value @ https://myaccount.payoneer.com/ma/?action=ma-rollout-new#?access_token=2TzVWtlExTvm1SJO3rs9hXuxs7MI&expires_in=1200&state=ref%3d39b1%26href%3dhttps%253A%252F%252Fmyaccount.payoneer.com%252Fma%252F%253Faction%253Dma-rollout-new:20
[  448530ms] [WARNING] <link rel=preload> must have a valid `as` value @ https://myaccount.payoneer.com/ma/?action=ma-rollout-new#?access_token=2TzVWtlExTvm1SJO3rs9hXuxs7MI&expires_in=1200&state=ref%3d39b1%26href%3dhttps%253A%252F%252Fmyaccount.payoneer.com%252Fma%252F%253Faction%253Dma-rollout-new:22
[  448530ms] [WARNING] <link rel=preload> must have a valid `as` value @ https://myaccount.payoneer.com/ma/?action=ma-rollout-new#?access_token=2TzVWtlExTvm1SJO3rs9hXuxs7MI&expires_in=1200&state=ref%3d39b1%26href%3dhttps%253A%252F%252Fmyaccount.payoneer.com%252Fma%252F%253Faction%253Dma-rollout-new:25
[  448530ms] [WARNING] <link rel=preload> must have a valid `as` value @ https://myaccount.payoneer.com/ma/?action=ma-rollout-new#?access_token=2TzVWtlExTvm1SJO3rs9hXuxs7MI&expires_in=1200&state=ref%3d39b1%26href%3dhttps%253A%252F%252Fmyaccount.payoneer.com%252Fma%252F%253Faction%253Dma-rollout-new:27
[  448530ms] [WARNING] <link rel=preload> must have a valid `as` value @ https://myaccount.payoneer.com/ma/?action=ma-rollout-new#?access_token=2TzVWtlExTvm1SJO3rs9hXuxs7MI&expires_in=1200&state=ref%3d39b1%26href%3dhttps%253A%252F%252Fmyaccount.payoneer.com%252Fma%252F%253Faction%253Dma-rollout-new:29
[  448530ms] [WARNING] <link rel=preload> must have a valid `as` value @ https://myaccount.payoneer.com/ma/?action=ma-rollout-new#?access_token=2TzVWtlExTvm1SJO3rs9hXuxs7MI&expires_in=1200&state=ref%3d39b1%26href%3dhttps%253A%252F%252Fmyaccount.payoneer.com%252Fma%252F%253Faction%253Dma-rollout-new:31
[  450123ms] [ERROR] Access to XMLHttpRequest at 'https://pcpassets.payoneer.com/fp/clear.png' from origin 'https://myaccount.payoneer.com' has been blocked by CORS policy: The 'Access-Control-Allow-Origin' header has a value 'https://app.payoneer.com' that is not equal to the supplied origin. @ https://myaccount.payoneer.com/ma/?action=ma-rollout-new:0
[  450123ms] [ERROR] Failed to load resource: net::ERR_FAILED @ https://pcpassets.payoneer.com/fp/clear.png:0
[  461465ms] Identifier 'Tn' has already been declared
[  461565ms] [ERROR] Access to XMLHttpRequest at 'https://pcpassets.payoneer.com/fp/clear.png' from origin 'https://myaccount.payoneer.com' has been blocked by CORS policy: The 'Access-Control-Allow-Origin' header has a value 'https://app.payoneer.com' that is not equal to the supplied origin. @ https://myaccount.payoneer.com/setupmyaccount/:0
[  461565ms] [ERROR] Failed to load resource: net::ERR_FAILED @ https://pcpassets.payoneer.com/fp/clear.png:0
[  462623ms] [ERROR] Access to XMLHttpRequest at 'https://pcpassets.payoneer.com/fp/clear.png' from origin 'https://myaccount.payoneer.com' has been blocked by CORS policy: The 'Access-Control-Allow-Origin' header has a value 'https://app.payoneer.com' that is not equal to the supplied origin. @ https://myaccount.payoneer.com/setupmyaccount/:0
[  462623ms] [ERROR] Failed to load resource: net::ERR_FAILED @ https://pcpassets.payoneer.com/fp/clear.png:0
[ 1050327ms] [WARNING] <link rel=preload> must have a valid `as` value @ https://myaccount.payoneer.com/ma:17
[ 1050327ms] [WARNING] <link rel=preload> must have a valid `as` value @ https://myaccount.payoneer.com/ma:19
[ 1050327ms] [WARNING] <link rel=preload> must have a valid `as` value @ https://myaccount.payoneer.com/ma:20
[ 1050327ms] [WARNING] <link rel=preload> must have a valid `as` value @ https://myaccount.payoneer.com/ma:22
[ 1050327ms] [WARNING] <link rel=preload> must have a valid `as` value @ https://myaccount.payoneer.com/ma:25
[ 1050327ms] [WARNING] <link rel=preload> must have a valid `as` value @ https://myaccount.payoneer.com/ma:27
[ 1050327ms] [WARNING] <link rel=preload> must have a valid `as` value @ https://myaccount.payoneer.com/ma:29
[ 1050327ms] [WARNING] <link rel=preload> must have a valid `as` value @ https://myaccount.payoneer.com/ma:31
[ 1051667ms] [ERROR] Access to XMLHttpRequest at 'https://pcpassets.payoneer.com/fp/clear.png' from origin 'https://myaccount.payoneer.com' has been blocked by CORS policy: The 'Access-Control-Allow-Origin' header has a value 'https://app.payoneer.com' that is not equal to the supplied origin. @ https://myaccount.payoneer.com/ma:0
[ 1051667ms] [ERROR] Failed to load resource: net::ERR_FAILED @ https://pcpassets.payoneer.com/fp/clear.png:0
[ 1052346ms] [WARNING] <link rel=preload> must have a valid `as` value @ https://myaccount.payoneer.com/ma/accountactivation:17
[ 1052346ms] [WARNING] <link rel=preload> must have a valid `as` value @ https://myaccount.payoneer.com/ma/accountactivation:19
[ 1052346ms] [WARNING] <link rel=preload> must have a valid `as` value @ https://myaccount.payoneer.com/ma/accountactivation:20
[ 1052346ms] [WARNING] <link rel=preload> must have a valid `as` value @ https://myaccount.payoneer.com/ma/accountactivation:22
[ 1052346ms] [WARNING] <link rel=preload> must have a valid `as` value @ https://myaccount.payoneer.com/ma/accountactivation:25
[ 1052346ms] [WARNING] <link rel=preload> must have a valid `as` value @ https://myaccount.payoneer.com/ma/accountactivation:27
[ 1052346ms] [WARNING] <link rel=preload> must have a valid `as` value @ https://myaccount.payoneer.com/ma/accountactivation:29
[ 1052346ms] [WARNING] <link rel=preload> must have a valid `as` value @ https://myaccount.payoneer.com/ma/accountactivation:31
[ 1053543ms] [ERROR] Access to XMLHttpRequest at 'https://pcpassets.payoneer.com/fp/clear.png' from origin 'https://myaccount.payoneer.com' has been blocked by CORS policy: The 'Access-Control-Allow-Origin' header has a value 'https://app.payoneer.com' that is not equal to the supplied origin. @ https://myaccount.payoneer.com/ma/accountactivation:0
[ 1053543ms] [ERROR] Failed to load resource: net::ERR_FAILED @ https://pcpassets.payoneer.com/fp/clear.png:0
[ 1054523ms] Uncaught (in promise) Error: Minified Redux error #7; visit https://redux.js.org/Errors?code=7 for the full message or use the non-minified dev environment for full errors. 
    at g (https://pubs.payoneer.com/ma/script/myaccount-ui-vendors-b7a17c8eadbb5c863c0d.js:317:55917)
    at <anonymous> (https://pubs.payoneer.com/ma/script/main-9b6dda693240943e736f.js:2:659480)
    at <anonymous> (https://pubs.payoneer.com/ma/script/main-9b6dda693240943e736f.js:2:659138)
    at <anonymous> (https://pubs.payoneer.com/ma/script/main-9b6dda693240943e736f.js:2:658131)
    at <anonymous> (https://pubs.payoneer.com/ma/script/myaccount-ui-infra-c215f1921be2fc715140.js:52:40488)
    at <anonymous> (https://pubs.payoneer.com/ma/script/myaccount-ui-infra-c215f1921be2fc715140.js:52:39135)
    at <anonymous> (https://pubs.payoneer.com/ma/script/myaccount-ui-infra-c215f1921be2fc715140.js:52:45804)
    at <anonymous> (https://pubs.payoneer.com/ma/script/myaccount-ui-infra-c215f1921be2fc715140.js:44:190216)
    at <anonymous> (https://pubs.payoneer.com/ma/script/myaccount-ui-infra-c215f1921be2fc715140.js:52:26399)
    at <anonymous> (https://pubs.payoneer.com/ma/script/myaccount-ui-infra-c215f1921be2fc715140.js:44:218189)
    at <anonymous> (https://pubs.payoneer.com/ma/script/myaccount-ui-vendors-b7a17c8eadbb5c863c0d.js:246:16312)
    at dispatch (https://pubs.payoneer.com/ma/script/myaccount-ui-vendors-b7a17c8eadbb5c863c0d.js:317:57786)
    at <anonymous> (https://pubs.payoneer.com/ma/script/myaccount-ui-infra-c215f1921be2fc715140.js:52:39108)
    at <anonymous> (https://pubs.payoneer.com/ma/script/myaccount-ui-infra-c215f1921be2fc715140.js:52:39114)
    at <anonymous> (https://pubs.payoneer.com/ma/script/myaccount-ui-infra-c215f1921be2fc715140.js:52:45804)
    at <anonymous> (https://pubs.payoneer.com/ma/script/myaccount-ui-infra-c215f1921be2fc715140.js:44:190216)
    at <anonymous> (https://pubs.payoneer.com/ma/script/myaccount-ui-infra-c215f1921be2fc715140.js:52:26399)
    at <anonymous> (https://pubs.payoneer.com/ma/script/myaccount-ui-infra-c215f1921be2fc715140.js:44:218189)
    at <anonymous> (https://pubs.payoneer.com/ma/script/myaccount-ui-vendors-b7a17c8eadbb5c863c0d.js:246:16312)
    at dispatch (https://pubs.payoneer.com/ma/script/myaccount-ui-vendors-b7a17c8eadbb5c863c0d.js:317:57786)
    at <anonymous> (https://pubs.payoneer.com/ma/script/myaccount-ui-infra-c215f1921be2fc715140.js:52:39439)
[ 1231791ms] [LOG] {
	"browser": {
		"name": "Chrome",
		"version": "151.0.0.0"
	},
	"os": {
		"name": "macOS",
		"version": "10.15.7",
		"versionName": "Catalina"
	},
	"platform": {
		"type": "desktop",
		"vendor": "Apple"
	},
	"engine": {
		"name": "Blink"
	}
} @ https://secure-me.au10tixservices.com/static/check/check.js:19
[ 1231791ms] [LOG] isIosWebView false @ https://secure-me.au10tixservices.com/static/check/check.js:20
[ 1232351ms] [LOG] Secure Me @ https://secure-me.au10tixservices.com/static/js/main.86731a32.js:1
[ 1232351ms] [LOG] inWebView: false @ https://secure-me.au10tixservices.com/static/js/main.86731a32.js:1
[ 1232359ms] [LOG] Calling request attempt: 1 out of 3, network failure retry count: 0 @ https://secure-me.au10tixservices.com/static/js/main.86731a32.js:1
[ 1233406ms] [WARNING] New alias that we doesn't support yet: Carne de Extranjeria for doc type 'Residence Permit', country: PER. Adding it on runtime @ https://secure-me.au10tixservices.com/static/js/main.86731a32.js:1
[ 1233407ms] [WARNING] New alias that we doesn't support yet: Certificate of Indian Status for doc type 'Document of Identity', country: CAN. Adding it on runtime @ https://secure-me.au10tixservices.com/static/js/main.86731a32.js:1
[ 1233407ms] [WARNING] New alias that we doesn't support yet: NIE for doc type 'Residence Card', country: ESP. Adding it on runtime @ https://secure-me.au10tixservices.com/static/js/main.86731a32.js:1
[ 1233407ms] [WARNING] New alias that we doesn't support yet: Proof Of Age for doc type 'ID Card', country: GBR. Adding it on runtime @ https://secure-me.au10tixservices.com/static/js/main.86731a32.js:1
[ 1233407ms] [WARNING] New alias that we doesn't support yet: Address Card for doc type 'ID Card', country: HUN. Adding it on runtime @ https://secure-me.au10tixservices.com/static/js/main.86731a32.js:1
[ 1233407ms] [WARNING] New alias that we doesn't support yet: PAN Card for doc type 'Business ID Card', country: IND. Adding it on runtime @ https://secure-me.au10tixservices.com/static/js/main.86731a32.js:1
[ 1233407ms] [WARNING] New alias that we doesn't support yet: Aadhaar for doc type 'ID Card', country: IND. Adding it on runtime @ https://secure-me.au10tixservices.com/static/js/main.86731a32.js:1
[ 1233407ms] [WARNING] New alias that we doesn't support yet: Alien Resident Certificate for doc type 'Residence Card', country: TWN. Adding it on runtime @ https://secure-me.au10tixservices.com/static/js/main.86731a32.js:1
[ 1233407ms] [WARNING] New alias that we doesn't support yet: Age Card for doc type 'Document of Identity', country: IRL. Adding it on runtime @ https://secure-me.au10tixservices.com/static/js/main.86731a32.js:1
[ 1233408ms] [WARNING] New alias that we doesn't support yet: Foreigner's ID for doc type 'ID Card', country: RWA. Adding it on runtime @ https://secure-me.au10tixservices.com/static/js/main.86731a32.js:1
[ 1233408ms] [WARNING] New alias that we doesn't support yet: Active Duty for doc type 'Military ID Card', country: ISR. Adding it on runtime @ https://secure-me.au10tixservices.com/static/js/main.86731a32.js:1
[ 1233408ms] [WARNING] New alias that we doesn't support yet: Hongkong passport for doc type 'Passport', country: CHN. Adding it on runtime @ https://secure-me.au10tixservices.com/static/js/main.86731a32.js:1
[ 1233408ms] [WARNING] New alias that we doesn't support yet: Two-way Permit for doc type 'Travel Document', country: CHN. Adding it on runtime @ https://secure-me.au10tixservices.com/static/js/main.86731a32.js:1
[ 1233408ms] [WARNING] New alias that we doesn't support yet: Home return permit for doc type 'Travel Document', country: CHN. Adding it on runtime @ https://secure-me.au10tixservices.com/static/js/main.86731a32.js:1
[ 1233408ms] [WARNING] New alias that we doesn't support yet: Taiwan Compatriot Permit for doc type 'Travel Document', country: CHN. Adding it on runtime @ https://secure-me.au10tixservices.com/static/js/main.86731a32.js:1
[ 1233408ms] [WARNING] New alias that we doesn't support yet: UMID for doc type 'ID Card', country: PHL. Adding it on runtime @ https://secure-me.au10tixservices.com/static/js/main.86731a32.js:1
[ 1233408ms] [WARNING] New alias that we doesn't support yet: Postal for doc type 'ID Card', country: PHL. Adding it on runtime @ https://secure-me.au10tixservices.com/static/js/main.86731a32.js:1
[ 1233408ms] [WARNING] New alias that we doesn't support yet: SSS for doc type 'ID Card', country: PHL. Adding it on runtime @ https://secure-me.au10tixservices.com/static/js/main.86731a32.js:1
[ 1233408ms] [WARNING] New alias that we doesn't support yet: TIN for doc type 'ID Card', country: PHL. Adding it on runtime @ https://secure-me.au10tixservices.com/static/js/main.86731a32.js:1
[ 1233408ms] [WARNING] New alias that we doesn't support yet: CertificateOfCitizenship for doc type 'Certificate of Identity', country: NPL. Adding it on runtime @ https://secure-me.au10tixservices.com/static/js/main.86731a32.js:1
[ 1233563ms] [LOG] %c[IND]%c You are running %c MacOS %c Operating system, %c Chrome %c browser, version: %c 151 color: White; background: #17384c; font-weight: bold; padding: 3px; border-radius:3px 0 0 3px; color: Black; background: #50e590; font-weight: bold; padding: 3px color: White; background: #17384c; font-weight: bold; padding: 3px; color: Black; background: #50e590; font-weight: bold; padding: 3px color: White; background: #17384c; font-weight: bold; padding: 3px; color: Black; background: #50e590; font-weight: bold; padding: 3px color: White; background: #17384c; font-weight: bold; padding: 3px; border-radius:0 3px 3px 0 @ https://js.nagich.co.il/core/5.0.12/accessibility.js:0
[ 1233563ms] [LOG] %c[IND]%c Version %c5.0.12%c color: White; background: #17384c; font-weight: bold; padding: 3px; border-radius:3px 0 0 3px; color: Black; background: #50e590; font-weight: bold; padding: 3px color: White; background: #17384c; font-weight: bold; padding: 3px; border-radius:0 3px 3px 0  @ https://js.nagich.co.il/core/5.0.12/accessibility.js:0
[ 1233635ms] [LOG] [Smartlook] not recording @ https://secure-me.au10tixservices.com/static/js/main.86731a32.js:1
[ 1233672ms] [LOG] [locale] using locale: es-es @ https://secure-me.au10tixservices.com/static/js/main.86731a32.js:1
[ 1233673ms] [LOG] [getAccessToken] requesting access token @ https://secure-me.au10tixservices.com/static/js/main.86731a32.js:1
[ 1233673ms] [LOG] Calling request attempt: 1 out of 3, network failure retry count: 0 @ https://secure-me.au10tixservices.com/static/js/main.86731a32.js:1
[ 1233688ms] [LOG] Starting to lazy load components @ https://secure-me.au10tixservices.com/static/js/main.86731a32.js:1
[ 1233689ms] [LOG] Done loading lazy components @ https://secure-me.au10tixservices.com/static/js/main.86731a32.js:1
[ 1233743ms] [LOG] [LazyLoader] selfieGuideline loaded successfuly @ https://secure-me.au10tixservices.com/static/js/main.86731a32.js:1
[ 1233745ms] [LOG] [LazyLoader] idGuideline loaded successfuly @ https://secure-me.au10tixservices.com/static/js/main.86731a32.js:1
[ 1233748ms] [LOG] [LazyLoader] lottie player loaded @ https://secure-me.au10tixservices.com/static/js/main.86731a32.js:1
[ 1233749ms] [LOG] [LazyLoader] cameraPermGuideline loaded successfuly @ https://secure-me.au10tixservices.com/static/js/main.86731a32.js:1
[ 1233844ms] [LOG] [Performance] Estimated Download Speed: 34.60 Mbps @ https://secure-me.au10tixservices.com/static/js/main.86731a32.js:1
[ 1234109ms] [LOG] [getAccessToken] access token received, duration: 436ms @ https://secure-me.au10tixservices.com/static/js/main.86731a32.js:1
[ 1234112ms] [LOG] sdc url: https://weu-api.au10tixservices.com @ https://secure-me.au10tixservices.com/static/js/websdk.bced033c.chunk.js:0
[ 1234112ms] [INFO] Using performance mode for face detection (default). @ https://secure-me.au10tixservices.com/static/js/websdk.bced033c.chunk.js:0
[ 1234113ms] [INFO] WebSDK Version: 7.4.9 @ https://secure-me.au10tixservices.com/static/js/main.86731a32.js:1
[ 1234113ms] [LOG] loading face detection model... @ https://secure-me.au10tixservices.com/static/js/websdk.bced033c.chunk.js:0
[ 1234481ms] [LOG] face detection models loaded successfully @ https://secure-me.au10tixservices.com/static/js/websdk.bced033c.chunk.js:0
[ 1234482ms] [LOG] Calling request attempt: 1 out of 4, network failure retry count: 0 @ https://secure-me.au10tixservices.com/static/js/main.86731a32.js:1
[ 1238732ms] [LOG] Calling request attempt: 1 out of 3, network failure retry count: 0 @ https://secure-me.au10tixservices.com/static/js/main.86731a32.js:1
[ 1243730ms] [LOG] Calling request attempt: 1 out of 3, network failure retry count: 0 @ https://secure-me.au10tixservices.com/static/js/main.86731a32.js:1
[ 1248730ms] [LOG] Calling request attempt: 1 out of 3, network failure retry count: 0 @ https://secure-me.au10tixservices.com/static/js/main.86731a32.js:1
[ 1253730ms] [LOG] Calling request attempt: 1 out of 3, network failure retry count: 0 @ https://secure-me.au10tixservices.com/static/js/main.86731a32.js:1
[ 1258730ms] [LOG] Calling request attempt: 1 out of 3, network failure retry count: 0 @ https://secure-me.au10tixservices.com/static/js/main.86731a32.js:1
[ 1263730ms] [LOG] Calling request attempt: 1 out of 3, network failure retry count: 0 @ https://secure-me.au10tixservices.com/static/js/main.86731a32.js:1
[ 1268730ms] [LOG] Calling request attempt: 1 out of 3, network failure retry count: 0 @ https://secure-me.au10tixservices.com/static/js/main.86731a32.js:1
[ 1273730ms] [LOG] Calling request attempt: 1 out of 3, network failure retry count: 0 @ https://secure-me.au10tixservices.com/static/js/main.86731a32.js:1
[ 1278730ms] [LOG] Calling request attempt: 1 out of 3, network failure retry count: 0 @ https://secure-me.au10tixservices.com/static/js/main.86731a32.js:1
[ 1283730ms] [LOG] Calling request attempt: 1 out of 3, network failure retry count: 0 @ https://secure-me.au10tixservices.com/static/js/main.86731a32.js:1
[ 1288730ms] [LOG] Calling request attempt: 1 out of 3, network failure retry count: 0 @ https://secure-me.au10tixservices.com/static/js/main.86731a32.js:1
[ 1293729ms] [LOG] Calling request attempt: 1 out of 3, network failure retry count: 0 @ https://secure-me.au10tixservices.com/static/js/main.86731a32.js:1
[ 1298729ms] [LOG] Calling request attempt: 1 out of 3, network failure retry count: 0 @ https://secure-me.au10tixservices.com/static/js/main.86731a32.js:1
[ 1303730ms] [LOG] Calling request attempt: 1 out of 3, network failure retry count: 0 @ https://secure-me.au10tixservices.com/static/js/main.86731a32.js:1
[ 1308730ms] [LOG] Calling request attempt: 1 out of 3, network failure retry count: 0 @ https://secure-me.au10tixservices.com/static/js/main.86731a32.js:1
[ 1313729ms] [LOG] Calling request attempt: 1 out of 3, network failure retry count: 0 @ https://secure-me.au10tixservices.com/static/js/main.86731a32.js:1
[ 1318729ms] [LOG] Calling request attempt: 1 out of 3, network failure retry count: 0 @ https://secure-me.au10tixservices.com/static/js/main.86731a32.js:1
[ 1323729ms] [LOG] Calling request attempt: 1 out of 3, network failure retry count: 0 @ https://secure-me.au10tixservices.com/static/js/main.86731a32.js:1
[ 1328729ms] [LOG] Calling request attempt: 1 out of 3, network failure retry count: 0 @ https://secure-me.au10tixservices.com/static/js/main.86731a32.js:1
[ 1333729ms] [LOG] Calling request attempt: 1 out of 3, network failure retry count: 0 @ https://secure-me.au10tixservices.com/static/js/main.86731a32.js:1
[ 1338728ms] [LOG] Calling request attempt: 1 out of 3, network failure retry count: 0 @ https://secure-me.au10tixservices.com/static/js/main.86731a32.js:1
[ 1343729ms] [LOG] Calling request attempt: 1 out of 3, network failure retry count: 0 @ https://secure-me.au10tixservices.com/static/js/main.86731a32.js:1
[ 1348729ms] [LOG] Calling request attempt: 1 out of 3, network failure retry count: 0 @ https://secure-me.au10tixservices.com/static/js/main.86731a32.js:1
[ 1353728ms] [LOG] Calling request attempt: 1 out of 3, network failure retry count: 0 @ https://secure-me.au10tixservices.com/static/js/main.86731a32.js:1
[ 1358729ms] [LOG] Calling request attempt: 1 out of 3, network failure retry count: 0 @ https://secure-me.au10tixservices.com/static/js/main.86731a32.js:1
[ 1363728ms] [LOG] Calling request attempt: 1 out of 3, network failure retry count: 0 @ https://secure-me.au10tixservices.com/static/js/main.86731a32.js:1
[ 1368729ms] [LOG] Calling request attempt: 1 out of 3, network failure retry count: 0 @ https://secure-me.au10tixservices.com/static/js/main.86731a32.js:1
[ 1373728ms] [LOG] Calling request attempt: 1 out of 3, network failure retry count: 0 @ https://secure-me.au10tixservices.com/static/js/main.86731a32.js:1
[ 1378728ms] [LOG] Calling request attempt: 1 out of 3, network failure retry count: 0 @ https://secure-me.au10tixservices.com/static/js/main.86731a32.js:1
[ 1383729ms] [LOG] Calling request attempt: 1 out of 3, network failure retry count: 0 @ https://secure-me.au10tixservices.com/static/js/main.86731a32.js:1
[ 1388728ms] [LOG] Calling request attempt: 1 out of 3, network failure retry count: 0 @ https://secure-me.au10tixservices.com/static/js/main.86731a32.js:1
[ 1393728ms] [LOG] Calling request attempt: 1 out of 3, network failure retry count: 0 @ https://secure-me.au10tixservices.com/static/js/main.86731a32.js:1
[ 1398728ms] [LOG] Calling request attempt: 1 out of 3, network failure retry count: 0 @ https://secure-me.au10tixservices.com/static/js/main.86731a32.js:1
[ 1403727ms] [LOG] Calling request attempt: 1 out of 3, network failure retry count: 0 @ https://secure-me.au10tixservices.com/static/js/main.86731a32.js:1
[ 1408728ms] [LOG] Calling request attempt: 1 out of 3, network failure retry count: 0 @ https://secure-me.au10tixservices.com/static/js/main.86731a32.js:1
[ 1413728ms] [LOG] Calling request attempt: 1 out of 3, network failure retry count: 0 @ https://secure-me.au10tixservices.com/static/js/main.86731a32.js:1
[ 1418728ms] [LOG] Calling request attempt: 1 out of 3, network failure retry count: 0 @ https://secure-me.au10tixservices.com/static/js/main.86731a32.js:1
[ 1423728ms] [LOG] Calling request attempt: 1 out of 3, network failure retry count: 0 @ https://secure-me.au10tixservices.com/static/js/main.86731a32.js:1
[ 1428727ms] [LOG] Calling request attempt: 1 out of 3, network failure retry count: 0 @ https://secure-me.au10tixservices.com/static/js/main.86731a32.js:1
[ 1433727ms] [LOG] Calling request attempt: 1 out of 3, network failure retry count: 0 @ https://secure-me.au10tixservices.com/static/js/main.86731a32.js:1
[ 1438728ms] [LOG] Calling request attempt: 1 out of 3, network failure retry count: 0 @ https://secure-me.au10tixservices.com/static/js/main.86731a32.js:1
[ 1443727ms] [LOG] Calling request attempt: 1 out of 3, network failure retry count: 0 @ https://secure-me.au10tixservices.com/static/js/main.86731a32.js:1
[ 1448727ms] [LOG] Calling request attempt: 1 out of 3, network failure retry count: 0 @ https://secure-me.au10tixservices.com/static/js/main.86731a32.js:1
[ 1453727ms] [LOG] Calling request attempt: 1 out of 3, network failure retry count: 0 @ https://secure-me.au10tixservices.com/static/js/main.86731a32.js:1
[ 1458727ms] [LOG] Calling request attempt: 1 out of 3, network failure retry count: 0 @ https://secure-me.au10tixservices.com/static/js/main.86731a32.js:1
[ 1463727ms] [LOG] Calling request attempt: 1 out of 3, network failure retry count: 0 @ https://secure-me.au10tixservices.com/static/js/main.86731a32.js:1
[ 1468726ms] [LOG] Calling request attempt: 1 out of 3, network failure retry count: 0 @ https://secure-me.au10tixservices.com/static/js/main.86731a32.js:1
[ 1473727ms] [LOG] Calling request attempt: 1 out of 3, network failure retry count: 0 @ https://secure-me.au10tixservices.com/static/js/main.86731a32.js:1
[ 1478727ms] [LOG] Calling request attempt: 1 out of 3, network failure retry count: 0 @ https://secure-me.au10tixservices.com/static/js/main.86731a32.js:1
[ 1483727ms] [LOG] Calling request attempt: 1 out of 3, network failure retry count: 0 @ https://secure-me.au10tixservices.com/static/js/main.86731a32.js:1
[ 1488726ms] [LOG] Calling request attempt: 1 out of 3, network failure retry count: 0 @ https://secure-me.au10tixservices.com/static/js/main.86731a32.js:1
[ 1493727ms] [LOG] Calling request attempt: 1 out of 3, network failure retry count: 0 @ https://secure-me.au10tixservices.com/static/js/main.86731a32.js:1
[ 1498726ms] [LOG] Calling request attempt: 1 out of 3, network failure retry count: 0 @ https://secure-me.au10tixservices.com/static/js/main.86731a32.js:1
[ 1503727ms] [LOG] Calling request attempt: 1 out of 3, network failure retry count: 0 @ https://secure-me.au10tixservices.com/static/js/main.86731a32.js:1
[ 1508726ms] [LOG] Calling request attempt: 1 out of 3, network failure retry count: 0 @ https://secure-me.au10tixservices.com/static/js/main.86731a32.js:1
[ 1513727ms] [LOG] Calling request attempt: 1 out of 3, network failure retry count: 0 @ https://secure-me.au10tixservices.com/static/js/main.86731a32.js:1
[ 1518726ms] [LOG] Calling request attempt: 1 out of 3, network failure retry count: 0 @ https://secure-me.au10tixservices.com/static/js/main.86731a32.js:1
[ 1523726ms] [LOG] Calling request attempt: 1 out of 3, network failure retry count: 0 @ https://secure-me.au10tixservices.com/static/js/main.86731a32.js:1
[ 1528726ms] [LOG] Calling request attempt: 1 out of 3, network failure retry count: 0 @ https://secure-me.au10tixservices.com/static/js/main.86731a32.js:1
[ 1533726ms] [LOG] Calling request attempt: 1 out of 3, network failure retry count: 0 @ https://secure-me.au10tixservices.com/static/js/main.86731a32.js:1
[ 1538726ms] [LOG] Calling request attempt: 1 out of 3, network failure retry count: 0 @ https://secure-me.au10tixservices.com/static/js/main.86731a32.js:1
[ 1543725ms] [LOG] Calling request attempt: 1 out of 3, network failure retry count: 0 @ https://secure-me.au10tixservices.com/static/js/main.86731a32.js:1
[ 1548726ms] [LOG] Calling request attempt: 1 out of 3, network failure retry count: 0 @ https://secure-me.au10tixservices.com/static/js/main.86731a32.js:1
[ 1553726ms] [LOG] Calling request attempt: 1 out of 3, network failure retry count: 0 @ https://secure-me.au10tixservices.com/static/js/main.86731a32.js:1
[ 1558726ms] [LOG] Calling request attempt: 1 out of 3, network failure retry count: 0 @ https://secure-me.au10tixservices.com/static/js/main.86731a32.js:1
[ 1563725ms] [LOG] Calling request attempt: 1 out of 3, network failure retry count: 0 @ https://secure-me.au10tixservices.com/static/js/main.86731a32.js:1
[ 1568726ms] [LOG] Calling request attempt: 1 out of 3, network failure retry count: 0 @ https://secure-me.au10tixservices.com/static/js/main.86731a32.js:1
[ 1573726ms] [LOG] Calling request attempt: 1 out of 3, network failure retry count: 0 @ https://secure-me.au10tixservices.com/static/js/main.86731a32.js:1
[ 1578726ms] [LOG] Calling request attempt: 1 out of 3, network failure retry count: 0 @ https://secure-me.au10tixservices.com/static/js/main.86731a32.js:1
[ 1583726ms] [LOG] Calling request attempt: 1 out of 3, network failure retry count: 0 @ https://secure-me.au10tixservices.com/static/js/main.86731a32.js:1
[ 1588725ms] [LOG] Calling request attempt: 1 out of 3, network failure retry count: 0 @ https://secure-me.au10tixservices.com/static/js/main.86731a32.js:1
[ 1593725ms] [LOG] Calling request attempt: 1 out of 3, network failure retry count: 0 @ https://secure-me.au10tixservices.com/static/js/main.86731a32.js:1
[ 1598725ms] [LOG] Calling request attempt: 1 out of 3, network failure retry count: 0 @ https://secure-me.au10tixservices.com/static/js/main.86731a32.js:1
[ 1603725ms] [LOG] Calling request attempt: 1 out of 3, network failure retry count: 0 @ https://secure-me.au10tixservices.com/static/js/main.86731a32.js:1
[ 1608725ms] [LOG] Calling request attempt: 1 out of 3, network failure retry count: 0 @ https://secure-me.au10tixservices.com/static/js/main.86731a32.js:1
[ 1613725ms] [LOG] Calling request attempt: 1 out of 3, network failure retry count: 0 @ https://secure-me.au10tixservices.com/static/js/main.86731a32.js:1
[ 1618725ms] [LOG] Calling request attempt: 1 out of 3, network failure retry count: 0 @ https://secure-me.au10tixservices.com/static/js/main.86731a32.js:1
[ 1623725ms] [LOG] Calling request attempt: 1 out of 3, network failure retry count: 0 @ https://secure-me.au10tixservices.com/static/js/main.86731a32.js:1
[ 1628725ms] [LOG] Calling request attempt: 1 out of 3, network failure retry count: 0 @ https://secure-me.au10tixservices.com/static/js/main.86731a32.js:1
[ 1633725ms] [LOG] Calling request attempt: 1 out of 3, network failure retry count: 0 @ https://secure-me.au10tixservices.com/static/js/main.86731a32.js:1
[ 1638724ms] [LOG] Calling request attempt: 1 out of 3, network failure retry count: 0 @ https://secure-me.au10tixservices.com/static/js/main.86731a32.js:1
[ 1643725ms] [LOG] Calling request attempt: 1 out of 3, network failure retry count: 0 @ https://secure-me.au10tixservices.com/static/js/main.86731a32.js:1
[ 1648725ms] [LOG] Calling request attempt: 1 out of 3, network failure retry count: 0 @ https://secure-me.au10tixservices.com/static/js/main.86731a32.js:1
[ 1651057ms] [VERBOSE] [DOM] Input elements should have autocomplete attributes (suggested: "current-password"): (More info: https://goo.gl/9p2vKq) %o @ https://login.payoneer.com/:0
[ 1651892ms] [ERROR] Access to XMLHttpRequest at 'https://pcpassets.payoneer.com/fp/clear.png' from origin 'https://login.payoneer.com' has been blocked by CORS policy: The 'Access-Control-Allow-Origin' header has a value 'https://app.payoneer.com' that is not equal to the supplied origin. @ https://login.payoneer.com/:0
[ 1651892ms] [ERROR] Failed to load resource: net::ERR_FAILED @ https://pcpassets.payoneer.com/fp/clear.png:0
