[    6291ms] [WARNING] Reflect is already polyfilled. @ https://lf16-tiktok-web.tiktokcdn-us.com/obj/tiktok-web-tx/tiktok/webapp/main/react-v18/webapp-desktop/static/js/webapp-desktop.c59939ee.js:0
[    6344ms] [WARNING] AppContext will be overwritten @ https://lf16-tiktok-web.tiktokcdn-us.com/obj/tiktok-web-tx/tiktok/webapp/main/react-v18/webapp-desktop/static/js/webapp-desktop.c59939ee.js:0
[    6344ms] [WARNING] AppContext will be overwritten @ https://lf16-tiktok-web.tiktokcdn-us.com/obj/tiktok-web-tx/tiktok/webapp/main/react-v18/webapp-desktop/static/js/webapp-desktop.c59939ee.js:0
[    6344ms] [WARNING] AppContext will be overwritten @ https://lf16-tiktok-web.tiktokcdn-us.com/obj/tiktok-web-tx/tiktok/webapp/main/react-v18/webapp-desktop/static/js/webapp-desktop.c59939ee.js:0
[    6345ms] [WARNING] AppContext will be overwritten @ https://lf16-tiktok-web.tiktokcdn-us.com/obj/tiktok-web-tx/tiktok/webapp/main/react-v18/webapp-desktop/static/js/webapp-desktop.c59939ee.js:0
[    6345ms] [WARNING] AppContext will be overwritten @ https://lf16-tiktok-web.tiktokcdn-us.com/obj/tiktok-web-tx/tiktok/webapp/main/react-v18/webapp-desktop/static/js/webapp-desktop.c59939ee.js:0
[    6345ms] [WARNING] AppContext will be overwritten @ https://lf16-tiktok-web.tiktokcdn-us.com/obj/tiktok-web-tx/tiktok/webapp/main/react-v18/webapp-desktop/static/js/webapp-desktop.c59939ee.js:0
[    6380ms] [WARNING] AppContext will be overwritten @ https://lf16-tiktok-web.tiktokcdn-us.com/obj/tiktok-web-tx/tiktok/webapp/main/react-v18/webapp-desktop/static/js/webapp-desktop.c59939ee.js:0
[    6383ms] [WARNING] AppContext will be overwritten @ https://lf16-tiktok-web.tiktokcdn-us.com/obj/tiktok-web-tx/tiktok/webapp/main/react-v18/webapp-desktop/static/js/webapp-desktop.c59939ee.js:0
[    6383ms] [WARNING] loadable: `loadableReady()` requires state, please use `getScriptTags` or `getScriptElements` server-side @ https://lf16-tiktok-web.tiktokcdn-us.com/obj/tiktok-web-tx/tiktok/webapp/main/react-v18/webapp-desktop/static/js/50683.c510d297.js:1
[    6407ms] [INFO] [slardar] pluginPathPrefix fallback to SlardarPluginPathPrefixVGeoMap.us: https://lf16-cdn-tos.tiktokcdn-us.com/obj/static-tx/slardar/fe/sdk-web/plugins @ https://lf16-tiktok-web.tiktokcdn-us.com/obj/tiktok-web-tx/tiktok/webapp/main/react-v18/webapp-desktop/static/js/biz.shared.kernel.init.aa8023c3.js:0
[    6423ms] [LOG] %c %s color: yellow; background-color: black; [instance: default] appid: 1988, userInfo:{"user_unique_id":"7671916608130500110","user_type":12,"user_id":"7671916602073973773","user_is_login":false,"device_id":"7671916608130500110"} @ https://lf16-tiktok-web.tiktokcdn-us.com/obj/tiktok-web-tx/tiktok/webapp/main/react-v18/webapp-desktop/static/js/npm-dp-byted-tea-sdk-oversea.f4e273c4.js:0
[    6423ms] [LOG] %c %s color: yellow; background-color: black; [instance: default] appid: 1988, sdk is ready, version is 5.3.17, you can report now !!! @ https://lf16-tiktok-web.tiktokcdn-us.com/obj/tiktok-web-tx/tiktok/webapp/main/react-v18/webapp-desktop/static/js/npm-dp-byted-tea-sdk-oversea.f4e273c4.js:0
[    6498ms] [WARNING] AppContext will be overwritten @ https://lf16-tiktok-web.tiktokcdn-us.com/obj/tiktok-web-tx/tiktok/webapp/main/react-v18/webapp-desktop/static/js/webapp-desktop.c59939ee.js:0
[    6499ms] [WARNING] AppContext will be overwritten @ https://lf16-tiktok-web.tiktokcdn-us.com/obj/tiktok-web-tx/tiktok/webapp/main/react-v18/webapp-desktop/static/js/webapp-desktop.c59939ee.js:0
[    6499ms] [WARNING] AppContext will be overwritten @ https://lf16-tiktok-web.tiktokcdn-us.com/obj/tiktok-web-tx/tiktok/webapp/main/react-v18/webapp-desktop/static/js/webapp-desktop.c59939ee.js:0
[    6499ms] [WARNING] AppContext will be overwritten @ https://lf16-tiktok-web.tiktokcdn-us.com/obj/tiktok-web-tx/tiktok/webapp/main/react-v18/webapp-desktop/static/js/webapp-desktop.c59939ee.js:0
[    6499ms] [WARNING] AppContext will be overwritten @ https://lf16-tiktok-web.tiktokcdn-us.com/obj/tiktok-web-tx/tiktok/webapp/main/react-v18/webapp-desktop/static/js/webapp-desktop.c59939ee.js:0
[    6499ms] [WARNING] AppContext will be overwritten @ https://lf16-tiktok-web.tiktokcdn-us.com/obj/tiktok-web-tx/tiktok/webapp/main/react-v18/webapp-desktop/static/js/webapp-desktop.c59939ee.js:0
[    6499ms] [WARNING] AppContext will be overwritten @ https://lf16-tiktok-web.tiktokcdn-us.com/obj/tiktok-web-tx/tiktok/webapp/main/react-v18/webapp-desktop/static/js/webapp-desktop.c59939ee.js:0
[    6499ms] [WARNING] AppContext will be overwritten @ https://lf16-tiktok-web.tiktokcdn-us.com/obj/tiktok-web-tx/tiktok/webapp/main/react-v18/webapp-desktop/static/js/webapp-desktop.c59939ee.js:0
[    6499ms] [WARNING] AppContext will be overwritten @ https://lf16-tiktok-web.tiktokcdn-us.com/obj/tiktok-web-tx/tiktok/webapp/main/react-v18/webapp-desktop/static/js/webapp-desktop.c59939ee.js:0
[    6499ms] [WARNING] AppContext will be overwritten @ https://lf16-tiktok-web.tiktokcdn-us.com/obj/tiktok-web-tx/tiktok/webapp/main/react-v18/webapp-desktop/static/js/webapp-desktop.c59939ee.js:0
[    6646ms] [INFO] . @ https://lf16-tiktok-web.tiktokcdn-us.com/obj/tiktok-web-tx/webmssdk/2.0.0.514/webmssdk.js:0
[    6802ms] [INFO] Banner not shown: beforeinstallpromptevent.preventDefault() called. The page must call beforeinstallpromptevent.prompt() to show the banner. @ https://www.tiktok.com/:0
[    7061ms] [WARNING] [23:34:47.754][warn][controller][1] NotAllowedError: play() failed because the user didn't interact with the document first. https://goo.gl/xX8pDD @ https://lf16-tiktok-web.tiktokcdn-us.com/obj/tiktok-web-tx/tiktok/webapp/main/react-v18/webapp-desktop/static/js/async/7051.07c86f96.js:0
[    7096ms] [WARNING] Unmuting failed and the element was paused instead because the user didn't interact with the document before. https://goo.gl/xX8pDD @ https://lf16-tiktok-web.tiktokcdn-us.com/obj/tiktok-web-tx/tiktok/webapp/main/react-v18/webapp-desktop/static/js/async/7051.07c86f96.js:0
[    7105ms] [WARNING] [23:34:47.797][warn][controller][1] AbortError: The play() request was interrupted by a call to pause(). https://goo.gl/LdLk22 @ https://lf16-tiktok-web.tiktokcdn-us.com/obj/tiktok-web-tx/tiktok/webapp/main/react-v18/webapp-desktop/static/js/async/7051.07c86f96.js:0
[    7105ms] [WARNING] [23:34:47.797][warn][controller][1] AbortError: The play() request was interrupted by a call to pause(). https://goo.gl/LdLk22 @ https://lf16-tiktok-web.tiktokcdn-us.com/obj/tiktok-web-tx/tiktok/webapp/main/react-v18/webapp-desktop/static/js/async/7051.07c86f96.js:0
[    7417ms] [WARNING] The AudioContext was not allowed to start. It must be resumed (or created) after a user gesture on the page. https://developer.chrome.com/blog/autoplay/#web_audio @ https://lf16-tiktok-web.tiktokcdn-us.com/obj/tiktok-web-tx/tiktok/webapp/main/react-v18/webapp-desktop/static/js/async/82995.5ce9c004.js:27
[    7419ms] [WARNING] The AudioContext was not allowed to start. It must be resumed (or created) after a user gesture on the page. https://developer.chrome.com/blog/autoplay/#web_audio @ https://lf16-tiktok-web.tiktokcdn-us.com/obj/tiktok-web-tx/tiktok/webapp/main/react-v18/webapp-desktop/static/js/async/82995.5ce9c004.js:27
[    7482ms] [LOG] ws.opened @ https://lf16-tiktok-web.tiktokcdn-us.com/obj/tiktok-web-tx/webmssdk/2.0.0.514/webmssdk.js:0
[    7484ms] Uncaught (in promise) TypeError: a.init is not a function
    at <anonymous> (https://lf16-tiktok-web.tiktokcdn-us.com/obj/tiktok-web-tx/tiktok/webapp/main/react-v18/webapp-desktop/static/js/async/64887.91e0025f.js:1:544240)
    at l (https://lf16-tiktok-web.tiktokcdn-us.com/obj/tiktok-web-tx/tiktok/webapp/main/react-v18/webapp-desktop/static/js/async/64887.91e0025f.js:1:537334)
    at <anonymous> (https://lf16-tiktok-web.tiktokcdn-us.com/obj/tiktok-web-tx/tiktok/webapp/main/react-v18/webapp-desktop/static/js/async/64887.91e0025f.js:1:538691)
    at <anonymous> (https://lf16-tiktok-web.tiktokcdn-us.com/obj/tiktok-web-tx/tiktok/webapp/main/react-v18/webapp-desktop/static/js/async/64887.91e0025f.js:1:537727)
    at <anonymous> (https://lf16-tiktok-web.tiktokcdn-us.com/obj/tiktok-web-tx/tiktok/webapp/main/react-v18/webapp-desktop/static/js/50683.c510d297.js:4:166863)
    at p (https://lf16-tiktok-web.tiktokcdn-us.com/obj/tiktok-web-tx/tiktok/webapp/main/react-v18/webapp-desktop/static/js/50683.c510d297.js:4:166660)
    at value (https://lf16-tiktok-web.tiktokcdn-us.com/obj/tiktok-web-tx/tiktok/webapp/main/react-v18/webapp-desktop/static/js/async/64887.91e0025f.js:1:543780)
    at value (https://lf16-tiktok-web.tiktokcdn-us.com/obj/tiktok-web-tx/tiktok/webapp/main/react-v18/webapp-desktop/static/js/async/64887.91e0025f.js:1:543659)
    at <anonymous> (https://lf16-tiktok-web.tiktokcdn-us.com/obj/tiktok-web-tx/tiktok/webapp/main/react-v18/webapp-desktop/static/js/async/64887.91e0025f.js:1:616448)
    at l (https://lf16-tiktok-web.tiktokcdn-us.com/obj/tiktok-web-tx/tiktok/webapp/main/react-v18/webapp-desktop/static/js/async/64887.91e0025f.js:1:608637)
    at <anonymous> (https://lf16-tiktok-web.tiktokcdn-us.com/obj/tiktok-web-tx/tiktok/webapp/main/react-v18/webapp-desktop/static/js/async/64887.91e0025f.js:1:609994)
    at <anonymous> (https://lf16-tiktok-web.tiktokcdn-us.com/obj/tiktok-web-tx/tiktok/webapp/main/react-v18/webapp-desktop/static/js/async/64887.91e0025f.js:1:609030)
    at a (https://lf16-tiktok-web.tiktokcdn-us.com/obj/tiktok-web-tx/tiktok/webapp/main/react-v18/webapp-desktop/static/js/50683.c510d297.js:4:166716)
[    7647ms] [WARNING] [TikTok desktop app SDK Monitor]:   WARN:[printFirstFeedShow]The current environment is not inside the client. @ https://lf16-tiktok-web.tiktokcdn-us.com/obj/tiktok-web-tx/tiktok/webapp/main/react-v18/webapp-desktop/static/js/webapp-desktop.c59939ee.js:0
[    8468ms] [LOG] %c %s color: yellow; background-color: black; [instance: cookie_banner_tea_sdk] appid: 345918, userInfo:{"user_unique_id":"7670772147211716110","web_id":"7670772147211716110"} @ https://lf16-tiktok-web.tiktokcdn-us.com/obj/tiktok-web-tx/webmssdk/2.0.0.514/webmssdk.js:0
[    8469ms] [LOG] %c %s color: yellow; background-color: black; [instance: cookie_banner_tea_sdk] appid: 345918, sdk is ready, version is 5.3.17, you can report now !!! @ https://lf16-tiktok-web.tiktokcdn-us.com/obj/tiktok-web-tx/webmssdk/2.0.0.514/webmssdk.js:0
[    8530ms] [WARNING] [i18n] missing key [en] Webapp Close_button Close_button @ https://lf16-tiktok-web.tiktokcdn-us.com/obj/tiktok-web-tx/tiktok/webapp/main/react-v18/webapp-desktop/static/js/biz.common.lib.19990328.js:0
[    8531ms] [WARNING] The 'deprecatedStyle' prop is deprecated. Please use the associated style props instead (e.g. "marginInline", "flex") @ https://lf16-tiktok-web.tiktokcdn-us.com/obj/tiktok-web-tx/tiktok/webapp/main/react-v18/webapp-desktop/static/js/async/16119.4be2579f.js:0
[    8547ms] [WARNING] The 'deprecatedStyle' prop is deprecated. Please use the associated style props instead (e.g. "marginInline", "flex") @ https://lf16-tiktok-web.tiktokcdn-us.com/obj/tiktok-web-tx/tiktok/webapp/main/react-v18/webapp-desktop/static/js/async/16119.4be2579f.js:0
[    8561ms] [WARNING] The 'deprecatedStyle' prop is deprecated. Please use the associated style props instead (e.g. "marginInline", "flex") @ https://lf16-tiktok-web.tiktokcdn-us.com/obj/tiktok-web-tx/tiktok/webapp/main/react-v18/webapp-desktop/static/js/async/16119.4be2579f.js:0
[    8862ms] [WARNING] The 'deprecatedStyle' prop is deprecated. Please use the associated style props instead (e.g. "marginInline", "flex") @ https://lf16-tiktok-web.tiktokcdn-us.com/obj/tiktok-web-tx/tiktok/webapp/main/react-v18/webapp-desktop/static/js/async/16119.4be2579f.js:0
[    9211ms] [WARNING] Reflect is already polyfilled. @ https://lf16-tiktok-web.tiktokcdn-us.com/obj/tiktok-web-tx/tiktok/web/tiktok_fe_login_vmok/static/js/async/1972.0276f698.js:0
[    9305ms] [LOG] [browser check] %s, os:  Chrome Mac OS @ https://lf16-tiktok-web.tiktokcdn-us.com/obj/tiktok-web-tx/webmssdk/2.0.0.514/webmssdk.js:0
[    9308ms] [WARNING] InvalidCharacterError: Failed to execute 'atob' on 'Window': The string to be decoded is not correctly encoded.
    at n (https://lf16-tiktok-web.tiktokcdn-us.com/obj/tiktok-web-tx/tiktok/web/tiktok_fe_login_vmok/static/js/async/1972.0276f698.js:31:473107)
    at k.getLoginContext (https://lf16-tiktok-web.tiktokcdn-us.com/obj/tiktok-web-tx/tiktok/web/tiktok_fe_login_vmok/static/js/async/1972.0276f698.js:31:310448)
    at https://lf16-tiktok-web.tiktokcdn-us.com/obj/tiktok-web-tx/tiktok/web/tiktok_fe_login_vmok/static/js/async/1972.0276f698.js:31:306895
    at h (https://lf16-tiktok-web.tiktokcdn-us.com/obj/tiktok-web-tx/tiktok/web/tiktok_fe_login_vmok/static/js/async/3978.941b0ced.js:1:5781)
    at v (https://lf16-tiktok-web.tiktokcdn-us.com/obj/tiktok-web-tx/tiktok/web/tiktok_fe_login_vmok/static/js/async/3978.941b0ced.js:1:5729)
    at u._next (https://lf16-tiktok-web.tiktokcdn-us.com/obj/tiktok-web-tx/tiktok/web/tiktok_fe_login_vmok/static/js/async/1265.fba9ac3a.js:1:9038)
    at t.next (https://lf16-tiktok-web.tiktokcdn-us.com/obj/tiktok-web-tx/tiktok/web/tiktok_fe_login_vmok/static/js/async/1265.fba9ac3a.js:1:4845)
    at https://lf16-tiktok-web.tiktokcdn-us.com/obj/tiktok-web-tx/tiktok/webapp/main/react-v18/webapp-desktop/static/js/npm-rxjs.3002fb8b.js:1:25781
    at c._next (https://lf16-tiktok-web.tiktokcdn-us.com/obj/tiktok-web-tx/tiktok/webapp/main/react-v18/webapp-desktop/static/js/npm-rxjs.3002fb8b.js:1:19794)
    at r.next (https://lf16-tiktok-web.tiktokcdn-us.com/obj/tiktok-web-tx/tiktok/webapp/main/react-v18/webapp-desktop/static/js/npm-rxjs.3002fb8b.js:1:7426) @ https://lf16-tiktok-web.tiktokcdn-us.com/obj/tiktok-web-tx/tiktok/web/tiktok_fe_login_vmok/static/js/async/1972.0276f698.js:30
[    9681ms] [WARNING] [GSI_LOGGER]: Your client application uses one of the Google One Tap prompt UI status methods that may stop functioning when FedCM becomes mandatory. Refer to the migration guide to update your code accordingly and opt-in to FedCM to test your changes. Learn more: https://developers.google.com/identity/gsi/web/guides/fedcm-migration?s=dc#display_moment and https://developers.google.com/identity/gsi/web/guides/fedcm-migration?s=dc#skipped_moment @ https://accounts.google.com/gsi/client:86
[   12281ms] [ERROR] User declined or dismissed prompt. API exponential cool down triggered. @ https://www.tiktok.com/:0
[   12282ms] [ERROR] [GSI_LOGGER]: FedCM get() rejects with NetworkError: Error retrieving a token. @ https://lf16-tiktok-web.tiktokcdn-us.com/obj/tiktok-web-tx/tiktok/webapp/main/react-v18/webapp-desktop/static/js/webapp-desktop.c59939ee.js:0
[   18030ms] [WARNING] The 'deprecatedStyle' prop is deprecated. Please use the associated style props instead (e.g. "marginInline", "flex") @ https://lf16-tiktok-web.tiktokcdn-us.com/obj/tiktok-web-tx/tiktok/webapp/main/react-v18/webapp-desktop/static/js/async/16119.4be2579f.js:0
[   18257ms] [WARNING] The 'deprecatedStyle' prop is deprecated. Please use the associated style props instead (e.g. "marginInline", "flex") @ https://lf16-tiktok-web.tiktokcdn-us.com/obj/tiktok-web-tx/tiktok/webapp/main/react-v18/webapp-desktop/static/js/async/16119.4be2579f.js:0
[   33228ms] [ERROR] Loading the image 'https://lh3.googleusercontent.com/a/ACg8ocJ66YgOUNnAjZMtE9k_6jOCfObGrpu1U32-U8HTTF8ndTEjHQ=s300-c' violates the following Content Security Policy directive: "default-src 'self' 'unsafe-eval' 'unsafe-inline' blob: bytedance: data: wss://*.tiktok.com wss://*.tiktokv.com wss://*.tiktokv.eu wss://tiktok.com wss://tiktokv.com *.adsintegrity.net *.akamaized.net *.amazonaws.com *.bing.com *.bitssec.com *.braintree-api.com *.braintreegateway.com *.bytedapm.com *.bytedgame.com *.bytehwm-row.com *.byteicdn.com *.byteintl.com *.byteintl.net *.byteintlapi.com *.byteintlstatic.com *.bytelemon.com *.byteoversea.com *.byteoversea.net *.bytevcloudapi.com *.capcut.com *.cloudflare.com *.ctfassets.net *.doubleclick.net *.evbuc.com *.eventim.de *.facebook.com *.facebook.net *.fbsbx.com *.fcdnstatic-intl.com *.fdmstatic.com *.g-p-static.com *.gauthmath.com *.giphy.com *.goofy-cdn.com *.goofy.app *.google.com *.googleadservices.com *.googleapis.com *.googletagmanager.com *.gstatic.com *.hsforms.com *.hsforms.net *.ibytedtos.com *.ibyteimg.com *.isnssdk.com *.jumio.ai *.kakao.com *.lemon8-app.com *.lemon8cdn.com *.licdn.com *.linkedin.com *.midtrans.com *.muscdn.com *.musical.ly *.oecstatic.com *.omise.co *.pangle-ads.com *.paypal.com *.pipopay.com *.pipopayment.us *.redditstatic.com *.resso.me *.sgsnssdk.com *.soundon.global *.tableau.com *.tenor.com *.tiktok-row.net *.tiktok.com *.tiktok.ru *.tiktok.vn *.tiktokapis.com *.tiktokcdn-eu.com *.tiktokcdn-in.com *.tiktokcdn-us.com *.tiktokcdn.com *.tiktokcreativeone.com *.tiktokforbusinessoutbound.com *.tiktokglobalshop.com *.tiktokmusic.me *.tiktokshop.com *.tiktokstaticb.com *.tiktokus.info *.tiktokv.com *.tiktokv.eu *.tiktokv.us *.tiktokw.eu *.tiktokw.us *.topbuzzcdn.com *.ttcdn-us.com *.ttlivecdn.com *.ttlstatic.com *.ttwstatic.com *.vimeo.com *.vodupload.com *.yahoo.co.jp *.yhgfb-static.com *.youtube-nocookie.com *.zhiliaoapp.com api.music.apple.com code.jquery.com facebook.com google.com i.ticketweb.com images.universe.com media.ticketmaster.eu play.itunes.apple.com res.cloudinary.com s1.ticketm.net static-label.frontgatetickets.com static.captchami.com t.co tikitoks.com tiktok.com tiktok.ua tiktok.vn tiktokfollowersfree.com tiktokv.com unpkg.com vimeo.com lf-tiktok-web-bak.tiktokcdn-us.com". Note that 'img-src' was not explicitly set, so 'default-src' is used as a fallback. The action has been blocked. @ https://www.tiktok.com/search/user?q=%40yosoyhachi&t=1786257298679:0
[   41572ms] [WARNING] The 'deprecatedStyle' prop is deprecated. Please use the associated style props instead (e.g. "marginInline", "flex") @ https://lf16-tiktok-web.tiktokcdn-us.com/obj/tiktok-web-tx/tiktok/webapp/main/react-v18/webapp-desktop/static/js/async/16119.4be2579f.js:0
[   42170ms] [WARNING] The 'deprecatedStyle' prop is deprecated. Please use the associated style props instead (e.g. "marginInline", "flex") @ https://lf16-tiktok-web.tiktokcdn-us.com/obj/tiktok-web-tx/tiktok/webapp/main/react-v18/webapp-desktop/static/js/async/16119.4be2579f.js:0
[   42372ms] [WARNING] The 'deprecatedStyle' prop is deprecated. Please use the associated style props instead (e.g. "marginInline", "flex") @ https://lf16-tiktok-web.tiktokcdn-us.com/obj/tiktok-web-tx/tiktok/webapp/main/react-v18/webapp-desktop/static/js/async/16119.4be2579f.js:0
[   42389ms] [WARNING] [23:35:23.081][warn][controller][1] AbortError: The play() request was interrupted by a call to pause(). https://goo.gl/LdLk22 @ https://lf16-tiktok-web.tiktokcdn-us.com/obj/tiktok-web-tx/tiktok/webapp/main/react-v18/webapp-desktop/static/js/async/7051.07c86f96.js:0
[   42389ms] [WARNING] [23:35:23.081][warn][controller][1] AbortError: The play() request was interrupted by a call to pause(). https://goo.gl/LdLk22 @ https://lf16-tiktok-web.tiktokcdn-us.com/obj/tiktok-web-tx/tiktok/webapp/main/react-v18/webapp-desktop/static/js/async/7051.07c86f96.js:0
[   42421ms] [WARNING] The 'deprecatedStyle' prop is deprecated. Please use the associated style props instead (e.g. "marginInline", "flex") @ https://lf16-tiktok-web.tiktokcdn-us.com/obj/tiktok-web-tx/tiktok/webapp/main/react-v18/webapp-desktop/static/js/async/16119.4be2579f.js:0
[   42437ms] [WARNING] [23:35:23.129][warn][controller][1] AbortError: The play() request was interrupted by a call to pause(). https://goo.gl/LdLk22 @ https://lf16-tiktok-web.tiktokcdn-us.com/obj/tiktok-web-tx/tiktok/webapp/main/react-v18/webapp-desktop/static/js/async/7051.07c86f96.js:0
[   42437ms] [WARNING] [23:35:23.130][warn][controller][1] AbortError: The play() request was interrupted by a call to pause(). https://goo.gl/LdLk22 @ https://lf16-tiktok-web.tiktokcdn-us.com/obj/tiktok-web-tx/tiktok/webapp/main/react-v18/webapp-desktop/static/js/async/7051.07c86f96.js:0
[   42456ms] [WARNING] The 'deprecatedStyle' prop is deprecated. Please use the associated style props instead (e.g. "marginInline", "flex") @ https://lf16-tiktok-web.tiktokcdn-us.com/obj/tiktok-web-tx/tiktok/webapp/main/react-v18/webapp-desktop/static/js/async/16119.4be2579f.js:0
[   42481ms] [WARNING] [23:35:23.173][warn][controller][1] AbortError: The play() request was interrupted by a call to pause(). https://goo.gl/LdLk22 @ https://lf16-tiktok-web.tiktokcdn-us.com/obj/tiktok-web-tx/tiktok/webapp/main/react-v18/webapp-desktop/static/js/async/7051.07c86f96.js:0
[   42481ms] [WARNING] [23:35:23.173][warn][controller][1] AbortError: The play() request was interrupted by a call to pause(). https://goo.gl/LdLk22 @ https://lf16-tiktok-web.tiktokcdn-us.com/obj/tiktok-web-tx/tiktok/webapp/main/react-v18/webapp-desktop/static/js/async/7051.07c86f96.js:0
[   46299ms] [WARNING] The 'deprecatedStyle' prop is deprecated. Please use the associated style props instead (e.g. "marginInline", "flex") @ https://lf16-tiktok-web.tiktokcdn-us.com/obj/tiktok-web-tx/tiktok/webapp/main/react-v18/webapp-desktop/static/js/async/16119.4be2579f.js:0
[   46397ms] [WARNING] The 'deprecatedStyle' prop is deprecated. Please use the associated style props instead (e.g. "marginInline", "flex") @ https://lf16-tiktok-web.tiktokcdn-us.com/obj/tiktok-web-tx/tiktok/webapp/main/react-v18/webapp-desktop/static/js/async/16119.4be2579f.js:0
[   46435ms] [WARNING] [23:35:27.128][warn][controller][1] AbortError: The play() request was interrupted by a call to pause(). https://goo.gl/LdLk22 @ https://lf16-tiktok-web.tiktokcdn-us.com/obj/tiktok-web-tx/tiktok/webapp/main/react-v18/webapp-desktop/static/js/async/7051.07c86f96.js:0
[   47910ms] [WARNING] The 'deprecatedStyle' prop is deprecated. Please use the associated style props instead (e.g. "marginInline", "flex") @ https://lf16-tiktok-web.tiktokcdn-us.com/obj/tiktok-web-tx/tiktok/webapp/main/react-v18/webapp-desktop/static/js/async/16119.4be2579f.js:0
[   48036ms] [WARNING] The 'deprecatedStyle' prop is deprecated. Please use the associated style props instead (e.g. "marginInline", "flex") @ https://lf16-tiktok-web.tiktokcdn-us.com/obj/tiktok-web-tx/tiktok/webapp/main/react-v18/webapp-desktop/static/js/async/16119.4be2579f.js:0
[   48100ms] [WARNING] [23:35:28.792][warn][controller][1] AbortError: The play() request was interrupted by a call to pause(). https://goo.gl/LdLk22 @ https://lf16-tiktok-web.tiktokcdn-us.com/obj/tiktok-web-tx/tiktok/webapp/main/react-v18/webapp-desktop/static/js/async/7051.07c86f96.js:0
[   48100ms] [WARNING] [23:35:28.792][warn][controller][1] AbortError: The play() request was interrupted by a call to pause(). https://goo.gl/LdLk22 @ https://lf16-tiktok-web.tiktokcdn-us.com/obj/tiktok-web-tx/tiktok/webapp/main/react-v18/webapp-desktop/static/js/async/7051.07c86f96.js:0
[   48133ms] [WARNING] InvalidCharacterError: Failed to execute 'atob' on 'Window': The string to be decoded is not correctly encoded.
    at n (https://lf16-tiktok-web.tiktokcdn-us.com/obj/tiktok-web-tx/tiktok/web/tiktok_fe_login_vmok/static/js/async/1972.0276f698.js:31:473107)
    at Object.init (https://lf16-tiktok-web.tiktokcdn-us.com/obj/tiktok-web-tx/tiktok/web/tiktok_fe_login_vmok/static/js/async/1972.0276f698.js:27:417154)
    at cn (https://lf16-tiktok-web.tiktokcdn-us.com/obj/tiktok-web-tx/tiktok/web/tiktok_fe_login_vmok/static/js/async/1972.0276f698.js:27:417916)
    at kD (https://lf16-tiktok-web.tiktokcdn-us.com/obj/tiktok-web-tx/tiktok/web/tiktok_fe_login_vmok/static/js/async/1972.0276f698.js:31:196377)
    at od (https://lf16-tiktok-web.tiktokcdn-us.com/obj/tiktok-web-tx/tiktok/webapp/main/react-v18/webapp-desktop/static/js/npm-react.50f94747.js:2:131530)
    at ld (https://lf16-tiktok-web.tiktokcdn-us.com/obj/tiktok-web-tx/tiktok/webapp/main/react-v18/webapp-desktop/static/js/npm-react.50f94747.js:2:145825)
    at ls (https://lf16-tiktok-web.tiktokcdn-us.com/obj/tiktok-web-tx/tiktok/webapp/main/react-v18/webapp-desktop/static/js/npm-react.50f94747.js:2:145033)
    at li (https://lf16-tiktok-web.tiktokcdn-us.com/obj/tiktok-web-tx/tiktok/webapp/main/react-v18/webapp-desktop/static/js/npm-react.50f94747.js:2:144635)
    at i (https://lf16-tiktok-web.tiktokcdn-us.com/obj/tiktok-web-tx/tiktok/webapp/main/react-v18/webapp-desktop/static/js/npm-react.50f94747.js:2:195746)
    at uM (https://lf16-tiktok-web.tiktokcdn-us.com/obj/tiktok-web-tx/tiktok/webapp/main/react-v18/webapp-desktop/static/js/npm-react.50f94747.js:2:172067) @ https://lf16-tiktok-web.tiktokcdn-us.com/obj/tiktok-web-tx/tiktok/web/tiktok_fe_login_vmok/static/js/async/1972.0276f698.js:30
[   48138ms] [WARNING] [i18n] missing key [en] WebApp_Login Log in or sign up for an account on TikTok. Start watching to discover real people and real videos that will make your day. Log in or sign up for an account on TikTok. Start watching to discover real people and real videos that will make your day. @ https://lf16-tiktok-web.tiktokcdn-us.com/obj/tiktok-web-tx/tiktok/webapp/main/react-v18/webapp-desktop/static/js/biz.common.lib.19990328.js:0
[   48167ms] [INFO] [slardar] pluginPathPrefix fallback to SlardarPluginPathPrefixVGeoMap.us: https://lf16-cdn-tos.tiktokcdn-us.com/obj/static-tx/slardar/fe/sdk-web/plugins @ https://lf16-tiktok-web.tiktokcdn-us.com/obj/tiktok-web-tx/tiktok/webapp/main/react-v18/webapp-desktop/static/js/biz.shared.kernel.init.aa8023c3.js:0
[   48173ms] [WARNING] InvalidCharacterError: Failed to execute 'atob' on 'Window': The string to be decoded is not correctly encoded.
    at n (https://lf16-tiktok-web.tiktokcdn-us.com/obj/tiktok-web-tx/tiktok/web/tiktok_fe_login_vmok/static/js/async/1972.0276f698.js:31:473107)
    at k.getLoginContext (https://lf16-tiktok-web.tiktokcdn-us.com/obj/tiktok-web-tx/tiktok/web/tiktok_fe_login_vmok/static/js/async/1972.0276f698.js:31:310448)
    at https://lf16-tiktok-web.tiktokcdn-us.com/obj/tiktok-web-tx/tiktok/web/tiktok_fe_login_vmok/static/js/async/1972.0276f698.js:31:306895
    at h (https://lf16-tiktok-web.tiktokcdn-us.com/obj/tiktok-web-tx/tiktok/web/tiktok_fe_login_vmok/static/js/async/3978.941b0ced.js:1:5781)
    at v (https://lf16-tiktok-web.tiktokcdn-us.com/obj/tiktok-web-tx/tiktok/web/tiktok_fe_login_vmok/static/js/async/3978.941b0ced.js:1:5729)
    at u._next (https://lf16-tiktok-web.tiktokcdn-us.com/obj/tiktok-web-tx/tiktok/web/tiktok_fe_login_vmok/static/js/async/1265.fba9ac3a.js:1:9038)
    at t.next (https://lf16-tiktok-web.tiktokcdn-us.com/obj/tiktok-web-tx/tiktok/web/tiktok_fe_login_vmok/static/js/async/1265.fba9ac3a.js:1:4845)
    at https://lf16-tiktok-web.tiktokcdn-us.com/obj/tiktok-web-tx/tiktok/webapp/main/react-v18/webapp-desktop/static/js/npm-rxjs.3002fb8b.js:1:25781
    at c._next (https://lf16-tiktok-web.tiktokcdn-us.com/obj/tiktok-web-tx/tiktok/webapp/main/react-v18/webapp-desktop/static/js/npm-rxjs.3002fb8b.js:1:19794)
    at r.next (https://lf16-tiktok-web.tiktokcdn-us.com/obj/tiktok-web-tx/tiktok/webapp/main/react-v18/webapp-desktop/static/js/npm-rxjs.3002fb8b.js:1:7426) @ https://lf16-tiktok-web.tiktokcdn-us.com/obj/tiktok-web-tx/tiktok/web/tiktok_fe_login_vmok/static/js/async/1972.0276f698.js:30
[   48242ms] [WARNING] [i18n] missing key [en] Webapp login_third_platform_apple login_third_platform_apple @ https://lf16-tiktok-web.tiktokcdn-us.com/obj/tiktok-web-tx/tiktok/webapp/main/react-v18/webapp-desktop/static/js/biz.common.lib.19990328.js:0
[   48242ms] [WARNING] [i18n] missing key [en] Webapp login_third_platform_line login_third_platform_line @ https://lf16-tiktok-web.tiktokcdn-us.com/obj/tiktok-web-tx/tiktok/webapp/main/react-v18/webapp-desktop/static/js/biz.common.lib.19990328.js:0
[   48242ms] [WARNING] [i18n] missing key [en] Webapp login_third_platform_kakao login_third_platform_kakao @ https://lf16-tiktok-web.tiktokcdn-us.com/obj/tiktok-web-tx/tiktok/webapp/main/react-v18/webapp-desktop/static/js/biz.common.lib.19990328.js:0
[   48242ms] [WARNING] [i18n] missing key [en] Webapp login_third_platform_google login_third_platform_google @ https://lf16-tiktok-web.tiktokcdn-us.com/obj/tiktok-web-tx/tiktok/webapp/main/react-v18/webapp-desktop/static/js/biz.common.lib.19990328.js:0
[   48243ms] [WARNING] [i18n] missing key [en] Webapp login_third_platform_facebook login_third_platform_facebook @ https://lf16-tiktok-web.tiktokcdn-us.com/obj/tiktok-web-tx/tiktok/webapp/main/react-v18/webapp-desktop/static/js/biz.common.lib.19990328.js:0
[   48243ms] [WARNING] [i18n] missing key [en] Webapp login_third_platform_noLonger_title login_third_platform_noLonger_title @ https://lf16-tiktok-web.tiktokcdn-us.com/obj/tiktok-web-tx/tiktok/webapp/main/react-v18/webapp-desktop/static/js/biz.common.lib.19990328.js:0
[   48243ms] [WARNING] [i18n] missing key [en] Webapp login_third_platform_noLonger_body login_third_platform_noLonger_body @ https://lf16-tiktok-web.tiktokcdn-us.com/obj/tiktok-web-tx/tiktok/webapp/main/react-v18/webapp-desktop/static/js/biz.common.lib.19990328.js:0
[   48243ms] [WARNING] [i18n] missing key [en] Webapp login_fb_noLonger_cta1 login_fb_noLonger_cta1 @ https://lf16-tiktok-web.tiktokcdn-us.com/obj/tiktok-web-tx/tiktok/webapp/main/react-v18/webapp-desktop/static/js/biz.common.lib.19990328.js:0
[   48243ms] [WARNING] [i18n] missing key [en] Webapp login_fb_noLonger_cta2 login_fb_noLonger_cta2 @ https://lf16-tiktok-web.tiktokcdn-us.com/obj/tiktok-web-tx/tiktok/webapp/main/react-v18/webapp-desktop/static/js/biz.common.lib.19990328.js:0
[   50300ms] [WARNING] The 'deprecatedStyle' prop is deprecated. Please use the associated style props instead (e.g. "marginInline", "flex") @ https://lf16-tiktok-web.tiktokcdn-us.com/obj/tiktok-web-tx/tiktok/webapp/main/react-v18/webapp-desktop/static/js/async/16119.4be2579f.js:0
[   64260ms] [WARNING] The 'deprecatedStyle' prop is deprecated. Please use the associated style props instead (e.g. "marginInline", "flex") @ https://lf16-tiktok-web.tiktokcdn-us.com/obj/tiktok-web-tx/tiktok/webapp/main/react-v18/webapp-desktop/static/js/async/16119.4be2579f.js:0
[   64477ms] [WARNING] The 'deprecatedStyle' prop is deprecated. Please use the associated style props instead (e.g. "marginInline", "flex") @ https://lf16-tiktok-web.tiktokcdn-us.com/obj/tiktok-web-tx/tiktok/webapp/main/react-v18/webapp-desktop/static/js/async/16119.4be2579f.js:0
[   64566ms] [WARNING] [23:35:45.258][warn][controller][1] AbortError: The play() request was interrupted by a call to pause(). https://goo.gl/LdLk22 @ https://lf16-tiktok-web.tiktokcdn-us.com/obj/tiktok-web-tx/tiktok/webapp/main/react-v18/webapp-desktop/static/js/async/7051.07c86f96.js:0
[   64566ms] [WARNING] [23:35:45.258][warn][controller][1] AbortError: The play() request was interrupted by a call to pause(). https://goo.gl/LdLk22 @ https://lf16-tiktok-web.tiktokcdn-us.com/obj/tiktok-web-tx/tiktok/webapp/main/react-v18/webapp-desktop/static/js/async/7051.07c86f96.js:0
[   64664ms] [WARNING] The 'deprecatedStyle' prop is deprecated. Please use the associated style props instead (e.g. "marginInline", "flex") @ https://lf16-tiktok-web.tiktokcdn-us.com/obj/tiktok-web-tx/tiktok/webapp/main/react-v18/webapp-desktop/static/js/async/16119.4be2579f.js:0
[   64754ms] [WARNING] [23:35:45.446][warn][controller][1] AbortError: The play() request was interrupted by a call to pause(). https://goo.gl/LdLk22 @ https://lf16-tiktok-web.tiktokcdn-us.com/obj/tiktok-web-tx/tiktok/webapp/main/react-v18/webapp-desktop/static/js/async/7051.07c86f96.js:0
[   64754ms] [WARNING] [23:35:45.447][warn][controller][1] AbortError: The play() request was interrupted by a call to pause(). https://goo.gl/LdLk22 @ https://lf16-tiktok-web.tiktokcdn-us.com/obj/tiktok-web-tx/tiktok/webapp/main/react-v18/webapp-desktop/static/js/async/7051.07c86f96.js:0
[   65597ms] [WARNING] The 'deprecatedStyle' prop is deprecated. Please use the associated style props instead (e.g. "marginInline", "flex") @ https://lf16-tiktok-web.tiktokcdn-us.com/obj/tiktok-web-tx/tiktok/webapp/main/react-v18/webapp-desktop/static/js/async/16119.4be2579f.js:0
[   65685ms] [WARNING] [23:35:46.378][warn][controller][1] AbortError: The play() request was interrupted by a call to pause(). https://goo.gl/LdLk22 @ https://lf16-tiktok-web.tiktokcdn-us.com/obj/tiktok-web-tx/tiktok/webapp/main/react-v18/webapp-desktop/static/js/async/7051.07c86f96.js:0
[   65685ms] [WARNING] [23:35:46.378][warn][controller][1] AbortError: The play() request was interrupted by a call to pause(). https://goo.gl/LdLk22 @ https://lf16-tiktok-web.tiktokcdn-us.com/obj/tiktok-web-tx/tiktok/webapp/main/react-v18/webapp-desktop/static/js/async/7051.07c86f96.js:0
[   65782ms] [WARNING] The 'deprecatedStyle' prop is deprecated. Please use the associated style props instead (e.g. "marginInline", "flex") @ https://lf16-tiktok-web.tiktokcdn-us.com/obj/tiktok-web-tx/tiktok/webapp/main/react-v18/webapp-desktop/static/js/async/16119.4be2579f.js:0
[   65868ms] [WARNING] [23:35:46.561][warn][controller][1] AbortError: The play() request was interrupted by a call to pause(). https://goo.gl/LdLk22 @ https://lf16-tiktok-web.tiktokcdn-us.com/obj/tiktok-web-tx/tiktok/webapp/main/react-v18/webapp-desktop/static/js/async/7051.07c86f96.js:0
[   65868ms] [WARNING] [23:35:46.561][warn][controller][1] AbortError: The play() request was interrupted by a call to pause(). https://goo.gl/LdLk22 @ https://lf16-tiktok-web.tiktokcdn-us.com/obj/tiktok-web-tx/tiktok/webapp/main/react-v18/webapp-desktop/static/js/async/7051.07c86f96.js:0
[   66078ms] [WARNING] The 'deprecatedStyle' prop is deprecated. Please use the associated style props instead (e.g. "marginInline", "flex") @ https://lf16-tiktok-web.tiktokcdn-us.com/obj/tiktok-web-tx/tiktok/webapp/main/react-v18/webapp-desktop/static/js/async/16119.4be2579f.js:0
[   66166ms] [WARNING] [23:35:46.858][warn][controller][1] AbortError: The play() request was interrupted by a call to pause(). https://goo.gl/LdLk22 @ https://lf16-tiktok-web.tiktokcdn-us.com/obj/tiktok-web-tx/tiktok/webapp/main/react-v18/webapp-desktop/static/js/async/7051.07c86f96.js:0
[   66166ms] [WARNING] [23:35:46.859][warn][controller][1] AbortError: The play() request was interrupted by a call to pause(). https://goo.gl/LdLk22 @ https://lf16-tiktok-web.tiktokcdn-us.com/obj/tiktok-web-tx/tiktok/webapp/main/react-v18/webapp-desktop/static/js/async/7051.07c86f96.js:0
[   66288ms] [WARNING] The 'deprecatedStyle' prop is deprecated. Please use the associated style props instead (e.g. "marginInline", "flex") @ https://lf16-tiktok-web.tiktokcdn-us.com/obj/tiktok-web-tx/tiktok/webapp/main/react-v18/webapp-desktop/static/js/async/16119.4be2579f.js:0
[   66376ms] [WARNING] [23:35:47.068][warn][controller][1] AbortError: The play() request was interrupted by a call to pause(). https://goo.gl/LdLk22 @ https://lf16-tiktok-web.tiktokcdn-us.com/obj/tiktok-web-tx/tiktok/webapp/main/react-v18/webapp-desktop/static/js/async/7051.07c86f96.js:0
[   66376ms] [WARNING] [23:35:47.068][warn][controller][1] AbortError: The play() request was interrupted by a call to pause(). https://goo.gl/LdLk22 @ https://lf16-tiktok-web.tiktokcdn-us.com/obj/tiktok-web-tx/tiktok/webapp/main/react-v18/webapp-desktop/static/js/async/7051.07c86f96.js:0
[   68218ms] [WARNING] The 'deprecatedStyle' prop is deprecated. Please use the associated style props instead (e.g. "marginInline", "flex") @ https://lf16-tiktok-web.tiktokcdn-us.com/obj/tiktok-web-tx/tiktok/webapp/main/react-v18/webapp-desktop/static/js/async/16119.4be2579f.js:0
[   68449ms] [WARNING] The 'deprecatedStyle' prop is deprecated. Please use the associated style props instead (e.g. "marginInline", "flex") @ https://lf16-tiktok-web.tiktokcdn-us.com/obj/tiktok-web-tx/tiktok/webapp/main/react-v18/webapp-desktop/static/js/async/16119.4be2579f.js:0
[   68543ms] [WARNING] [23:35:49.236][warn][controller][1] AbortError: The play() request was interrupted by a call to pause(). https://goo.gl/LdLk22 @ https://lf16-tiktok-web.tiktokcdn-us.com/obj/tiktok-web-tx/tiktok/webapp/main/react-v18/webapp-desktop/static/js/async/7051.07c86f96.js:0
[   68543ms] [WARNING] [23:35:49.236][warn][controller][1] AbortError: The play() request was interrupted by a call to pause(). https://goo.gl/LdLk22 @ https://lf16-tiktok-web.tiktokcdn-us.com/obj/tiktok-web-tx/tiktok/webapp/main/react-v18/webapp-desktop/static/js/async/7051.07c86f96.js:0
[   76036ms] [WARNING] The 'deprecatedStyle' prop is deprecated. Please use the associated style props instead (e.g. "marginInline", "flex") @ https://lf16-tiktok-web.tiktokcdn-us.com/obj/tiktok-web-tx/tiktok/webapp/main/react-v18/webapp-desktop/static/js/async/16119.4be2579f.js:0
[   78049ms] [WARNING] The 'deprecatedStyle' prop is deprecated. Please use the associated style props instead (e.g. "marginInline", "flex") @ https://lf16-tiktok-web.tiktokcdn-us.com/obj/tiktok-web-tx/tiktok/webapp/main/react-v18/webapp-desktop/static/js/async/16119.4be2579f.js:0
[   78430ms] [WARNING] The 'deprecatedStyle' prop is deprecated. Please use the associated style props instead (e.g. "marginInline", "flex") @ https://lf16-tiktok-web.tiktokcdn-us.com/obj/tiktok-web-tx/tiktok/webapp/main/react-v18/webapp-desktop/static/js/async/16119.4be2579f.js:0
[   78538ms] [WARNING] The 'deprecatedStyle' prop is deprecated. Please use the associated style props instead (e.g. "marginInline", "flex") @ https://lf16-tiktok-web.tiktokcdn-us.com/obj/tiktok-web-tx/tiktok/webapp/main/react-v18/webapp-desktop/static/js/async/16119.4be2579f.js:0
[   78623ms] [WARNING] [23:35:59.315][warn][controller][1] AbortError: The play() request was interrupted by a call to pause(). https://goo.gl/LdLk22 @ https://lf16-tiktok-web.tiktokcdn-us.com/obj/tiktok-web-tx/tiktok/webapp/main/react-v18/webapp-desktop/static/js/async/7051.07c86f96.js:0
[   81127ms] [WARNING] The 'deprecatedStyle' prop is deprecated. Please use the associated style props instead (e.g. "marginInline", "flex") @ https://lf16-tiktok-web.tiktokcdn-us.com/obj/tiktok-web-tx/tiktok/webapp/main/react-v18/webapp-desktop/static/js/async/16119.4be2579f.js:0
[   81293ms] [WARNING] The 'deprecatedStyle' prop is deprecated. Please use the associated style props instead (e.g. "marginInline", "flex") @ https://lf16-tiktok-web.tiktokcdn-us.com/obj/tiktok-web-tx/tiktok/webapp/main/react-v18/webapp-desktop/static/js/async/16119.4be2579f.js:0
[   84931ms] [WARNING] The 'deprecatedStyle' prop is deprecated. Please use the associated style props instead (e.g. "marginInline", "flex") @ https://lf16-tiktok-web.tiktokcdn-us.com/obj/tiktok-web-tx/tiktok/webapp/main/react-v18/webapp-desktop/static/js/async/16119.4be2579f.js:0
[   84959ms] [WARNING] The 'deprecatedStyle' prop is deprecated. Please use the associated style props instead (e.g. "marginInline", "flex") @ https://lf16-tiktok-web.tiktokcdn-us.com/obj/tiktok-web-tx/tiktok/webapp/main/react-v18/webapp-desktop/static/js/async/16119.4be2579f.js:0
[   85554ms] [WARNING] The 'deprecatedStyle' prop is deprecated. Please use the associated style props instead (e.g. "marginInline", "flex") @ https://lf16-tiktok-web.tiktokcdn-us.com/obj/tiktok-web-tx/tiktok/webapp/main/react-v18/webapp-desktop/static/js/async/16119.4be2579f.js:0
[   86150ms] [WARNING] The 'deprecatedStyle' prop is deprecated. Please use the associated style props instead (e.g. "marginInline", "flex") @ https://lf16-tiktok-web.tiktokcdn-us.com/obj/tiktok-web-tx/tiktok/webapp/main/react-v18/webapp-desktop/static/js/async/16119.4be2579f.js:0
[   86221ms] [WARNING] The 'deprecatedStyle' prop is deprecated. Please use the associated style props instead (e.g. "marginInline", "flex") @ https://lf16-tiktok-web.tiktokcdn-us.com/obj/tiktok-web-tx/tiktok/webapp/main/react-v18/webapp-desktop/static/js/async/16119.4be2579f.js:0
[   86247ms] [WARNING] [23:36:06.940][warn][controller][1] AbortError: The play() request was interrupted by a call to pause(). https://goo.gl/LdLk22 @ https://lf16-tiktok-web.tiktokcdn-us.com/obj/tiktok-web-tx/tiktok/webapp/main/react-v18/webapp-desktop/static/js/async/7051.07c86f96.js:0
[   86248ms] [WARNING] [23:36:06.940][warn][controller][1] AbortError: The play() request was interrupted by a call to pause(). https://goo.gl/LdLk22 @ https://lf16-tiktok-web.tiktokcdn-us.com/obj/tiktok-web-tx/tiktok/webapp/main/react-v18/webapp-desktop/static/js/async/7051.07c86f96.js:0
[   87761ms] [WARNING] The 'deprecatedStyle' prop is deprecated. Please use the associated style props instead (e.g. "marginInline", "flex") @ https://lf16-tiktok-web.tiktokcdn-us.com/obj/tiktok-web-tx/tiktok/webapp/main/react-v18/webapp-desktop/static/js/async/16119.4be2579f.js:0
[   88510ms] [WARNING] The 'deprecatedStyle' prop is deprecated. Please use the associated style props instead (e.g. "marginInline", "flex") @ https://lf16-tiktok-web.tiktokcdn-us.com/obj/tiktok-web-tx/tiktok/webapp/main/react-v18/webapp-desktop/static/js/async/16119.4be2579f.js:0
[   93578ms] [WARNING] The 'deprecatedStyle' prop is deprecated. Please use the associated style props instead (e.g. "marginInline", "flex") @ https://lf16-tiktok-web.tiktokcdn-us.com/obj/tiktok-web-tx/tiktok/webapp/main/react-v18/webapp-desktop/static/js/async/16119.4be2579f.js:0
[   93682ms] [WARNING] The 'deprecatedStyle' prop is deprecated. Please use the associated style props instead (e.g. "marginInline", "flex") @ https://lf16-tiktok-web.tiktokcdn-us.com/obj/tiktok-web-tx/tiktok/webapp/main/react-v18/webapp-desktop/static/js/async/16119.4be2579f.js:0
[   93748ms] [WARNING] [23:36:14.440][warn][controller][1] AbortError: The play() request was interrupted by a call to pause(). https://goo.gl/LdLk22 @ https://lf16-tiktok-web.tiktokcdn-us.com/obj/tiktok-web-tx/tiktok/webapp/main/react-v18/webapp-desktop/static/js/async/7051.07c86f96.js:0
[   93748ms] [WARNING] [23:36:14.440][warn][controller][1] AbortError: The play() request was interrupted by a call to pause(). https://goo.gl/LdLk22 @ https://lf16-tiktok-web.tiktokcdn-us.com/obj/tiktok-web-tx/tiktok/webapp/main/react-v18/webapp-desktop/static/js/async/7051.07c86f96.js:0
[   95620ms] [WARNING] The 'deprecatedStyle' prop is deprecated. Please use the associated style props instead (e.g. "marginInline", "flex") @ https://lf16-tiktok-web.tiktokcdn-us.com/obj/tiktok-web-tx/tiktok/webapp/main/react-v18/webapp-desktop/static/js/async/16119.4be2579f.js:0
[  104444ms] [WARNING] The 'deprecatedStyle' prop is deprecated. Please use the associated style props instead (e.g. "marginInline", "flex") @ https://lf16-tiktok-web.tiktokcdn-us.com/obj/tiktok-web-tx/tiktok/webapp/main/react-v18/webapp-desktop/static/js/async/16119.4be2579f.js:0
[  104547ms] [WARNING] The 'deprecatedStyle' prop is deprecated. Please use the associated style props instead (e.g. "marginInline", "flex") @ https://lf16-tiktok-web.tiktokcdn-us.com/obj/tiktok-web-tx/tiktok/webapp/main/react-v18/webapp-desktop/static/js/async/16119.4be2579f.js:0
[  108332ms] [WARNING] The 'deprecatedStyle' prop is deprecated. Please use the associated style props instead (e.g. "marginInline", "flex") @ https://lf16-tiktok-web.tiktokcdn-us.com/obj/tiktok-web-tx/tiktok/webapp/main/react-v18/webapp-desktop/static/js/async/16119.4be2579f.js:0
[  108373ms] [WARNING] The 'deprecatedStyle' prop is deprecated. Please use the associated style props instead (e.g. "marginInline", "flex") @ https://lf16-tiktok-web.tiktokcdn-us.com/obj/tiktok-web-tx/tiktok/webapp/main/react-v18/webapp-desktop/static/js/async/16119.4be2579f.js:0
[  108663ms] [WARNING] user post atom, error getItemList! Response @ https://lf16-tiktok-web.tiktokcdn-us.com/obj/tiktok-web-tx/tiktok/webapp/main/react-v18/webapp-desktop/static/js/atom.init.02f67a58.js:0
[  113184ms] [WARNING] The 'deprecatedStyle' prop is deprecated. Please use the associated style props instead (e.g. "marginInline", "flex") @ https://lf16-tiktok-web.tiktokcdn-us.com/obj/tiktok-web-tx/tiktok/webapp/main/react-v18/webapp-desktop/static/js/async/16119.4be2579f.js:0
[  113259ms] [WARNING] The 'deprecatedStyle' prop is deprecated. Please use the associated style props instead (e.g. "marginInline", "flex") @ https://lf16-tiktok-web.tiktokcdn-us.com/obj/tiktok-web-tx/tiktok/webapp/main/react-v18/webapp-desktop/static/js/async/16119.4be2579f.js:0
[  121523ms] [WARNING] The 'deprecatedStyle' prop is deprecated. Please use the associated style props instead (e.g. "marginInline", "flex") @ https://lf16-tiktok-web.tiktokcdn-us.com/obj/tiktok-web-tx/tiktok/webapp/main/react-v18/webapp-desktop/static/js/async/16119.4be2579f.js:0
[  125406ms] [WARNING] The 'deprecatedStyle' prop is deprecated. Please use the associated style props instead (e.g. "marginInline", "flex") @ https://lf16-tiktok-web.tiktokcdn-us.com/obj/tiktok-web-tx/tiktok/webapp/main/react-v18/webapp-desktop/static/js/async/16119.4be2579f.js:0
[  125471ms] [WARNING] The 'deprecatedStyle' prop is deprecated. Please use the associated style props instead (e.g. "marginInline", "flex") @ https://lf16-tiktok-web.tiktokcdn-us.com/obj/tiktok-web-tx/tiktok/webapp/main/react-v18/webapp-desktop/static/js/async/16119.4be2579f.js:0
