[   17738ms] [LOG] SyntaxError: Unexpected end of JSON input
    at JSON.parse (<anonymous>)
    at JSON.parse (https://frontend-cf.cjdropshipping.com/web-egg/2026-08-05-07-00-26/static/js/public/common.js:1:152387)
    at t.getTwclidFromCookie (https://static.ads-twitter.com/uwt.js:1:43214)
    at t.getTwclid (https://static.ads-twitter.com/uwt.js:1:43544)
    at t.getTwclidParams (https://static.ads-twitter.com/uwt.js:1:43636)
    at t.track (https://static.ads-twitter.com/uwt.js:1:34956)
    at https://static.ads-twitter.com/uwt.js:1:18875
    at Set.forEach (<anonymous>)
    at HTMLDocument.m (https://static.ads-twitter.com/uwt.js:1:18580)
    at HTMLDocument.o (https://frontend-cf.cjdropshipping.com/web-egg/2026-08-05-07-00-26/egg/script/commonScriptImport.js:1:31496) @ https://frontend-cf.cjdropshipping.com/web-egg/2026-08-05-07-00-26/egg/script/commonScriptImport.js:0
[   17738ms] [LOG] [] @ https://frontend-cf.cjdropshipping.com/web-egg/2026-08-05-07-00-26/egg/script/commonScriptImport.js:0
[  868271ms] [LOG] SyntaxError: Unexpected end of JSON input
    at JSON.parse (<anonymous>)
    at JSON.parse (https://frontend-cf.cjdropshipping.com/web-egg/2026-08-05-07-00-26/static/js/public/common.js:1:152387)
    at t.getTwclidFromCookie (https://static.ads-twitter.com/uwt.js:1:43214)
    at t.getTwclid (https://static.ads-twitter.com/uwt.js:1:43544)
    at t.getTwclidParams (https://static.ads-twitter.com/uwt.js:1:43636)
    at t.track (https://static.ads-twitter.com/uwt.js:1:34956)
    at https://static.ads-twitter.com/uwt.js:1:18875
    at Set.forEach (<anonymous>)
    at HTMLDocument.m (https://static.ads-twitter.com/uwt.js:1:18580)
    at HTMLDocument.o (https://frontend-cf.cjdropshipping.com/web-egg/2026-08-05-07-00-26/egg/script/commonScriptImport.js:1:31496) @ https://frontend-cf.cjdropshipping.com/web-egg/2026-08-05-07-00-26/egg/script/commonScriptImport.js:0
[  868271ms] [LOG] [] @ https://frontend-cf.cjdropshipping.com/web-egg/2026-08-05-07-00-26/egg/script/commonScriptImport.js:0
[ 1511237ms] [LOG] SyntaxError: Unexpected end of JSON input
    at JSON.parse (<anonymous>)
    at JSON.parse (https://frontend-cf.cjdropshipping.com/web-egg/2026-08-05-07-00-26/static/js/public/common.js:1:152387)
    at t.getTwclidFromCookie (https://static.ads-twitter.com/uwt.js:1:43214)
    at t.getTwclid (https://static.ads-twitter.com/uwt.js:1:43544)
    at t.getTwclidParams (https://static.ads-twitter.com/uwt.js:1:43636)
    at t.track (https://static.ads-twitter.com/uwt.js:1:34956)
    at https://static.ads-twitter.com/uwt.js:1:18875
    at Set.forEach (<anonymous>)
    at HTMLDocument.m (https://static.ads-twitter.com/uwt.js:1:18580)
    at HTMLDocument.o (https://frontend-cf.cjdropshipping.com/web-egg/2026-08-05-07-00-26/egg/script/commonScriptImport.js:1:31496) @ https://frontend-cf.cjdropshipping.com/web-egg/2026-08-05-07-00-26/egg/script/commonScriptImport.js:0
[ 1511237ms] [LOG] [] @ https://frontend-cf.cjdropshipping.com/web-egg/2026-08-05-07-00-26/egg/script/commonScriptImport.js:0
[ 2998862ms] [ERROR] TypeError: Cannot read properties of null (reading 'offsetHeight')
    at https://frontend-cf.cjdropshipping.com/web-egg-hash/mycj/js/mycj.e5db4841b.js:1:322368
    at m.$eval (https://frontend-cf.cjdropshipping.com/common-public/angular-1.7.9/angular.min.js:154:239)
    at m.$apply (https://frontend-cf.cjdropshipping.com/common-public/angular-1.7.9/angular.min.js:154:482)
    at A (https://frontend-cf.cjdropshipping.com/web-egg-hash/mycj/js/mycj.e5db4841b.js:1:321841)
    at Y.onscroll (https://frontend-cf.cjdropshipping.com/web-egg-hash/mycj/js/mycj.e5db4841b.js:1:322343) @ https://frontend-cf.cjdropshipping.com/web-egg/2026-08-05-07-00-26/egg/script/commonScriptImport.js:0
[ 2998878ms] [ERROR] TypeError: Cannot read properties of null (reading 'offsetHeight')
    at https://frontend-cf.cjdropshipping.com/web-egg-hash/mycj/js/mycj.e5db4841b.js:1:322368
    at m.$eval (https://frontend-cf.cjdropshipping.com/common-public/angular-1.7.9/angular.min.js:154:239)
    at m.$apply (https://frontend-cf.cjdropshipping.com/common-public/angular-1.7.9/angular.min.js:154:482)
    at A (https://frontend-cf.cjdropshipping.com/web-egg-hash/mycj/js/mycj.e5db4841b.js:1:321841)
    at Y.onscroll (https://frontend-cf.cjdropshipping.com/web-egg-hash/mycj/js/mycj.e5db4841b.js:1:322343) @ https://frontend-cf.cjdropshipping.com/web-egg/2026-08-05-07-00-26/egg/script/commonScriptImport.js:0
[ 2998895ms] [ERROR] TypeError: Cannot read properties of null (reading 'offsetHeight')
    at https://frontend-cf.cjdropshipping.com/web-egg-hash/mycj/js/mycj.e5db4841b.js:1:322368
    at m.$eval (https://frontend-cf.cjdropshipping.com/common-public/angular-1.7.9/angular.min.js:154:239)
    at m.$apply (https://frontend-cf.cjdropshipping.com/common-public/angular-1.7.9/angular.min.js:154:482)
    at A (https://frontend-cf.cjdropshipping.com/web-egg-hash/mycj/js/mycj.e5db4841b.js:1:321841)
    at Y.onscroll (https://frontend-cf.cjdropshipping.com/web-egg-hash/mycj/js/mycj.e5db4841b.js:1:322343) @ https://frontend-cf.cjdropshipping.com/web-egg/2026-08-05-07-00-26/egg/script/commonScriptImport.js:0
[ 2998910ms] [ERROR] TypeError: Cannot read properties of null (reading 'offsetHeight')
    at https://frontend-cf.cjdropshipping.com/web-egg-hash/mycj/js/mycj.e5db4841b.js:1:322368
    at m.$eval (https://frontend-cf.cjdropshipping.com/common-public/angular-1.7.9/angular.min.js:154:239)
    at m.$apply (https://frontend-cf.cjdropshipping.com/common-public/angular-1.7.9/angular.min.js:154:482)
    at A (https://frontend-cf.cjdropshipping.com/web-egg-hash/mycj/js/mycj.e5db4841b.js:1:321841)
    at Y.onscroll (https://frontend-cf.cjdropshipping.com/web-egg-hash/mycj/js/mycj.e5db4841b.js:1:322343) @ https://frontend-cf.cjdropshipping.com/web-egg/2026-08-05-07-00-26/egg/script/commonScriptImport.js:0
[ 2998927ms] [ERROR] TypeError: Cannot read properties of null (reading 'offsetHeight')
    at https://frontend-cf.cjdropshipping.com/web-egg-hash/mycj/js/mycj.e5db4841b.js:1:322368
    at m.$eval (https://frontend-cf.cjdropshipping.com/common-public/angular-1.7.9/angular.min.js:154:239)
    at m.$apply (https://frontend-cf.cjdropshipping.com/common-public/angular-1.7.9/angular.min.js:154:482)
    at A (https://frontend-cf.cjdropshipping.com/web-egg-hash/mycj/js/mycj.e5db4841b.js:1:321841)
    at Y.onscroll (https://frontend-cf.cjdropshipping.com/web-egg-hash/mycj/js/mycj.e5db4841b.js:1:322343) @ https://frontend-cf.cjdropshipping.com/web-egg/2026-08-05-07-00-26/egg/script/commonScriptImport.js:0
[ 2998945ms] [ERROR] TypeError: Cannot read properties of null (reading 'offsetHeight')
    at https://frontend-cf.cjdropshipping.com/web-egg-hash/mycj/js/mycj.e5db4841b.js:1:322368
    at m.$eval (https://frontend-cf.cjdropshipping.com/common-public/angular-1.7.9/angular.min.js:154:239)
    at m.$apply (https://frontend-cf.cjdropshipping.com/common-public/angular-1.7.9/angular.min.js:154:482)
    at A (https://frontend-cf.cjdropshipping.com/web-egg-hash/mycj/js/mycj.e5db4841b.js:1:321841)
    at Y.onscroll (https://frontend-cf.cjdropshipping.com/web-egg-hash/mycj/js/mycj.e5db4841b.js:1:322343) @ https://frontend-cf.cjdropshipping.com/web-egg/2026-08-05-07-00-26/egg/script/commonScriptImport.js:0
