[    6210ms] [WARNING] Failed to execute 'postMessage' on 'DOMWindow': The target origin provided ('https://www.youtube.com') does not match the recipient window's origin ('https://www.google.com'). @ https://www.youtube.com/s/player/854a788e/www-widgetapi.vflset/www-widgetapi.js:162
[    9669ms] [LOG] JQMIGRATE: Migrate is installed with logging active, version 1.4.1 @ https://b.stripecdn.com/dashboard-fe-statics-srv/assets/login.hhk7pikwgguosou4.js:202
[   10613ms] [LOG] recaptchacompat disabled @ https://b.stripecdn.com/dashboard-fe-statics-srv/assets/login.hhk7pikwgguosou4.js:154
[   13194ms] [LOG] %c%s color: red; background: yellow; font-size: 24px; ADVERTENCIA @ https://www.gstatic.com/_/mss/boq-identity/_/js/k=boq-identity.AccountsSignInUi.es_419.kg-ZXhWbuUU.es5.O/am=EQEAAADIgB8SAOT__28AAAMItgPeswCaACEDAAAAAAAAAAAsAABAI4A/d=1/excm=_b,_tp,accountchooserview/ed=1/dg=0/wt=2/ujg=1/rs=AOaEmlFC7yTuoNJU_yenXon6x26WUgFGEA/dti=1/m=_b,_tp:552
[   13194ms] [LOG] %c%s font-size: 18px; Si usas esta consola, un atacante podría suplantar tu identidad y robar tu información a través de un ataque llamado Self-XSS.
No ingreses ni pegues ningún código que no entiendas. @ https://www.gstatic.com/_/mss/boq-identity/_/js/k=boq-identity.AccountsSignInUi.es_419.kg-ZXhWbuUU.es5.O/am=EQEAAADIgB8SAOT__28AAAMItgPeswCaACEDAAAAAAAAAAAsAABAI4A/d=1/excm=_b,_tp,accountchooserview/ed=1/dg=0/wt=2/ujg=1/rs=AOaEmlFC7yTuoNJU_yenXon6x26WUgFGEA/dti=1/m=_b,_tp:552
[   15793ms] [LOG] %c%s color: red; background: yellow; font-size: 24px; ADVERTENCIA @ https://www.gstatic.com/_/mss/boq-identity/_/js/k=boq-identity.OAuthUi.es_419.EfrYz0fzKlw.es5.O/am=EgAAAIAAAoD__98Agu3APQMoQAAAAAAAAAAAYAAAiA/d=1/excm=_b,_tp,attributesview/ed=1/dg=0/wt=2/ujg=1/rs=AOaEmlEDDYjMp78bwlHi5J_tgL8DdPG0Bw/dti=1/m=_b,_tp:532
[   15793ms] [LOG] %c%s font-size: 18px; Si usas esta consola, un atacante podría suplantar tu identidad y robar tu información a través de un ataque llamado Self-XSS.
No ingreses ni pegues ningún código que no entiendas. @ https://www.gstatic.com/_/mss/boq-identity/_/js/k=boq-identity.OAuthUi.es_419.EfrYz0fzKlw.es5.O/am=EgAAAIAAAoD__98Agu3APQMoQAAAAAAAAAAAYAAAiA/d=1/excm=_b,_tp,attributesview/ed=1/dg=0/wt=2/ujg=1/rs=AOaEmlEDDYjMp78bwlHi5J_tgL8DdPG0Bw/dti=1/m=_b,_tp:532
[   18686ms] [LOG] JQMIGRATE: Migrate is installed with logging active, version 1.4.1 @ https://b.stripecdn.com/dashboard-fe-statics-srv/assets/login.hhk7pikwgguosou4.js:202
[   19332ms] [LOG] recaptchacompat disabled @ https://b.stripecdn.com/dashboard-fe-statics-srv/assets/login.hhk7pikwgguosou4.js:154
[   40218ms] [ERROR] Framing 'https://stripe.com/' violates the following Content Security Policy directive: "frame-ancestors 'self' https://app.contentful.com". The request has been blocked.
 @ :0
[   40502ms] [LOG] JQMIGRATE: Migrate is installed with logging active, version 1.4.1 @ https://b.stripecdn.com/dashboard-fe-statics-srv/assets/dashboard.m01bihq5w2abpmqb.br.js:313
[   40506ms] [ERROR] Framing 'https://invoicedata.stripe.com/' violates the following Content Security Policy directive: "frame-ancestors 'none'". The request has been blocked.
 @ :0
[   40508ms] [ERROR] Framing 'https://docs.stripe.com/' violates the following Content Security Policy directive: "frame-ancestors 'self' https://docs-edit.corp.stripe.com https://markdraft.corp.stripe.com https://admin.corp.stripe.com". The request has been blocked.
 @ :0
[   40508ms] [ERROR] Framing 'https://docs.stripe.com/' violates the following report-only Content Security Policy directive: "frame-ancestors 'self' https://docs-edit.corp.stripe.com https://markdraft.corp.stripe.com https://admin.corp.stripe.com". The violation has been logged, but no further action has been taken.
 @ :0
[   40903ms] [ERROR] Framing 'https://marketplace.stripe.com/' violates the following Content Security Policy directive: "frame-ancestors 'self'". The request has been blocked.
 @ :0
[   42389ms] [ERROR] Framing 'https://invoicedata.stripe.com/' violates the following Content Security Policy directive: "frame-ancestors 'none'". The request has been blocked.
 @ :0
[   42394ms] [ERROR] Framing 'https://stripe.com/' violates the following Content Security Policy directive: "frame-ancestors 'self' https://app.contentful.com". The request has been blocked.
 @ :0
[   42399ms] [ERROR] Framing 'https://docs.stripe.com/' violates the following Content Security Policy directive: "frame-ancestors 'self' https://docs-edit.corp.stripe.com https://markdraft.corp.stripe.com https://admin.corp.stripe.com". The request has been blocked.
 @ :0
[   42399ms] [ERROR] Framing 'https://docs.stripe.com/' violates the following report-only Content Security Policy directive: "frame-ancestors 'self' https://docs-edit.corp.stripe.com https://markdraft.corp.stripe.com https://admin.corp.stripe.com". The violation has been logged, but no further action has been taken.
 @ :0
[   42401ms] [ERROR] Framing 'https://marketplace.stripe.com/' violates the following Content Security Policy directive: "frame-ancestors 'self'". The request has been blocked.
 @ :0
[   42754ms] [ERROR] Failed to load resource: the server responded with a status of 404 () @ https://dashboard.stripe.com/v1/profiles/me?expand%5B%5D=verification&expand%5B%5D=og_tags&include_only%5B%5D=id%2Cis_hidden_restricted%2Cis_suspended_restricted%2Cusername%2Cdisplay_name%2Cdescription%2Curl%2Cemail%2Cphone%2Cog_tags.og_image_url%2Cog_tags.og_title%2Cog_tags.og_description%2Cog_tags.og_site_name%2Clivemode%2Cvisibility%2Cis_internal_testing%2Cobject%2Caddress.line1%2Caddress.line2%2Caddress.city%2Caddress.state%2Caddress.postal_code%2Caddress.country%2Cbranding.icon.original%2Cbranding.logo.original%2Cbranding.primary_color%2Cbranding.secondary_color%2Cverification.is_verified:0
[   43155ms] [ERROR] Failed to load resource: the server responded with a status of 404 () @ https://dashboard.stripe.com/ajax/startup_merchant?include_only%5B%5D=id%2Cmerchant%2Cpartner_code%2Cpartner_page%2Capplication_status:0
[   56927ms] [ERROR] Failed to load resource: the server responded with a status of 429 () @ https://errors.stripe.com/api/864/store/?sentry_key=e66886748d81458d81141a7b67473194&sentry_version=7:0
