[     265ms] [WARNING] ########## load sentry production ########## @ https://frontend-cf.cjdropshipping.com/web-egg/2026-08-08-08-47-59/egg/script/commonScriptImport.js:0
[     470ms] [LOG] 同步language到googtrans： /en/es @ https://frontend-cf.cjdropshipping.com/web-egg/2026-08-08-08-47-59/egg/script/commonScriptImport.js:0
[     967ms] [LOG] 同步language到googtrans： /en/es @ https://frontend-cf.cjdropshipping.com/web-egg/2026-08-08-08-47-59/egg/script/commonScriptImport.js:0
[     973ms] [LOG] production dsp.NODE_ENV @ https://frontend-cf.cjdropshipping.com/web-egg/2026-08-08-08-47-59/egg/script/commonScriptImport.js:0
[    1414ms] [LOG] SyntaxError: Unexpected end of JSON input
    at JSON.parse (<anonymous>)
    at JSON.<anonymous> (https://frontend-cf.cjdropshipping.com/web-egg/2026-08-08-08-47-59/static/singleJs/base.js:15467:27)
    at t.getTwclidFromCookie (https://static.ads-twitter.com/uwt.js:1:43214)
    at t.getTwclid (https://static.ads-twitter.com/uwt.js:1:43544)
    at t.getTwclidParams (https://static.ads-twitter.com/uwt.js:1:43636)
    at t.track (https://static.ads-twitter.com/uwt.js:1:34956)
    at t.track (https://static.ads-twitter.com/uwt.js:1:16836)
    at e.exe (https://static.ads-twitter.com/uwt.js:1:35834)
    at https://static.ads-twitter.com/uwt.js:1:35922
    at 2345 (https://static.ads-twitter.com/uwt.js:1:35945)
    at n (https://static.ads-twitter.com/uwt.js:1:49827)
    at 2735 (https://static.ads-twitter.com/uwt.js:1:36225)
    at n (https://static.ads-twitter.com/uwt.js:1:49827)
    at https://static.ads-twitter.com/uwt.js:1:50051
    at https://static.ads-twitter.com/uwt.js:1:50060
    at https://static.ads-twitter.com/uwt.js:1:50064 @ https://frontend-cf.cjdropshipping.com/web-egg/2026-08-08-08-47-59/egg/script/commonScriptImport.js:0
[    1414ms] [LOG] [] @ https://frontend-cf.cjdropshipping.com/web-egg/2026-08-08-08-47-59/egg/script/commonScriptImport.js:0
[    1687ms] [LOG] SyntaxError: Bad control character in string literal in JSON at position 1 (line 1 column 2)
    at parse (<anonymous>)
    at https://frontend-cf.cjdropshipping.com/web-egg/2026-08-08-08-47-59/static/singleJs/base.js:15467:27
    at C (https://connect.facebook.net/en_US/bundle/sdk.js/:66:1806)
    at C (https://connect.facebook.net/en_US/bundle/sdk.js/:66:990)
    at u (https://connect.facebook.net/en_US/bundle/sdk.js/:66:1933)
    at https://connect.facebook.net/en_US/bundle/sdk.js/:66:7610
    at u (https://connect.facebook.net/en_US/bundle/sdk.js/:66:7785)
    at d (https://connect.facebook.net/en_US/bundle/sdk.js/:66:7834)
    at m (https://connect.facebook.net/en_US/bundle/sdk.js/:66:7892)
    at Object.<anonymous> (https://connect.facebook.net/en_US/bundle/sdk.js/:67:78)
    at c (https://connect.facebook.net/en_US/bundle/sdk.js/:51:833)
    at m (https://connect.facebook.net/en_US/bundle/sdk.js/:51:1103)
    at Object.<anonymous> (https://connect.facebook.net/en_US/bundle/sdk.js/:68:235)
    at c (https://connect.facebook.net/en_US/bundle/sdk.js/:51:833)
    at Object.d [as require] (https://connect.facebook.net/en_US/bundle/sdk.js/:51:1018)
    at Object.<anonymous> (https://connect.facebook.net/en_US/bundle/sdk.js/:70:1376)
    at https://connect.facebook.net/en_US/bundle/sdk.js/:245:10
    at https://connect.facebook.net/en_US/bundle/sdk.js/:246:7 @ https://frontend-cf.cjdropshipping.com/web-egg/2026-08-08-08-47-59/egg/script/commonScriptImport.js:0
[    1687ms] [LOG] ["	"] @ https://frontend-cf.cjdropshipping.com/web-egg/2026-08-08-08-47-59/egg/script/commonScriptImport.js:0
[    3353ms] [WARNING] WebGL: INVALID_ENUM: getInternalformatParameter: invalid internalformat @ https://challenges.cloudflare.com/cdn-cgi/challenge-platform/h/b/turnstile/f/av0/rch/0s4bm/0x4AAAAAACEIoscRuq_FZZRv/light/fbD/new/flexible?lang=auto:0
[    3354ms] [WARNING] WebGL: INVALID_ENUM: getInternalformatParameter: invalid internalformat @ https://challenges.cloudflare.com/cdn-cgi/challenge-platform/h/b/turnstile/f/av0/rch/0s4bm/0x4AAAAAACEIoscRuq_FZZRv/light/fbD/new/flexible?lang=auto:0
[    3355ms] [WARNING] WebGL: INVALID_ENUM: getInternalformatParameter: invalid internalformat @ https://challenges.cloudflare.com/cdn-cgi/challenge-platform/h/b/turnstile/f/av0/rch/0s4bm/0x4AAAAAACEIoscRuq_FZZRv/light/fbD/new/flexible?lang=auto:0
[    3356ms] [WARNING] WebGL: INVALID_ENUM: getInternalformatParameter: invalid internalformat @ https://challenges.cloudflare.com/cdn-cgi/challenge-platform/h/b/turnstile/f/av0/rch/0s4bm/0x4AAAAAACEIoscRuq_FZZRv/light/fbD/new/flexible?lang=auto:0
[    3356ms] [WARNING] WebGL: INVALID_ENUM: getInternalformatParameter: invalid internalformat @ https://challenges.cloudflare.com/cdn-cgi/challenge-platform/h/b/turnstile/f/av0/rch/0s4bm/0x4AAAAAACEIoscRuq_FZZRv/light/fbD/new/flexible?lang=auto:0
[    3356ms] [WARNING] WebGL: INVALID_ENUM: getInternalformatParameter: invalid internalformat @ https://challenges.cloudflare.com/cdn-cgi/challenge-platform/h/b/turnstile/f/av0/rch/0s4bm/0x4AAAAAACEIoscRuq_FZZRv/light/fbD/new/flexible?lang=auto:0
[    3356ms] [WARNING] WebGL: INVALID_ENUM: getInternalformatParameter: invalid internalformat @ https://challenges.cloudflare.com/cdn-cgi/challenge-platform/h/b/turnstile/f/av0/rch/0s4bm/0x4AAAAAACEIoscRuq_FZZRv/light/fbD/new/flexible?lang=auto:0
[    3356ms] [WARNING] WebGL: INVALID_ENUM: getInternalformatParameter: invalid internalformat @ https://challenges.cloudflare.com/cdn-cgi/challenge-platform/h/b/turnstile/f/av0/rch/0s4bm/0x4AAAAAACEIoscRuq_FZZRv/light/fbD/new/flexible?lang=auto:0
[    3357ms] [WARNING] WebGL: INVALID_ENUM: getInternalformatParameter: invalid internalformat @ https://challenges.cloudflare.com/cdn-cgi/challenge-platform/h/b/turnstile/f/av0/rch/0s4bm/0x4AAAAAACEIoscRuq_FZZRv/light/fbD/new/flexible?lang=auto:0
[    3357ms] [WARNING] WebGL: INVALID_ENUM: getInternalformatParameter: invalid internalformat @ https://challenges.cloudflare.com/cdn-cgi/challenge-platform/h/b/turnstile/f/av0/rch/0s4bm/0x4AAAAAACEIoscRuq_FZZRv/light/fbD/new/flexible?lang=auto:0
[    3357ms] [WARNING] WebGL: INVALID_ENUM: getInternalformatParameter: invalid internalformat @ https://challenges.cloudflare.com/cdn-cgi/challenge-platform/h/b/turnstile/f/av0/rch/0s4bm/0x4AAAAAACEIoscRuq_FZZRv/light/fbD/new/flexible?lang=auto:0
[    3358ms] [WARNING] WebGL: INVALID_ENUM: getInternalformatParameter: invalid internalformat when EXT_color_buffer_[half_]float is not enabled @ https://challenges.cloudflare.com/cdn-cgi/challenge-platform/h/b/turnstile/f/av0/rch/0s4bm/0x4AAAAAACEIoscRuq_FZZRv/light/fbD/new/flexible?lang=auto:0
[    3358ms] [WARNING] WebGL: INVALID_ENUM: getInternalformatParameter: invalid internalformat when EXT_color_buffer_float is not enabled @ https://challenges.cloudflare.com/cdn-cgi/challenge-platform/h/b/turnstile/f/av0/rch/0s4bm/0x4AAAAAACEIoscRuq_FZZRv/light/fbD/new/flexible?lang=auto:0
[    3359ms] [WARNING] WebGL: INVALID_ENUM: getInternalformatParameter: invalid internalformat when EXT_color_buffer_float is not enabled @ https://challenges.cloudflare.com/cdn-cgi/challenge-platform/h/b/turnstile/f/av0/rch/0s4bm/0x4AAAAAACEIoscRuq_FZZRv/light/fbD/new/flexible?lang=auto:0
[    3359ms] [WARNING] WebGL: INVALID_ENUM: getInternalformatParameter: invalid internalformat @ https://challenges.cloudflare.com/cdn-cgi/challenge-platform/h/b/turnstile/f/av0/rch/0s4bm/0x4AAAAAACEIoscRuq_FZZRv/light/fbD/new/flexible?lang=auto:0
[    3359ms] [WARNING] WebGL: INVALID_ENUM: getInternalformatParameter: invalid internalformat when EXT_color_buffer_[half_]float is not enabled @ https://challenges.cloudflare.com/cdn-cgi/challenge-platform/h/b/turnstile/f/av0/rch/0s4bm/0x4AAAAAACEIoscRuq_FZZRv/light/fbD/new/flexible?lang=auto:0
[    3359ms] [WARNING] WebGL: INVALID_ENUM: getInternalformatParameter: invalid internalformat when EXT_color_buffer_float is not enabled @ https://challenges.cloudflare.com/cdn-cgi/challenge-platform/h/b/turnstile/f/av0/rch/0s4bm/0x4AAAAAACEIoscRuq_FZZRv/light/fbD/new/flexible?lang=auto:0
[    3359ms] [WARNING] WebGL: INVALID_ENUM: getInternalformatParameter: invalid internalformat when EXT_color_buffer_[half_]float is not enabled @ https://challenges.cloudflare.com/cdn-cgi/challenge-platform/h/b/turnstile/f/av0/rch/0s4bm/0x4AAAAAACEIoscRuq_FZZRv/light/fbD/new/flexible?lang=auto:0
[    3359ms] [WARNING] WebGL: INVALID_ENUM: getInternalformatParameter: invalid internalformat when EXT_color_buffer_float is not enabled @ https://challenges.cloudflare.com/cdn-cgi/challenge-platform/h/b/turnstile/f/av0/rch/0s4bm/0x4AAAAAACEIoscRuq_FZZRv/light/fbD/new/flexible?lang=auto:0
[    3452ms] [WARNING] No available adapters. @ https://challenges.cloudflare.com/cdn-cgi/challenge-platform/h/b/turnstile/f/av0/rch/0s4bm/0x4AAAAAACEIoscRuq_FZZRv/light/fbD/new/flexible?lang=auto:0
[    3509ms] [LOG] /.*.*=.*/ @ https://challenges.cloudflare.com/cdn-cgi/challenge-platform/h/b/turnstile/f/av0/rch/0s4bm/0x4AAAAAACEIoscRuq_FZZRv/light/fbD/new/flexible?lang=auto:0
[    3510ms] [LOG] /.*.*=.*/ @ https://challenges.cloudflare.com/cdn-cgi/challenge-platform/h/b/turnstile/f/av0/rch/0s4bm/0x4AAAAAACEIoscRuq_FZZRv/light/fbD/new/flexible?lang=auto:0
[    3510ms] [LOG] function () { [native code] } @ https://challenges.cloudflare.com/cdn-cgi/challenge-platform/h/b/turnstile/f/av0/rch/0s4bm/0x4AAAAAACEIoscRuq_FZZRv/light/fbD/new/flexible?lang=auto:0
[    3510ms] [LOG] function () { [native code] } @ https://challenges.cloudflare.com/cdn-cgi/challenge-platform/h/b/turnstile/f/av0/rch/0s4bm/0x4AAAAAACEIoscRuq_FZZRv/light/fbD/new/flexible?lang=auto:0
[    3510ms] [LOG] JSHandle@node @ https://challenges.cloudflare.com/cdn-cgi/challenge-platform/h/b/turnstile/f/av0/rch/0s4bm/0x4AAAAAACEIoscRuq_FZZRv/light/fbD/new/flexible?lang=auto:0
[    3510ms] [LOG] JSHandle@node @ https://challenges.cloudflare.com/cdn-cgi/challenge-platform/h/b/turnstile/f/av0/rch/0s4bm/0x4AAAAAACEIoscRuq_FZZRv/light/fbD/new/flexible?lang=auto:0
[    3511ms] [COUNT]  : 1 @ https://challenges.cloudflare.com/cdn-cgi/challenge-platform/h/b/turnstile/f/av0/rch/0s4bm/0x4AAAAAACEIoscRuq_FZZRv/light/fbD/new/flexible?lang=auto:0
[    3513ms] [COUNT]  : 1 @ https://challenges.cloudflare.com/cdn-cgi/challenge-platform/h/b/turnstile/f/av0/rch/0s4bm/0x4AAAAAACEIoscRuq_FZZRv/light/fbD/new/flexible?lang=auto:0
[    3513ms] [DIR]  Error @ https://challenges.cloudflare.com/cdn-cgi/challenge-platform/h/b/turnstile/f/av0/rch/0s4bm/0x4AAAAAACEIoscRuq_FZZRv/light/fbD/new/flexible?lang=auto:0
[    3514ms] [DIR]  Error @ https://challenges.cloudflare.com/cdn-cgi/challenge-platform/h/b/turnstile/f/av0/rch/0s4bm/0x4AAAAAACEIoscRuq_FZZRv/light/fbD/new/flexible?lang=auto:0
[    3514ms] [DIRXML] %c%d font-size:0;color:transparent Error @ https://challenges.cloudflare.com/cdn-cgi/challenge-platform/h/b/turnstile/f/av0/rch/0s4bm/0x4AAAAAACEIoscRuq_FZZRv/light/fbD/new/flexible?lang=auto:0
[    3514ms] [DIRXML] %c%d font-size:0;color:transparent Error @ https://challenges.cloudflare.com/cdn-cgi/challenge-platform/h/b/turnstile/f/av0/rch/0s4bm/0x4AAAAAACEIoscRuq_FZZRv/light/fbD/new/flexible?lang=auto:0
[    3514ms] [ERROR] %c%d font-size:0;color:transparent NaN @ https://challenges.cloudflare.com/cdn-cgi/challenge-platform/h/b/turnstile/f/av0/rch/0s4bm/0x4AAAAAACEIoscRuq_FZZRv/light/fbD/new/flexible?lang=auto:0
[    3514ms] [ERROR] %c%d font-size:0;color:transparent NaN @ https://challenges.cloudflare.com/cdn-cgi/challenge-platform/h/b/turnstile/f/av0/rch/0s4bm/0x4AAAAAACEIoscRuq_FZZRv/light/fbD/new/flexible?lang=auto:0
[    3514ms] [INFO] %c%d font-size:0;color:transparent NaN @ https://challenges.cloudflare.com/cdn-cgi/challenge-platform/h/b/turnstile/f/av0/rch/0s4bm/0x4AAAAAACEIoscRuq_FZZRv/light/fbD/new/flexible?lang=auto:0
[    3515ms] [INFO] %c%d font-size:0;color:transparent NaN @ https://challenges.cloudflare.com/cdn-cgi/challenge-platform/h/b/turnstile/f/av0/rch/0s4bm/0x4AAAAAACEIoscRuq_FZZRv/light/fbD/new/flexible?lang=auto:0
[    3515ms] [LOG] %c%d font-size:0;color:transparent NaN @ https://challenges.cloudflare.com/cdn-cgi/challenge-platform/h/b/turnstile/f/av0/rch/0s4bm/0x4AAAAAACEIoscRuq_FZZRv/light/fbD/new/flexible?lang=auto:0
[    3515ms] [LOG] %c%d font-size:0;color:transparent NaN @ https://challenges.cloudflare.com/cdn-cgi/challenge-platform/h/b/turnstile/f/av0/rch/0s4bm/0x4AAAAAACEIoscRuq_FZZRv/light/fbD/new/flexible?lang=auto:0
[    3515ms] [TABLE] %c%d font-size:0;color:transparent Error @ https://challenges.cloudflare.com/cdn-cgi/challenge-platform/h/b/turnstile/f/av0/rch/0s4bm/0x4AAAAAACEIoscRuq_FZZRv/light/fbD/new/flexible?lang=auto:0
[    3515ms] [TABLE] %c%d font-size:0;color:transparent Error @ https://challenges.cloudflare.com/cdn-cgi/challenge-platform/h/b/turnstile/f/av0/rch/0s4bm/0x4AAAAAACEIoscRuq_FZZRv/light/fbD/new/flexible?lang=auto:0
[    3515ms] [WARNING] %c%d font-size:0;color:transparent NaN @ https://challenges.cloudflare.com/cdn-cgi/challenge-platform/h/b/turnstile/f/av0/rch/0s4bm/0x4AAAAAACEIoscRuq_FZZRv/light/fbD/new/flexible?lang=auto:0
[    3516ms] [WARNING] %c%d font-size:0;color:transparent NaN @ https://challenges.cloudflare.com/cdn-cgi/challenge-platform/h/b/turnstile/f/av0/rch/0s4bm/0x4AAAAAACEIoscRuq_FZZRv/light/fbD/new/flexible?lang=auto:0
[    3517ms] [WARNING] OTS parsing error: Size of decompressed WOFF 2.0 is less than compressed size @ https://challenges.cloudflare.com/cdn-cgi/challenge-platform/h/b/turnstile/f/av0/rch/0s4bm/0x4AAAAAACEIoscRuq_FZZRv/light/fbD/new/flexible?lang=auto:0
[    4228ms] [LOG] Turnstile callback: 1.nqggqaqeGZz7McKWIYcQPD7nc1fDml5ZoKoklvSswk9w-hOvsAkysTpxmghfX8BSyYoaoiiY7VI8YgUcGBGPJu9O5V9PkqYabQ8fwii_MpL5ACekS1JHLPMUZR8UmQMH3-oxrXoeMfoAnIDq5h__luFUuYHGY3kDUMB_R_Huqh4bJfb2egneaQbiBskbMBeGYm7BvQUVK85vdOE_lT2TJETJqlZILIt-ES2GLgTNz89kQNvWyeSm_ts4hMYXWFaJxhCCXVcxKY7ip9Qy9M8ou_MYiueCFz1panKokGjyKy7hVdrYMlQK1F7KaKX3ipYg_s_IrhHcV3gnkOfx-T3QXiC3cQXDHxsSBjwzmcr_W0OuC0jqpopWR1CUOBo9s24EjWEuW4KMJMv7o1aBQU2l5Op93yix_JDOJtVvJRsxXu5wbtCMsFQZ-iSUM-dSruHKtHxV2IhCHfsSgyAaWo2WAB1m4QG1rFpuLTnWLX7oukP9gg9jn7DS2Jm5_a75Bg5WTRGbkBOB5_m9zF0pipzERhmj9oQAvAVP6SbwOP6bNvemJP8AeyeFcMJ_sBePlNjWJGm7QqGWi8HcPfalqgUiPVo_WEvn6uyOPqGNDL-OrLA8FeEzULLzgjqOVSzHw-R3rjy29RthQfWaaARbGgSeTOAqYDN-8EoKeyMUUVfJ7xBQfq_0VDKXh7LhjKU2wBl_.WRqqCVs4Eo_q91aSb9raEQ.852f797dc5380d22f00263c8027024abf2c785bf48d0af86b685311ca8158021 @ https://frontend-cf.cjdropshipping.com/web-egg/2026-08-08-08-47-59/egg/script/commonScriptImport.js:0
[   11414ms] [LOG] SyntaxError: Unexpected end of JSON input
    at JSON.parse (<anonymous>)
    at JSON.<anonymous> (https://frontend-cf.cjdropshipping.com/web-egg/2026-08-08-08-47-59/static/singleJs/base.js:15467:27)
    at t.getTwclidFromCookie (https://static.ads-twitter.com/uwt.js:1:43214)
    at t.getTwclid (https://static.ads-twitter.com/uwt.js:1:43544)
    at t.getTwclidParams (https://static.ads-twitter.com/uwt.js:1:43636)
    at t.track (https://static.ads-twitter.com/uwt.js:1:34956)
    at https://static.ads-twitter.com/uwt.js:1:28709
    at Set.forEach (<anonymous>)
    at P (https://static.ads-twitter.com/uwt.js:1:28515)
    at o (https://frontend-cf.cjdropshipping.com/web-egg/2026-08-08-08-47-59/egg/script/commonScriptImport.js:1:31496) @ https://frontend-cf.cjdropshipping.com/web-egg/2026-08-08-08-47-59/egg/script/commonScriptImport.js:0
[   11414ms] [LOG] [] @ https://frontend-cf.cjdropshipping.com/web-egg/2026-08-08-08-47-59/egg/script/commonScriptImport.js:0
[   32412ms] [ERROR] Cross-Origin-Opener-Policy policy would block the window.postMessage call. @ https://accounts.google.com/gsi/client:383
[   32412ms] [ERROR] Cross-Origin-Opener-Policy policy would block the window.postMessage call. @ https://accounts.google.com/gsi/client:383
[   32416ms] [LOG] googleLoginInfo {iss: https://accounts.google.com, azp: 708607489636-7ihggmvci7r9b6npeo3j9v4mnb2g23fp.apps.googleusercontent.com, aud: 708607489636-7ihggmvci7r9b6npeo3j9v4mnb2g23fp.apps.googleusercontent.com, sub: 103600601416326552811, email: albertechev@gmail.com} @ https://frontend-cf.cjdropshipping.com/web-egg/2026-08-08-08-47-59/egg/script/commonScriptImport.js:0
[   32416ms] [LOG] addGoogleLoginEventListener -> params {email: albertechev@gmail.com, googleId: 103600601416326552811, idToken: eyJhbGciOiJSUzI1NiIsImtpZCI6ImYxMGY4NzQwNWE5NzljMW…NDLG71IkMYHdH-epSVzSa_bbDy94pCraDcP1OzlrvxJyMUhug, firstName: Alberto, lastName: Echeverría} @ https://frontend-cf.cjdropshipping.com/web-egg/2026-08-08-08-47-59/egg/script/commonScriptImport.js:0
[   32747ms] [LOG]  login_type == 1  新用户--->  {lastName: Sanchez Echeverria, country: MX, isAlipay: null, forumShopUrl: null, forumFirstName: null} @ https://frontend-cf.cjdropshipping.com/web-egg/2026-08-08-08-47-59/egg/script/commonScriptImport.js:0
[   32748ms] [LOG] {lastName: Sanchez Echeverria, country: MX, isAlipay: null, forumShopUrl: null, forumFirstName: null} @ https://frontend-cf.cjdropshipping.com/web-egg/2026-08-08-08-47-59/egg/script/commonScriptImport.js:0
[   32749ms] [LOG] 成功登录  即将跳转 主页 @ https://frontend-cf.cjdropshipping.com/web-egg/2026-08-08-08-47-59/egg/script/commonScriptImport.js:0
[   33782ms] [LOG] SiteCheck初始化 {modules: Object, datas: Object} @ https://frontend-cf.cjdropshipping.com/mine-react/umi.3b6cabb0.js:0
[   33865ms] [LOG] prod @ https://frontend-cf.cjdropshipping.com/mine-react/umi.3b6cabb0.js:0
[   34082ms] [LOG] %cpackages/mf-mycj-components/src/common/login-for-platform.ts:364 "registerLoginSuccessListener" is registered color: #007acc; registerLoginSuccessListener1s @ https://frontend-cf.cjdropshipping.com/mine-react/umi.3b6cabb0.js:0
[   34198ms] [LOG] add chat js: ENV --> prod @ https://frontend-cf.cjdropshipping.com/mine-react/umi.3b6cabb0.js:0
[   34370ms] [LOG] %csrc/pages/home/components/UserProfile/index.tsx:142 level, index color: #007acc; {label: LV1, index: 1} 0 1 1 @ https://frontend-cf.cjdropshipping.com/mine-react/umi.3b6cabb0.js:0
[   34370ms] [LOG] %csrc/pages/home/components/UserProfile/index.tsx:142 level, index color: #007acc; {label: LV2, index: 2} 1 2 1 @ https://frontend-cf.cjdropshipping.com/mine-react/umi.3b6cabb0.js:0
[   34370ms] [LOG] %csrc/pages/home/components/UserProfile/index.tsx:142 level, index color: #007acc; {label: LV3, index: 3} 2 3 1 @ https://frontend-cf.cjdropshipping.com/mine-react/umi.3b6cabb0.js:0
[   34371ms] [LOG] %csrc/pages/home/components/UserProfile/index.tsx:142 level, index color: #007acc; {label: LV4, index: 4} 3 4 1 @ https://frontend-cf.cjdropshipping.com/mine-react/umi.3b6cabb0.js:0
[   34371ms] [LOG] %csrc/pages/home/components/UserProfile/index.tsx:142 level, index color: #007acc; {label: LV5, index: 5} 4 5 1 @ https://frontend-cf.cjdropshipping.com/mine-react/umi.3b6cabb0.js:0
[   34371ms] [LOG] %csrc/pages/home/components/UserProfile/index.tsx:142 level, index color: #007acc; {label: VIP, index: 6} 5 6 1 @ https://frontend-cf.cjdropshipping.com/mine-react/umi.3b6cabb0.js:0
[   34430ms] [LOG] %csrc/pages/home/components/UserProfile/index.tsx:142 level, index color: #007acc; {label: LV1, index: 1} 0 1 1 @ https://frontend-cf.cjdropshipping.com/mine-react/umi.3b6cabb0.js:0
[   34430ms] [LOG] %csrc/pages/home/components/UserProfile/index.tsx:142 level, index color: #007acc; {label: LV2, index: 2} 1 2 1 @ https://frontend-cf.cjdropshipping.com/mine-react/umi.3b6cabb0.js:0
[   34430ms] [LOG] %csrc/pages/home/components/UserProfile/index.tsx:142 level, index color: #007acc; {label: LV3, index: 3} 2 3 1 @ https://frontend-cf.cjdropshipping.com/mine-react/umi.3b6cabb0.js:0
[   34430ms] [LOG] %csrc/pages/home/components/UserProfile/index.tsx:142 level, index color: #007acc; {label: LV4, index: 4} 3 4 1 @ https://frontend-cf.cjdropshipping.com/mine-react/umi.3b6cabb0.js:0
[   34430ms] [LOG] %csrc/pages/home/components/UserProfile/index.tsx:142 level, index color: #007acc; {label: LV5, index: 5} 4 5 1 @ https://frontend-cf.cjdropshipping.com/mine-react/umi.3b6cabb0.js:0
[   34430ms] [LOG] %csrc/pages/home/components/UserProfile/index.tsx:142 level, index color: #007acc; {label: VIP, index: 6} 5 6 1 @ https://frontend-cf.cjdropshipping.com/mine-react/umi.3b6cabb0.js:0
[   34501ms] [LOG] useInternalReceptionVersion true @ https://frontend-cf.cjdropshipping.com/mine-react/umi.3b6cabb0.js:0
[   34519ms] [LOG] %csrc/pages/home/components/UserProfile/index.tsx:142 level, index color: #007acc; {label: LV1, index: 1} 0 1 1 @ https://frontend-cf.cjdropshipping.com/mine-react/umi.3b6cabb0.js:0
[   34520ms] [LOG] %csrc/pages/home/components/UserProfile/index.tsx:142 level, index color: #007acc; {label: LV2, index: 2} 1 2 1 @ https://frontend-cf.cjdropshipping.com/mine-react/umi.3b6cabb0.js:0
[   34520ms] [LOG] %csrc/pages/home/components/UserProfile/index.tsx:142 level, index color: #007acc; {label: LV3, index: 3} 2 3 1 @ https://frontend-cf.cjdropshipping.com/mine-react/umi.3b6cabb0.js:0
[   34520ms] [LOG] %csrc/pages/home/components/UserProfile/index.tsx:142 level, index color: #007acc; {label: LV4, index: 4} 3 4 1 @ https://frontend-cf.cjdropshipping.com/mine-react/umi.3b6cabb0.js:0
[   34520ms] [LOG] %csrc/pages/home/components/UserProfile/index.tsx:142 level, index color: #007acc; {label: LV5, index: 5} 4 5 1 @ https://frontend-cf.cjdropshipping.com/mine-react/umi.3b6cabb0.js:0
[   34520ms] [LOG] %csrc/pages/home/components/UserProfile/index.tsx:142 level, index color: #007acc; {label: VIP, index: 6} 5 6 1 @ https://frontend-cf.cjdropshipping.com/mine-react/umi.3b6cabb0.js:0
[   34526ms] [WARNING] ######## sentry enabled prod @ https://frontend-cf.cjdropshipping.com/chat/static/js/main.70745042.chunk.js:0
[   34649ms] [LOG] %csrc/pages/home/components/UserProfile/index.tsx:142 level, index color: #007acc; {label: LV1, index: 1} 0 1 1 @ https://frontend-cf.cjdropshipping.com/mine-react/umi.3b6cabb0.js:0
[   34649ms] [LOG] %csrc/pages/home/components/UserProfile/index.tsx:142 level, index color: #007acc; {label: LV2, index: 2} 1 2 1 @ https://frontend-cf.cjdropshipping.com/mine-react/umi.3b6cabb0.js:0
[   34649ms] [LOG] %csrc/pages/home/components/UserProfile/index.tsx:142 level, index color: #007acc; {label: LV3, index: 3} 2 3 1 @ https://frontend-cf.cjdropshipping.com/mine-react/umi.3b6cabb0.js:0
[   34649ms] [LOG] %csrc/pages/home/components/UserProfile/index.tsx:142 level, index color: #007acc; {label: LV4, index: 4} 3 4 1 @ https://frontend-cf.cjdropshipping.com/mine-react/umi.3b6cabb0.js:0
[   34649ms] [LOG] %csrc/pages/home/components/UserProfile/index.tsx:142 level, index color: #007acc; {label: LV5, index: 5} 4 5 1 @ https://frontend-cf.cjdropshipping.com/mine-react/umi.3b6cabb0.js:0
[   34649ms] [LOG] %csrc/pages/home/components/UserProfile/index.tsx:142 level, index color: #007acc; {label: VIP, index: 6} 5 6 1 @ https://frontend-cf.cjdropshipping.com/mine-react/umi.3b6cabb0.js:0
[   34650ms] [LOG] %csrc/pages/home/components/UserProfile/index.tsx:142 level, index color: #007acc; {label: LV1, index: 1} 0 1 1 @ https://frontend-cf.cjdropshipping.com/mine-react/umi.3b6cabb0.js:0
[   34650ms] [LOG] %csrc/pages/home/components/UserProfile/index.tsx:142 level, index color: #007acc; {label: LV2, index: 2} 1 2 1 @ https://frontend-cf.cjdropshipping.com/mine-react/umi.3b6cabb0.js:0
[   34650ms] [LOG] %csrc/pages/home/components/UserProfile/index.tsx:142 level, index color: #007acc; {label: LV3, index: 3} 2 3 1 @ https://frontend-cf.cjdropshipping.com/mine-react/umi.3b6cabb0.js:0
[   34650ms] [LOG] %csrc/pages/home/components/UserProfile/index.tsx:142 level, index color: #007acc; {label: LV4, index: 4} 3 4 1 @ https://frontend-cf.cjdropshipping.com/mine-react/umi.3b6cabb0.js:0
[   34650ms] [LOG] %csrc/pages/home/components/UserProfile/index.tsx:142 level, index color: #007acc; {label: LV5, index: 5} 4 5 1 @ https://frontend-cf.cjdropshipping.com/mine-react/umi.3b6cabb0.js:0
[   34650ms] [LOG] %csrc/pages/home/components/UserProfile/index.tsx:142 level, index color: #007acc; {label: VIP, index: 6} 5 6 1 @ https://frontend-cf.cjdropshipping.com/mine-react/umi.3b6cabb0.js:0
[   34650ms] [LOG] %csrc/pages/home/components/UserProfile/index.tsx:142 level, index color: #007acc; {label: LV1, index: 1} 0 1 1 @ https://frontend-cf.cjdropshipping.com/mine-react/umi.3b6cabb0.js:0
[   34650ms] [LOG] %csrc/pages/home/components/UserProfile/index.tsx:142 level, index color: #007acc; {label: LV2, index: 2} 1 2 1 @ https://frontend-cf.cjdropshipping.com/mine-react/umi.3b6cabb0.js:0
[   34651ms] [LOG] %csrc/pages/home/components/UserProfile/index.tsx:142 level, index color: #007acc; {label: LV3, index: 3} 2 3 1 @ https://frontend-cf.cjdropshipping.com/mine-react/umi.3b6cabb0.js:0
[   34651ms] [LOG] %csrc/pages/home/components/UserProfile/index.tsx:142 level, index color: #007acc; {label: LV4, index: 4} 3 4 1 @ https://frontend-cf.cjdropshipping.com/mine-react/umi.3b6cabb0.js:0
[   34651ms] [LOG] %csrc/pages/home/components/UserProfile/index.tsx:142 level, index color: #007acc; {label: LV5, index: 5} 4 5 1 @ https://frontend-cf.cjdropshipping.com/mine-react/umi.3b6cabb0.js:0
[   34651ms] [LOG] %csrc/pages/home/components/UserProfile/index.tsx:142 level, index color: #007acc; {label: VIP, index: 6} 5 6 1 @ https://frontend-cf.cjdropshipping.com/mine-react/umi.3b6cabb0.js:0
[   34651ms] [LOG] %csrc/pages/home/components/UserProfile/index.tsx:142 level, index color: #007acc; {label: LV1, index: 1} 0 1 1 @ https://frontend-cf.cjdropshipping.com/mine-react/umi.3b6cabb0.js:0
[   34651ms] [LOG] %csrc/pages/home/components/UserProfile/index.tsx:142 level, index color: #007acc; {label: LV2, index: 2} 1 2 1 @ https://frontend-cf.cjdropshipping.com/mine-react/umi.3b6cabb0.js:0
[   34651ms] [LOG] %csrc/pages/home/components/UserProfile/index.tsx:142 level, index color: #007acc; {label: LV3, index: 3} 2 3 1 @ https://frontend-cf.cjdropshipping.com/mine-react/umi.3b6cabb0.js:0
[   34651ms] [LOG] %csrc/pages/home/components/UserProfile/index.tsx:142 level, index color: #007acc; {label: LV4, index: 4} 3 4 1 @ https://frontend-cf.cjdropshipping.com/mine-react/umi.3b6cabb0.js:0
[   34651ms] [LOG] %csrc/pages/home/components/UserProfile/index.tsx:142 level, index color: #007acc; {label: LV5, index: 5} 4 5 1 @ https://frontend-cf.cjdropshipping.com/mine-react/umi.3b6cabb0.js:0
[   34651ms] [LOG] %csrc/pages/home/components/UserProfile/index.tsx:142 level, index color: #007acc; {label: VIP, index: 6} 5 6 1 @ https://frontend-cf.cjdropshipping.com/mine-react/umi.3b6cabb0.js:0
[   34729ms] [WARNING] ######## sentry enabled prod @ https://frontend-cf.cjdropshipping.com/chat/static/js/main.70745042.chunk.js:0
[   34739ms] [LOG] %csrc/pages/home/components/UserProfile/index.tsx:142 level, index color: #007acc; {label: LV1, index: 1} 0 1 1 @ https://frontend-cf.cjdropshipping.com/mine-react/umi.3b6cabb0.js:0
[   34739ms] [LOG] %csrc/pages/home/components/UserProfile/index.tsx:142 level, index color: #007acc; {label: LV2, index: 2} 1 2 1 @ https://frontend-cf.cjdropshipping.com/mine-react/umi.3b6cabb0.js:0
[   34740ms] [LOG] %csrc/pages/home/components/UserProfile/index.tsx:142 level, index color: #007acc; {label: LV3, index: 3} 2 3 1 @ https://frontend-cf.cjdropshipping.com/mine-react/umi.3b6cabb0.js:0
[   34740ms] [LOG] %csrc/pages/home/components/UserProfile/index.tsx:142 level, index color: #007acc; {label: LV4, index: 4} 3 4 1 @ https://frontend-cf.cjdropshipping.com/mine-react/umi.3b6cabb0.js:0
[   34740ms] [LOG] %csrc/pages/home/components/UserProfile/index.tsx:142 level, index color: #007acc; {label: LV5, index: 5} 4 5 1 @ https://frontend-cf.cjdropshipping.com/mine-react/umi.3b6cabb0.js:0
[   34740ms] [LOG] %csrc/pages/home/components/UserProfile/index.tsx:142 level, index color: #007acc; {label: VIP, index: 6} 5 6 1 @ https://frontend-cf.cjdropshipping.com/mine-react/umi.3b6cabb0.js:0
[   34742ms] [LOG] %csrc/pages/home/components/UserProfile/index.tsx:142 level, index color: #007acc; {label: LV1, index: 1} 0 1 1 @ https://frontend-cf.cjdropshipping.com/mine-react/umi.3b6cabb0.js:0
[   34742ms] [LOG] %csrc/pages/home/components/UserProfile/index.tsx:142 level, index color: #007acc; {label: LV2, index: 2} 1 2 1 @ https://frontend-cf.cjdropshipping.com/mine-react/umi.3b6cabb0.js:0
[   34742ms] [LOG] %csrc/pages/home/components/UserProfile/index.tsx:142 level, index color: #007acc; {label: LV3, index: 3} 2 3 1 @ https://frontend-cf.cjdropshipping.com/mine-react/umi.3b6cabb0.js:0
[   34742ms] [LOG] %csrc/pages/home/components/UserProfile/index.tsx:142 level, index color: #007acc; {label: LV4, index: 4} 3 4 1 @ https://frontend-cf.cjdropshipping.com/mine-react/umi.3b6cabb0.js:0
[   34742ms] [LOG] %csrc/pages/home/components/UserProfile/index.tsx:142 level, index color: #007acc; {label: LV5, index: 5} 4 5 1 @ https://frontend-cf.cjdropshipping.com/mine-react/umi.3b6cabb0.js:0
[   34742ms] [LOG] %csrc/pages/home/components/UserProfile/index.tsx:142 level, index color: #007acc; {label: VIP, index: 6} 5 6 1 @ https://frontend-cf.cjdropshipping.com/mine-react/umi.3b6cabb0.js:0
[   34819ms] [LOG] %csrc/pages/home/components/UserProfile/index.tsx:142 level, index color: #007acc; {label: LV1, index: 1} 0 1 1 @ https://frontend-cf.cjdropshipping.com/mine-react/umi.3b6cabb0.js:0
[   34819ms] [LOG] %csrc/pages/home/components/UserProfile/index.tsx:142 level, index color: #007acc; {label: LV2, index: 2} 1 2 1 @ https://frontend-cf.cjdropshipping.com/mine-react/umi.3b6cabb0.js:0
[   34819ms] [LOG] %csrc/pages/home/components/UserProfile/index.tsx:142 level, index color: #007acc; {label: LV3, index: 3} 2 3 1 @ https://frontend-cf.cjdropshipping.com/mine-react/umi.3b6cabb0.js:0
[   34819ms] [LOG] %csrc/pages/home/components/UserProfile/index.tsx:142 level, index color: #007acc; {label: LV4, index: 4} 3 4 1 @ https://frontend-cf.cjdropshipping.com/mine-react/umi.3b6cabb0.js:0
[   34819ms] [LOG] %csrc/pages/home/components/UserProfile/index.tsx:142 level, index color: #007acc; {label: LV5, index: 5} 4 5 1 @ https://frontend-cf.cjdropshipping.com/mine-react/umi.3b6cabb0.js:0
[   34819ms] [LOG] %csrc/pages/home/components/UserProfile/index.tsx:142 level, index color: #007acc; {label: VIP, index: 6} 5 6 1 @ https://frontend-cf.cjdropshipping.com/mine-react/umi.3b6cabb0.js:0
[   34892ms] [LOG] %csrc/pages/home/components/UserProfile/index.tsx:142 level, index color: #007acc; {label: LV1, index: 1} 0 1 1 @ https://frontend-cf.cjdropshipping.com/mine-react/umi.3b6cabb0.js:0
[   34892ms] [LOG] %csrc/pages/home/components/UserProfile/index.tsx:142 level, index color: #007acc; {label: LV2, index: 2} 1 2 1 @ https://frontend-cf.cjdropshipping.com/mine-react/umi.3b6cabb0.js:0
[   34893ms] [LOG] %csrc/pages/home/components/UserProfile/index.tsx:142 level, index color: #007acc; {label: LV3, index: 3} 2 3 1 @ https://frontend-cf.cjdropshipping.com/mine-react/umi.3b6cabb0.js:0
[   34893ms] [LOG] %csrc/pages/home/components/UserProfile/index.tsx:142 level, index color: #007acc; {label: LV4, index: 4} 3 4 1 @ https://frontend-cf.cjdropshipping.com/mine-react/umi.3b6cabb0.js:0
[   34893ms] [LOG] %csrc/pages/home/components/UserProfile/index.tsx:142 level, index color: #007acc; {label: LV5, index: 5} 4 5 1 @ https://frontend-cf.cjdropshipping.com/mine-react/umi.3b6cabb0.js:0
[   34893ms] [LOG] %csrc/pages/home/components/UserProfile/index.tsx:142 level, index color: #007acc; {label: VIP, index: 6} 5 6 1 @ https://frontend-cf.cjdropshipping.com/mine-react/umi.3b6cabb0.js:0
[   34895ms] [LOG] %csrc/pages/home/components/UserProfile/index.tsx:142 level, index color: #007acc; {label: LV1, index: 1} 0 1 1 @ https://frontend-cf.cjdropshipping.com/mine-react/umi.3b6cabb0.js:0
[   34895ms] [LOG] %csrc/pages/home/components/UserProfile/index.tsx:142 level, index color: #007acc; {label: LV2, index: 2} 1 2 1 @ https://frontend-cf.cjdropshipping.com/mine-react/umi.3b6cabb0.js:0
[   34895ms] [LOG] %csrc/pages/home/components/UserProfile/index.tsx:142 level, index color: #007acc; {label: LV3, index: 3} 2 3 1 @ https://frontend-cf.cjdropshipping.com/mine-react/umi.3b6cabb0.js:0
[   34895ms] [LOG] %csrc/pages/home/components/UserProfile/index.tsx:142 level, index color: #007acc; {label: LV4, index: 4} 3 4 1 @ https://frontend-cf.cjdropshipping.com/mine-react/umi.3b6cabb0.js:0
[   34895ms] [LOG] %csrc/pages/home/components/UserProfile/index.tsx:142 level, index color: #007acc; {label: LV5, index: 5} 4 5 1 @ https://frontend-cf.cjdropshipping.com/mine-react/umi.3b6cabb0.js:0
[   34896ms] [LOG] %csrc/pages/home/components/UserProfile/index.tsx:142 level, index color: #007acc; {label: VIP, index: 6} 5 6 1 @ https://frontend-cf.cjdropshipping.com/mine-react/umi.3b6cabb0.js:0
[   34897ms] [LOG] %csrc/pages/home/components/UserProfile/index.tsx:142 level, index color: #007acc; {label: LV1, index: 1} 0 1 1 @ https://frontend-cf.cjdropshipping.com/mine-react/umi.3b6cabb0.js:0
[   34897ms] [LOG] %csrc/pages/home/components/UserProfile/index.tsx:142 level, index color: #007acc; {label: LV2, index: 2} 1 2 1 @ https://frontend-cf.cjdropshipping.com/mine-react/umi.3b6cabb0.js:0
[   34898ms] [LOG] %csrc/pages/home/components/UserProfile/index.tsx:142 level, index color: #007acc; {label: LV3, index: 3} 2 3 1 @ https://frontend-cf.cjdropshipping.com/mine-react/umi.3b6cabb0.js:0
[   34898ms] [LOG] %csrc/pages/home/components/UserProfile/index.tsx:142 level, index color: #007acc; {label: LV4, index: 4} 3 4 1 @ https://frontend-cf.cjdropshipping.com/mine-react/umi.3b6cabb0.js:0
[   34898ms] [LOG] %csrc/pages/home/components/UserProfile/index.tsx:142 level, index color: #007acc; {label: LV5, index: 5} 4 5 1 @ https://frontend-cf.cjdropshipping.com/mine-react/umi.3b6cabb0.js:0
[   34898ms] [LOG] %csrc/pages/home/components/UserProfile/index.tsx:142 level, index color: #007acc; {label: VIP, index: 6} 5 6 1 @ https://frontend-cf.cjdropshipping.com/mine-react/umi.3b6cabb0.js:0
[   34900ms] [LOG] %csrc/pages/home/components/UserProfile/index.tsx:142 level, index color: #007acc; {label: LV1, index: 1} 0 1 1 @ https://frontend-cf.cjdropshipping.com/mine-react/umi.3b6cabb0.js:0
[   34900ms] [LOG] %csrc/pages/home/components/UserProfile/index.tsx:142 level, index color: #007acc; {label: LV2, index: 2} 1 2 1 @ https://frontend-cf.cjdropshipping.com/mine-react/umi.3b6cabb0.js:0
[   34900ms] [LOG] %csrc/pages/home/components/UserProfile/index.tsx:142 level, index color: #007acc; {label: LV3, index: 3} 2 3 1 @ https://frontend-cf.cjdropshipping.com/mine-react/umi.3b6cabb0.js:0
[   34900ms] [LOG] %csrc/pages/home/components/UserProfile/index.tsx:142 level, index color: #007acc; {label: LV4, index: 4} 3 4 1 @ https://frontend-cf.cjdropshipping.com/mine-react/umi.3b6cabb0.js:0
[   34900ms] [LOG] %csrc/pages/home/components/UserProfile/index.tsx:142 level, index color: #007acc; {label: LV5, index: 5} 4 5 1 @ https://frontend-cf.cjdropshipping.com/mine-react/umi.3b6cabb0.js:0
[   34900ms] [LOG] %csrc/pages/home/components/UserProfile/index.tsx:142 level, index color: #007acc; {label: VIP, index: 6} 5 6 1 @ https://frontend-cf.cjdropshipping.com/mine-react/umi.3b6cabb0.js:0
[   34940ms] [LOG] ai 组件加载完成 Module @ https://frontend-cf.cjdropshipping.com/chat/static/js/17.826b6a00.chunk.js:0
[   35342ms] [LOG] init load @ https://frontend-cf.cjdropshipping.com/mine-react/umi.3b6cabb0.js:0
[   36161ms] [LOG] sitecheck data:  {customerPage: https://www.cjdropshipping.com, favicon: https://frontend-cf.cjdropshipping.com/config-resource/cj/favicon.ico, fullName: CJdropshipping, platform: 2, platformName: CJ} en @ https://frontend-cf.cjdropshipping.com/chat/static/js/17.826b6a00.chunk.js:0
[   36163ms] [LOG] en [] false @ https://frontend-cf.cjdropshipping.com/chat/static/js/17.826b6a00.chunk.js:0
[   36639ms] [LOG] %c cj接收 => unReadCount  background:#41b883; color:#fff {sender: Object, message: Object} @ https://frontend-cf.cjdropshipping.com/chat/static/js/17.826b6a00.chunk.js:0
[   39487ms] [WARNING] single-spa minified message #1: See https://single-spa.js.org/error/?code=1 @ https://frontend-cf.cjdropshipping.com/chat/static/js/17.826b6a00.chunk.js:0
[   39698ms] [WARNING] single-spa minified message #1: See https://single-spa.js.org/error/?code=1 @ https://frontend-cf.cjdropshipping.com/chat/static/js/17.826b6a00.chunk.js:0
[   56075ms] [LOG] 发起新请求: userInfo @ https://frontend-cf.cjdropshipping.com/mine-react/umi.3b6cabb0.js:0
[   56542ms] [LOG] 发起新请求: saleInfos @ https://frontend-cf.cjdropshipping.com/mine-react/umi.3b6cabb0.js:0
