[    1641ms] [WARNING] VIDEOJS: WARN: Using hls options is deprecated. Use vhs instead. @ https://m.media-amazon.com/images/I/3175HHgX+OL._RC%7C11KFCxsEshL.js,11uNd0zHc-L.js,51ocjucRF0L.js,41tLmUCnr0L.js,91G7VmlBk7L.js,11cPgPsKKOL.js_.js?AUIClients/Brila:1867
[    1649ms] [WARNING] VIDEOJS: WARN: Using hls options is deprecated. Use vhs instead. @ https://m.media-amazon.com/images/I/3175HHgX+OL._RC%7C11KFCxsEshL.js,11uNd0zHc-L.js,51ocjucRF0L.js,41tLmUCnr0L.js,91G7VmlBk7L.js,11cPgPsKKOL.js_.js?AUIClients/Brila:1867
[    1804ms] [ERROR] Failed to load resource: the server responded with a status of 404 () @ https://www.amazon.com/gp/product/ajax/billOfMaterial?ref=bom_pw_initialLoad&viewID=billOfMaterial-primary-widget&bomPageNum=1&searchTerm=&_=1786056338813:0
[    1992ms] [ERROR] Failed to load resource: net::ERR_TRUST_TOKEN_OPERATION_FAILED @ https://www.amazon.com/tt/i:0
[    3618ms] [ERROR] Error logged with the Track&Report JS errors API(http://tiny/1covqr6l8/wamazindeClieUserJava): {"m":"ARA:RegisterTriggerResponseError:DPV. Error receiving response from ARAServiceFailed to execute 'json' on 'Response': Unexpected end of JSON input","name":"SyntaxError","csm":"v5 ueLogError stack","logLevel":"ERROR","attribution":"ARARegisterTrigger","pageURL":"https://www.amazon.com/dp/B0H5CMJVTS?ie=UTF8&ASIN=B0H5CMJVTS&s=bazaar","f":"https://m.media-amazon.com/images/I/21vARlfe4pL._RC%7C11WTF6kPMoL.js_.js?AUIClients/ARARegisterTriggerSubAssets-dpv","l":"7","s":["SyntaxError: Unexpected end of JSON input","at https://m.media-amazon.com/images/I/21vARlfe4pL._RC%7C11WTF6kPMoL.js_.js?AUIClients/ARARegisterTriggerSubAssets-dpv:7:384"],"t":3618} {m: ARA:RegisterTriggerResponseError:DPV. Error receiv…json' on 'Response': Unexpected end of JSON input, name: SyntaxError, type: undefined, csm: v5 ueLogError stack, logLevel: ERROR} @ https://images-na.ssl-images-amazon.com/images/I/215h87l68bL.js:3
[    3651ms] [ERROR] Loading the image 'https://match.adsrvr.org/track/cmf/generic?ttd_pid=stickyads&ttd_tpi=1&gdpr=0&gdpr_consent=' violates the following Content Security Policy directive: "default-src 'self' s.amazon-adsystem.com aax-eu.amazon-adsystem.com aax-fe.amazon-adsystem.com fonts.gstatic.com *.firefox.etp doubleclick.net *.stickyadstv.com *.g.doubleclick.net fout.jp ninthdecimal.com *.postrelease.com *.yahoo.com *.adnxs.com exelator.com richaudience.com *.presage.io samplicio.us *.rubiconproject.com semasio.net cm.g.doubleclick.net *.samba.tv presage.io yahoo.com *.loopme.me *.amazon-adsystem.com yahoo.net gumgum.com *.imdb.com google.com amazon-adsystem.com *.samplicio.us *.smartadserver.com loopme.me zeotap.com *.mediarithmics.com taboola.com *.bidswitch.net *.thisisdax.com *.fwmrm.net *.yahoo.net adscale.de *.ninthdecimal.com *.zeotap.com *.adscale.de fwmrm.net demdex.net *.scorecardresearch.com agkn.com *.kargo.com connatix.com *.dmxleo.com *.casalemedia.com bidswitch.net dmxleo.com imdb.com *.gumgum.com *.demdex.net *.ispot.tv *.google.com *.exelator.com *.pubmatic.com kargo.com scorecardresearch.com *.3lift.com thisisdax.com postrelease.com *.doubleclick.net stickyadstv.com yieldmo.com *.mookie1.com ispot.tv *.connatix.com *.agkn.com samba.tv pubmatic.com smartadserver.com s.amazon-adsystem.com/ecm3 *.match.360yield.com *.richaudience.com *.fout.jp casalemedia.com rubiconproject.com openx.net adnxs.com mookie1.com match.360yield.com *.taboola.com *.openx.net *.semasio.net *.yieldmo.com". Note that 'img-src' was not explicitly set, so 'default-src' is used as a fallback. The action has been blocked. @ https://s.amazon-adsystem.com/v3/pr?exlist=n-xr-HMT_n-id-HMT_n-nt-HMT_ns_n-eq-HMT3_n-ix-HMT_bsw_n-y-HMT_n-cx-HMT_n-dm2-HMT_n-dx-HMT2_n-zeotap-4_fw_imdb_n-fo-HMT_n-lucid_n-st-HMT1_n-samba.tv_n-rb-HMT3_n-fw-HMT1_n-og-HMT_adelphic_adb_mp_n-mediarithmics_g_n-comscr.com_n-lm-HMT3_ox_n-tl-HMT_n-semasio-ecm_n-kg-HMT_n-gg-HMT2_an_n-pm-HMT_n-g-hmt_nsln_nd_n-ispot_n-stroer-HMT_n-ym-HMT_n-ox-hmt_n-ex1-HMT_tbl&fv=1.0&a=cm&dmt=1&gdpr_consent=&ex-pl-n-g-hmt=Gkjwi6DHTq2TjCSBZ5wLoQ&gdpr=0&ep=MIdmQ1NSILG7O5dc50hUUzWY1IoEtXiD48sDgq7-bEZFNqYR2_6B4MVWEy2MPokesAaUGhX_jpcr7zK4xck-js2D2bUmSevDMwOSkMcwYMYmYdYkZwmLAomHHlhkaX64cFhWtV5CquROUfz-VDUjRwFSg1UEYCG_ShUAk4U54JwppFnu55gPNiV3BaDYl_OGYI-k_fLKl1M61k6sKQNuYFlpdZmqQUuVj49VcTFSucUTwOsA66s_haKHKV40UrOUzBB1U-ov55nTARICHgzPaFuzPXn0yJjrUCiTxm9HdCwGWcMYio_ZTgv3ncjXyjLxPfEgPASPfxu7gt9yvob6D-QxDNLwmbkhSvmqUpVK2Hg3hRmvyJ9Luf1CKTOt19_JZiROj06qTYN6ar8pMyByQmz5G8wP_teC0RiI8B8CC50x6FGSfh_TGcXKLz9SsdlzcmLAAbEwwM9QQ75COWiGQubLkaPYOQ5gFW3U5kq4199QJi7DDIDR3vpgIkjyKLjHOwP3fso5vuF08a5-2Kt7GNTZIZAGJrxF2GRws2MxeGweSj8WoFNkCz6z_Aj16JnrfeFLTt4DXIeZUZyjqW-egidIh8kDXjxaH1iq9Z9242KSqQVBGXdTefQXMrjfAuN6z__iSrn-Wzqg-oZwXxcOdE2WBV79QEVqIxhJ2UtV_rTiZGPwX1YOx8ghIvWr76fRe2FfIKjqb5M1-jJDrxehcECUGMfdWWAjUTnIkLaZ-W4a0Y7LKH4DRfD-PX06WzBa8q8ZrlGIXCHNKk3hsFhC4F7PZBuh50X4cQtstmyEyu-hqnrJwGmdA-O0drzZqUO54BHwzdRUNq7UCPnC_sOK6F1frH_CxAY2suYBFNl26_i-QXimHIjKbA87y_56xvwH-mODTdu5kTJHSMYJ4V3BpdlFrP8Th8vyDVkAtsepTG6EbtpB_6a09gWdcLOEWw-BIJf9iDvZ3bl5ULU0aLG6zPFwC5qnU9BgYoJ7padsTU0OvvEBBTD1uTQmjLOxCzGFfHzEjw0RqMWHBQG-NrHGH71cUURq0CBBEJDJGC_O_mzDn6eunIfKEbQmLVY7vxRxDmXvYACv6MAMPMaEv_kjdOj3mt2PAkWsrqDX_s3TRJ7LsFkNRITpeYPPL6eDP-0ud7O5ZZHWLtSwBaCXOtNrPBECXc61EQy2YivMMxQFG195v9CrdLMWa8vDLlyOioRFNL2GL2VRekG5kqov8ppKlTzeRtg8SnfM6Lq77JrtNXK2RfMar75uvYgwGoXbz5voHhgkpDTlWQh2cS3oqUTPU6HqLmTVDc_EXiTItGUrNsFJT4i64mOVYDX1Y3u8ZPsVbgYM8fjQz9cYqX6EAtFwPqSGwhkVnejoH7995J1YezaqACJCL_TyBCR1pk8LDkd565bRupqpAgZxwCv3gFe8sNyL8EAS-sKF_lWmhKpMvnNwq6i5kZYuyaicn5hSRnvh:0
[    5033ms] [WARNING] The resource https://m.media-amazon.com/images/I/51On6pZ2rqL.js?AUIClients/ was preloaded using link preload but not used within a few seconds from the window's load event. Please make sure it has an appropriate `as` value and it is preloaded intentionally. @ https://www.amazon.com/dp/B0H5CMJVTS?ie=UTF8&ASIN=B0H5CMJVTS&s=bazaar:0
[    5033ms] [WARNING] The resource https://m.media-amazon.com/images/I/61ihfOzqhCL._RC%7C01zCndFsf4L.js,019K6hE9zSL.js,01edGJjT5SL.js,31eFZtArUrL.js_.js?AUIClients/ was preloaded using link preload but not used within a few seconds from the window's load event. Please make sure it has an appropriate `as` value and it is preloaded intentionally. @ https://www.amazon.com/dp/B0H5CMJVTS?ie=UTF8&ASIN=B0H5CMJVTS&s=bazaar:0
[    5033ms] [WARNING] The resource https://m.media-amazon.com/images/I/617wb09azWL._RC%7C81ZLs-rhJOL.js,31jsB13JlVL.js_.js?AUIClients/ was preloaded using link preload but not used within a few seconds from the window's load event. Please make sure it has an appropriate `as` value and it is preloaded intentionally. @ https://www.amazon.com/dp/B0H5CMJVTS?ie=UTF8&ASIN=B0H5CMJVTS&s=bazaar:0
[    5033ms] [WARNING] The resource https://m.media-amazon.com/images/I/119lYNyqoQL.js?AUIClients/ was preloaded using link preload but not used within a few seconds from the window's load event. Please make sure it has an appropriate `as` value and it is preloaded intentionally. @ https://www.amazon.com/dp/B0H5CMJVTS?ie=UTF8&ASIN=B0H5CMJVTS&s=bazaar:0
[    5033ms] [WARNING] The resource https://m.media-amazon.com/images/I/51S-qOAsDtL.js?AUIClients/ was preloaded using link preload but not used within a few seconds from the window's load event. Please make sure it has an appropriate `as` value and it is preloaded intentionally. @ https://www.amazon.com/dp/B0H5CMJVTS?ie=UTF8&ASIN=B0H5CMJVTS&s=bazaar:0
[    5033ms] [WARNING] The resource https://m.media-amazon.com/images/I/61-cwHsu0rL.js?AUIClients/ was preloaded using link preload but not used within a few seconds from the window's load event. Please make sure it has an appropriate `as` value and it is preloaded intentionally. @ https://www.amazon.com/dp/B0H5CMJVTS?ie=UTF8&ASIN=B0H5CMJVTS&s=bazaar:0
[    5033ms] [WARNING] The resource https://m.media-amazon.com/images/I/31lqqqMDjxL.js?AUIClients/ was preloaded using link preload but not used within a few seconds from the window's load event. Please make sure it has an appropriate `as` value and it is preloaded intentionally. @ https://www.amazon.com/dp/B0H5CMJVTS?ie=UTF8&ASIN=B0H5CMJVTS&s=bazaar:0
[   11388ms] [ERROR] Failed to load resource: net::ERR_TRUST_TOKEN_OPERATION_FAILED @ https://www.amazon.com/tt/i:0
[   17038ms] [WARNING] VIDEOJS: WARN: Using hls options is deprecated. Use vhs instead. @ https://m.media-amazon.com/images/I/3175HHgX+OL._RC%7C11KFCxsEshL.js,11uNd0zHc-L.js,51ocjucRF0L.js,41tLmUCnr0L.js,91G7VmlBk7L.js,11cPgPsKKOL.js_.js?AUIClients/Brila:1867
[   17043ms] [WARNING] VIDEOJS: WARN: Using hls options is deprecated. Use vhs instead. @ https://m.media-amazon.com/images/I/3175HHgX+OL._RC%7C11KFCxsEshL.js,11uNd0zHc-L.js,51ocjucRF0L.js,41tLmUCnr0L.js,91G7VmlBk7L.js,11cPgPsKKOL.js_.js?AUIClients/Brila:1867
[   17119ms] [ERROR] Failed to load resource: net::ERR_TRUST_TOKEN_OPERATION_FAILED @ https://www.amazon.com/tt/i:0
[   17187ms] [ERROR] Failed to load resource: the server responded with a status of 404 () @ https://www.amazon.com/gp/product/ajax/billOfMaterial?ref=bom_pw_initialLoad&viewID=billOfMaterial-primary-widget&bomPageNum=1&searchTerm=&_=1786056354223:0
[   18737ms] [ERROR] Error logged with the Track&Report JS errors API(http://tiny/1covqr6l8/wamazindeClieUserJava): {"m":"ARA:RegisterTriggerResponseError:DPV. Error receiving response from ARAServiceFailed to execute 'json' on 'Response': Unexpected end of JSON input","name":"SyntaxError","csm":"v5 ueLogError stack","logLevel":"ERROR","attribution":"ARARegisterTrigger","pageURL":"https://www.amazon.com/dp/B0H5CMJVTS?ie=UTF8&ASIN=B0H5CMJVTS&s=bazaar","f":"https://m.media-amazon.com/images/I/21vARlfe4pL._RC%7C11WTF6kPMoL.js_.js?AUIClients/ARARegisterTriggerSubAssets-dpv","l":"7","s":["SyntaxError: Unexpected end of JSON input","at https://m.media-amazon.com/images/I/21vARlfe4pL._RC%7C11WTF6kPMoL.js_.js?AUIClients/ARARegisterTriggerSubAssets-dpv:7:384"],"t":3067} {m: ARA:RegisterTriggerResponseError:DPV. Error receiv…json' on 'Response': Unexpected end of JSON input, name: SyntaxError, type: undefined, csm: v5 ueLogError stack, logLevel: ERROR} @ https://images-na.ssl-images-amazon.com/images/I/215h87l68bL.js:3
[   30674ms] [WARNING] The resource https://m.media-amazon.com/images/I/51On6pZ2rqL.js?AUIClients/ was preloaded using link preload but not used within a few seconds from the window's load event. Please make sure it has an appropriate `as` value and it is preloaded intentionally. @ https://www.amazon.com/dp/B0H5CMJVTS?ie=UTF8&ASIN=B0H5CMJVTS&s=bazaar:0
[   30674ms] [WARNING] The resource https://m.media-amazon.com/images/I/617wb09azWL._RC%7C81ZLs-rhJOL.js,31jsB13JlVL.js_.js?AUIClients/ was preloaded using link preload but not used within a few seconds from the window's load event. Please make sure it has an appropriate `as` value and it is preloaded intentionally. @ https://www.amazon.com/dp/B0H5CMJVTS?ie=UTF8&ASIN=B0H5CMJVTS&s=bazaar:0
[   30674ms] [WARNING] The resource https://redirect.prod.experiment.routing.cloudfront.aws.a2z.com/x.png?timestamp=1786056355797 was preloaded using link preload but not used within a few seconds from the window's load event. Please make sure it has an appropriate `as` value and it is preloaded intentionally. @ https://www.amazon.com/dp/B0H5CMJVTS?ie=UTF8&ASIN=B0H5CMJVTS&s=bazaar:0
[   30674ms] [WARNING] The resource https://m.media-amazon.com/images/I/119lYNyqoQL.js?AUIClients/ was preloaded using link preload but not used within a few seconds from the window's load event. Please make sure it has an appropriate `as` value and it is preloaded intentionally. @ https://www.amazon.com/dp/B0H5CMJVTS?ie=UTF8&ASIN=B0H5CMJVTS&s=bazaar:0
[   30674ms] [WARNING] The resource https://m.media-amazon.com/images/I/31eFZtArUrL.js?AUIClients/ was preloaded using link preload but not used within a few seconds from the window's load event. Please make sure it has an appropriate `as` value and it is preloaded intentionally. @ https://www.amazon.com/dp/B0H5CMJVTS?ie=UTF8&ASIN=B0H5CMJVTS&s=bazaar:0
[   30674ms] [WARNING] The resource https://m.media-amazon.com/images/I/51S-qOAsDtL.js?AUIClients/ was preloaded using link preload but not used within a few seconds from the window's load event. Please make sure it has an appropriate `as` value and it is preloaded intentionally. @ https://www.amazon.com/dp/B0H5CMJVTS?ie=UTF8&ASIN=B0H5CMJVTS&s=bazaar:0
[   30674ms] [WARNING] The resource https://m.media-amazon.com/images/I/61-cwHsu0rL.js?AUIClients/ was preloaded using link preload but not used within a few seconds from the window's load event. Please make sure it has an appropriate `as` value and it is preloaded intentionally. @ https://www.amazon.com/dp/B0H5CMJVTS?ie=UTF8&ASIN=B0H5CMJVTS&s=bazaar:0
[   30674ms] [WARNING] The resource https://m.media-amazon.com/images/I/31lqqqMDjxL.js?AUIClients/ was preloaded using link preload but not used within a few seconds from the window's load event. Please make sure it has an appropriate `as` value and it is preloaded intentionally. @ https://www.amazon.com/dp/B0H5CMJVTS?ie=UTF8&ASIN=B0H5CMJVTS&s=bazaar:0
[   39167ms] [WARNING] The resource https://m.media-amazon.com/images/I/51On6pZ2rqL.js?AUIClients/ was preloaded using link preload but not used within a few seconds from the window's load event. Please make sure it has an appropriate `as` value and it is preloaded intentionally. @ https://www.amazon.com/dp/B0H5CMJVTS?ie=UTF8&ASIN=B0H5CMJVTS&s=bazaar:0
[   39167ms] [WARNING] The resource https://m.media-amazon.com/images/I/617wb09azWL._RC%7C81ZLs-rhJOL.js,31jsB13JlVL.js_.js?AUIClients/ was preloaded using link preload but not used within a few seconds from the window's load event. Please make sure it has an appropriate `as` value and it is preloaded intentionally. @ https://www.amazon.com/dp/B0H5CMJVTS?ie=UTF8&ASIN=B0H5CMJVTS&s=bazaar:0
[   39167ms] [WARNING] The resource https://redirect.prod.experiment.routing.cloudfront.aws.a2z.com/x.png?timestamp=1786056355797 was preloaded using link preload but not used within a few seconds from the window's load event. Please make sure it has an appropriate `as` value and it is preloaded intentionally. @ https://www.amazon.com/dp/B0H5CMJVTS?ie=UTF8&ASIN=B0H5CMJVTS&s=bazaar:0
[   39167ms] [WARNING] The resource https://m.media-amazon.com/images/I/119lYNyqoQL.js?AUIClients/ was preloaded using link preload but not used within a few seconds from the window's load event. Please make sure it has an appropriate `as` value and it is preloaded intentionally. @ https://www.amazon.com/dp/B0H5CMJVTS?ie=UTF8&ASIN=B0H5CMJVTS&s=bazaar:0
[   39168ms] [WARNING] The resource https://m.media-amazon.com/images/I/31eFZtArUrL.js?AUIClients/ was preloaded using link preload but not used within a few seconds from the window's load event. Please make sure it has an appropriate `as` value and it is preloaded intentionally. @ https://www.amazon.com/dp/B0H5CMJVTS?ie=UTF8&ASIN=B0H5CMJVTS&s=bazaar:0
[   39168ms] [WARNING] The resource https://m.media-amazon.com/images/I/51S-qOAsDtL.js?AUIClients/ was preloaded using link preload but not used within a few seconds from the window's load event. Please make sure it has an appropriate `as` value and it is preloaded intentionally. @ https://www.amazon.com/dp/B0H5CMJVTS?ie=UTF8&ASIN=B0H5CMJVTS&s=bazaar:0
[   39168ms] [WARNING] The resource https://m.media-amazon.com/images/I/61-cwHsu0rL.js?AUIClients/ was preloaded using link preload but not used within a few seconds from the window's load event. Please make sure it has an appropriate `as` value and it is preloaded intentionally. @ https://www.amazon.com/dp/B0H5CMJVTS?ie=UTF8&ASIN=B0H5CMJVTS&s=bazaar:0
[   39168ms] [WARNING] The resource https://m.media-amazon.com/images/I/31lqqqMDjxL.js?AUIClients/ was preloaded using link preload but not used within a few seconds from the window's load event. Please make sure it has an appropriate `as` value and it is preloaded intentionally. @ https://www.amazon.com/dp/B0H5CMJVTS?ie=UTF8&ASIN=B0H5CMJVTS&s=bazaar:0
[   41485ms] [LOG] 同步language到googtrans： /en/en @ https://frontend-cf.cjdropshipping.com/web-egg/2026-08-05-07-00-26/egg/script/product-card.js:0
[   41487ms] Cannot use import statement outside a module
[   41578ms] [WARNING] ########## load sentry production ########## @ https://frontend-cf.cjdropshipping.com/web-egg/2026-08-05-07-00-26/egg/script/commonScriptImport.js:0
[   41631ms] [LOG] [DOM readyState] interactive @ https://frontend-cf.cjdropshipping.com/web-egg/2026-08-05-07-00-26/egg/script/commonScriptImport.js:0
[   41803ms] [LOG] %cpackages/mf-mycj-components/src/common/login-for-platform.ts:364 "registerLoginSuccessListener" is registered color: #007acc; registerLoginSuccessListener1s @ https://frontend-cf.cjdropshipping.com/web-egg/2026-08-05-07-00-26/egg/script/commonScriptImport.js:0
[   41824ms] [LOG] 同步language到googtrans： /en/en @ https://frontend-cf.cjdropshipping.com/web-egg/2026-08-05-07-00-26/egg/script/commonScriptImport.js:0
[   41983ms] [LOG] [DOM readyState] complete @ https://frontend-cf.cjdropshipping.com/web-egg/2026-08-05-07-00-26/egg/script/commonScriptImport.js:0
[   42864ms] [LOG] SiteCheck初始化 {modules: Object, datas: Object} @ https://frontend-cf.cjdropshipping.com/mine-react/umi.b1c99b8e.js:0
[   42943ms] [LOG] prod @ https://frontend-cf.cjdropshipping.com/mine-react/umi.b1c99b8e.js:0
[   42952ms] [LOG] Get local store lang error: Cache expiration., try to get version server page lang. @ https://frontend-cf.cjdropshipping.com/mine-react/umi.b1c99b8e.js:0
[   43118ms] [LOG] %cpackages/mf-mycj-components/src/common/login-for-platform.ts:364 "registerLoginSuccessListener" is registered color: #007acc; registerLoginSuccessListener1s @ https://frontend-cf.cjdropshipping.com/mine-react/umi.b1c99b8e.js:0
[   43228ms] [LOG] add chat js: ENV --> prod @ https://frontend-cf.cjdropshipping.com/mine-react/umi.b1c99b8e.js:0
[   43307ms] [LOG] %csrc/pages/home/components/UserProfile/index.tsx:142 level, index color: #007acc; {label: LV1, index: 1} 0 1 1 @ https://frontend-cf.cjdropshipping.com/mine-react/umi.b1c99b8e.js:0
[   43307ms] [LOG] %csrc/pages/home/components/UserProfile/index.tsx:142 level, index color: #007acc; {label: LV2, index: 2} 1 2 1 @ https://frontend-cf.cjdropshipping.com/mine-react/umi.b1c99b8e.js:0
[   43307ms] [LOG] %csrc/pages/home/components/UserProfile/index.tsx:142 level, index color: #007acc; {label: LV3, index: 3} 2 3 1 @ https://frontend-cf.cjdropshipping.com/mine-react/umi.b1c99b8e.js:0
[   43307ms] [LOG] %csrc/pages/home/components/UserProfile/index.tsx:142 level, index color: #007acc; {label: LV4, index: 4} 3 4 1 @ https://frontend-cf.cjdropshipping.com/mine-react/umi.b1c99b8e.js:0
[   43307ms] [LOG] %csrc/pages/home/components/UserProfile/index.tsx:142 level, index color: #007acc; {label: LV5, index: 5} 4 5 1 @ https://frontend-cf.cjdropshipping.com/mine-react/umi.b1c99b8e.js:0
[   43307ms] [LOG] %csrc/pages/home/components/UserProfile/index.tsx:142 level, index color: #007acc; {label: VIP, index: 6} 5 6 1 @ https://frontend-cf.cjdropshipping.com/mine-react/umi.b1c99b8e.js:0
[   43335ms] [LOG] %csrc/pages/home/components/UserProfile/index.tsx:142 level, index color: #007acc; {label: LV1, index: 1} 0 1 1 @ https://frontend-cf.cjdropshipping.com/mine-react/umi.b1c99b8e.js:0
[   43335ms] [LOG] %csrc/pages/home/components/UserProfile/index.tsx:142 level, index color: #007acc; {label: LV2, index: 2} 1 2 1 @ https://frontend-cf.cjdropshipping.com/mine-react/umi.b1c99b8e.js:0
[   43335ms] [LOG] %csrc/pages/home/components/UserProfile/index.tsx:142 level, index color: #007acc; {label: LV3, index: 3} 2 3 1 @ https://frontend-cf.cjdropshipping.com/mine-react/umi.b1c99b8e.js:0
[   43335ms] [LOG] %csrc/pages/home/components/UserProfile/index.tsx:142 level, index color: #007acc; {label: LV4, index: 4} 3 4 1 @ https://frontend-cf.cjdropshipping.com/mine-react/umi.b1c99b8e.js:0
[   43335ms] [LOG] %csrc/pages/home/components/UserProfile/index.tsx:142 level, index color: #007acc; {label: LV5, index: 5} 4 5 1 @ https://frontend-cf.cjdropshipping.com/mine-react/umi.b1c99b8e.js:0
[   43335ms] [LOG] %csrc/pages/home/components/UserProfile/index.tsx:142 level, index color: #007acc; {label: VIP, index: 6} 5 6 1 @ https://frontend-cf.cjdropshipping.com/mine-react/umi.b1c99b8e.js:0
[   43464ms] [LOG] %csrc/pages/home/components/UserProfile/index.tsx:142 level, index color: #007acc; {label: LV1, index: 1} 0 1 1 @ https://frontend-cf.cjdropshipping.com/mine-react/umi.b1c99b8e.js:0
[   43464ms] [LOG] %csrc/pages/home/components/UserProfile/index.tsx:142 level, index color: #007acc; {label: LV2, index: 2} 1 2 1 @ https://frontend-cf.cjdropshipping.com/mine-react/umi.b1c99b8e.js:0
[   43464ms] [LOG] %csrc/pages/home/components/UserProfile/index.tsx:142 level, index color: #007acc; {label: LV3, index: 3} 2 3 1 @ https://frontend-cf.cjdropshipping.com/mine-react/umi.b1c99b8e.js:0
[   43464ms] [LOG] %csrc/pages/home/components/UserProfile/index.tsx:142 level, index color: #007acc; {label: LV4, index: 4} 3 4 1 @ https://frontend-cf.cjdropshipping.com/mine-react/umi.b1c99b8e.js:0
[   43464ms] [LOG] %csrc/pages/home/components/UserProfile/index.tsx:142 level, index color: #007acc; {label: LV5, index: 5} 4 5 1 @ https://frontend-cf.cjdropshipping.com/mine-react/umi.b1c99b8e.js:0
[   43465ms] [LOG] %csrc/pages/home/components/UserProfile/index.tsx:142 level, index color: #007acc; {label: VIP, index: 6} 5 6 1 @ https://frontend-cf.cjdropshipping.com/mine-react/umi.b1c99b8e.js:0
[   43516ms] [LOG] %csrc/pages/home/components/UserProfile/index.tsx:142 level, index color: #007acc; {label: LV1, index: 1} 0 1 1 @ https://frontend-cf.cjdropshipping.com/mine-react/umi.b1c99b8e.js:0
[   43516ms] [LOG] %csrc/pages/home/components/UserProfile/index.tsx:142 level, index color: #007acc; {label: LV2, index: 2} 1 2 1 @ https://frontend-cf.cjdropshipping.com/mine-react/umi.b1c99b8e.js:0
[   43516ms] [LOG] %csrc/pages/home/components/UserProfile/index.tsx:142 level, index color: #007acc; {label: LV3, index: 3} 2 3 1 @ https://frontend-cf.cjdropshipping.com/mine-react/umi.b1c99b8e.js:0
[   43516ms] [LOG] %csrc/pages/home/components/UserProfile/index.tsx:142 level, index color: #007acc; {label: LV4, index: 4} 3 4 1 @ https://frontend-cf.cjdropshipping.com/mine-react/umi.b1c99b8e.js:0
[   43516ms] [LOG] %csrc/pages/home/components/UserProfile/index.tsx:142 level, index color: #007acc; {label: LV5, index: 5} 4 5 1 @ https://frontend-cf.cjdropshipping.com/mine-react/umi.b1c99b8e.js:0
[   43517ms] [LOG] %csrc/pages/home/components/UserProfile/index.tsx:142 level, index color: #007acc; {label: VIP, index: 6} 5 6 1 @ https://frontend-cf.cjdropshipping.com/mine-react/umi.b1c99b8e.js:0
[   43555ms] [LOG] %csrc/pages/home/components/UserProfile/index.tsx:142 level, index color: #007acc; {label: LV1, index: 1} 0 1 1 @ https://frontend-cf.cjdropshipping.com/mine-react/umi.b1c99b8e.js:0
[   43555ms] [LOG] %csrc/pages/home/components/UserProfile/index.tsx:142 level, index color: #007acc; {label: LV2, index: 2} 1 2 1 @ https://frontend-cf.cjdropshipping.com/mine-react/umi.b1c99b8e.js:0
[   43555ms] [LOG] %csrc/pages/home/components/UserProfile/index.tsx:142 level, index color: #007acc; {label: LV3, index: 3} 2 3 1 @ https://frontend-cf.cjdropshipping.com/mine-react/umi.b1c99b8e.js:0
[   43556ms] [LOG] %csrc/pages/home/components/UserProfile/index.tsx:142 level, index color: #007acc; {label: LV4, index: 4} 3 4 1 @ https://frontend-cf.cjdropshipping.com/mine-react/umi.b1c99b8e.js:0
[   43556ms] [LOG] %csrc/pages/home/components/UserProfile/index.tsx:142 level, index color: #007acc; {label: LV5, index: 5} 4 5 1 @ https://frontend-cf.cjdropshipping.com/mine-react/umi.b1c99b8e.js:0
[   43556ms] [LOG] %csrc/pages/home/components/UserProfile/index.tsx:142 level, index color: #007acc; {label: VIP, index: 6} 5 6 1 @ https://frontend-cf.cjdropshipping.com/mine-react/umi.b1c99b8e.js:0
[   43556ms] [LOG] %csrc/pages/home/components/UserProfile/index.tsx:142 level, index color: #007acc; {label: LV1, index: 1} 0 1 1 @ https://frontend-cf.cjdropshipping.com/mine-react/umi.b1c99b8e.js:0
[   43556ms] [LOG] %csrc/pages/home/components/UserProfile/index.tsx:142 level, index color: #007acc; {label: LV2, index: 2} 1 2 1 @ https://frontend-cf.cjdropshipping.com/mine-react/umi.b1c99b8e.js:0
[   43556ms] [LOG] %csrc/pages/home/components/UserProfile/index.tsx:142 level, index color: #007acc; {label: LV3, index: 3} 2 3 1 @ https://frontend-cf.cjdropshipping.com/mine-react/umi.b1c99b8e.js:0
[   43557ms] [LOG] %csrc/pages/home/components/UserProfile/index.tsx:142 level, index color: #007acc; {label: LV4, index: 4} 3 4 1 @ https://frontend-cf.cjdropshipping.com/mine-react/umi.b1c99b8e.js:0
[   43557ms] [LOG] %csrc/pages/home/components/UserProfile/index.tsx:142 level, index color: #007acc; {label: LV5, index: 5} 4 5 1 @ https://frontend-cf.cjdropshipping.com/mine-react/umi.b1c99b8e.js:0
[   43557ms] [LOG] %csrc/pages/home/components/UserProfile/index.tsx:142 level, index color: #007acc; {label: VIP, index: 6} 5 6 1 @ https://frontend-cf.cjdropshipping.com/mine-react/umi.b1c99b8e.js:0
[   43566ms] [LOG] %csrc/pages/home/components/UserProfile/index.tsx:142 level, index color: #007acc; {label: LV1, index: 1} 0 1 1 @ https://frontend-cf.cjdropshipping.com/mine-react/umi.b1c99b8e.js:0
[   43566ms] [LOG] %csrc/pages/home/components/UserProfile/index.tsx:142 level, index color: #007acc; {label: LV2, index: 2} 1 2 1 @ https://frontend-cf.cjdropshipping.com/mine-react/umi.b1c99b8e.js:0
[   43566ms] [LOG] %csrc/pages/home/components/UserProfile/index.tsx:142 level, index color: #007acc; {label: LV3, index: 3} 2 3 1 @ https://frontend-cf.cjdropshipping.com/mine-react/umi.b1c99b8e.js:0
[   43567ms] [LOG] %csrc/pages/home/components/UserProfile/index.tsx:142 level, index color: #007acc; {label: LV4, index: 4} 3 4 1 @ https://frontend-cf.cjdropshipping.com/mine-react/umi.b1c99b8e.js:0
[   43567ms] [LOG] %csrc/pages/home/components/UserProfile/index.tsx:142 level, index color: #007acc; {label: LV5, index: 5} 4 5 1 @ https://frontend-cf.cjdropshipping.com/mine-react/umi.b1c99b8e.js:0
[   43567ms] [LOG] %csrc/pages/home/components/UserProfile/index.tsx:142 level, index color: #007acc; {label: VIP, index: 6} 5 6 1 @ https://frontend-cf.cjdropshipping.com/mine-react/umi.b1c99b8e.js:0
[   43570ms] [WARNING] ######## sentry enabled prod @ https://frontend-cf.cjdropshipping.com/chat/static/js/main.70745042.chunk.js:0
[   43616ms] [LOG] %csrc/pages/home/components/UserProfile/index.tsx:142 level, index color: #007acc; {label: LV1, index: 1} 0 1 1 @ https://frontend-cf.cjdropshipping.com/mine-react/umi.b1c99b8e.js:0
[   43616ms] [LOG] %csrc/pages/home/components/UserProfile/index.tsx:142 level, index color: #007acc; {label: LV2, index: 2} 1 2 1 @ https://frontend-cf.cjdropshipping.com/mine-react/umi.b1c99b8e.js:0
[   43616ms] [LOG] %csrc/pages/home/components/UserProfile/index.tsx:142 level, index color: #007acc; {label: LV3, index: 3} 2 3 1 @ https://frontend-cf.cjdropshipping.com/mine-react/umi.b1c99b8e.js:0
[   43616ms] [LOG] %csrc/pages/home/components/UserProfile/index.tsx:142 level, index color: #007acc; {label: LV4, index: 4} 3 4 1 @ https://frontend-cf.cjdropshipping.com/mine-react/umi.b1c99b8e.js:0
[   43616ms] [LOG] %csrc/pages/home/components/UserProfile/index.tsx:142 level, index color: #007acc; {label: LV5, index: 5} 4 5 1 @ https://frontend-cf.cjdropshipping.com/mine-react/umi.b1c99b8e.js:0
[   43616ms] [LOG] %csrc/pages/home/components/UserProfile/index.tsx:142 level, index color: #007acc; {label: VIP, index: 6} 5 6 1 @ https://frontend-cf.cjdropshipping.com/mine-react/umi.b1c99b8e.js:0
[   43629ms] [LOG] %csrc/pages/home/components/UserProfile/index.tsx:142 level, index color: #007acc; {label: LV1, index: 1} 0 1 1 @ https://frontend-cf.cjdropshipping.com/mine-react/umi.b1c99b8e.js:0
[   43629ms] [LOG] %csrc/pages/home/components/UserProfile/index.tsx:142 level, index color: #007acc; {label: LV2, index: 2} 1 2 1 @ https://frontend-cf.cjdropshipping.com/mine-react/umi.b1c99b8e.js:0
[   43629ms] [LOG] %csrc/pages/home/components/UserProfile/index.tsx:142 level, index color: #007acc; {label: LV3, index: 3} 2 3 1 @ https://frontend-cf.cjdropshipping.com/mine-react/umi.b1c99b8e.js:0
[   43629ms] [LOG] %csrc/pages/home/components/UserProfile/index.tsx:142 level, index color: #007acc; {label: LV4, index: 4} 3 4 1 @ https://frontend-cf.cjdropshipping.com/mine-react/umi.b1c99b8e.js:0
[   43629ms] [LOG] %csrc/pages/home/components/UserProfile/index.tsx:142 level, index color: #007acc; {label: LV5, index: 5} 4 5 1 @ https://frontend-cf.cjdropshipping.com/mine-react/umi.b1c99b8e.js:0
[   43630ms] [LOG] %csrc/pages/home/components/UserProfile/index.tsx:142 level, index color: #007acc; {label: VIP, index: 6} 5 6 1 @ https://frontend-cf.cjdropshipping.com/mine-react/umi.b1c99b8e.js:0
[   43630ms] [LOG] %csrc/pages/home/components/UserProfile/index.tsx:142 level, index color: #007acc; {label: LV1, index: 1} 0 1 1 @ https://frontend-cf.cjdropshipping.com/mine-react/umi.b1c99b8e.js:0
[   43630ms] [LOG] %csrc/pages/home/components/UserProfile/index.tsx:142 level, index color: #007acc; {label: LV2, index: 2} 1 2 1 @ https://frontend-cf.cjdropshipping.com/mine-react/umi.b1c99b8e.js:0
[   43630ms] [LOG] %csrc/pages/home/components/UserProfile/index.tsx:142 level, index color: #007acc; {label: LV3, index: 3} 2 3 1 @ https://frontend-cf.cjdropshipping.com/mine-react/umi.b1c99b8e.js:0
[   43630ms] [LOG] %csrc/pages/home/components/UserProfile/index.tsx:142 level, index color: #007acc; {label: LV4, index: 4} 3 4 1 @ https://frontend-cf.cjdropshipping.com/mine-react/umi.b1c99b8e.js:0
[   43630ms] [LOG] %csrc/pages/home/components/UserProfile/index.tsx:142 level, index color: #007acc; {label: LV5, index: 5} 4 5 1 @ https://frontend-cf.cjdropshipping.com/mine-react/umi.b1c99b8e.js:0
[   43630ms] [LOG] %csrc/pages/home/components/UserProfile/index.tsx:142 level, index color: #007acc; {label: VIP, index: 6} 5 6 1 @ https://frontend-cf.cjdropshipping.com/mine-react/umi.b1c99b8e.js:0
[   43631ms] [LOG] %csrc/pages/home/components/UserProfile/index.tsx:142 level, index color: #007acc; {label: LV1, index: 1} 0 1 1 @ https://frontend-cf.cjdropshipping.com/mine-react/umi.b1c99b8e.js:0
[   43631ms] [LOG] %csrc/pages/home/components/UserProfile/index.tsx:142 level, index color: #007acc; {label: LV2, index: 2} 1 2 1 @ https://frontend-cf.cjdropshipping.com/mine-react/umi.b1c99b8e.js:0
[   43631ms] [LOG] %csrc/pages/home/components/UserProfile/index.tsx:142 level, index color: #007acc; {label: LV3, index: 3} 2 3 1 @ https://frontend-cf.cjdropshipping.com/mine-react/umi.b1c99b8e.js:0
[   43631ms] [LOG] %csrc/pages/home/components/UserProfile/index.tsx:142 level, index color: #007acc; {label: LV4, index: 4} 3 4 1 @ https://frontend-cf.cjdropshipping.com/mine-react/umi.b1c99b8e.js:0
[   43631ms] [LOG] %csrc/pages/home/components/UserProfile/index.tsx:142 level, index color: #007acc; {label: LV5, index: 5} 4 5 1 @ https://frontend-cf.cjdropshipping.com/mine-react/umi.b1c99b8e.js:0
[   43631ms] [LOG] %csrc/pages/home/components/UserProfile/index.tsx:142 level, index color: #007acc; {label: VIP, index: 6} 5 6 1 @ https://frontend-cf.cjdropshipping.com/mine-react/umi.b1c99b8e.js:0
[   43631ms] [LOG] %csrc/pages/home/components/UserProfile/index.tsx:142 level, index color: #007acc; {label: LV1, index: 1} 0 1 1 @ https://frontend-cf.cjdropshipping.com/mine-react/umi.b1c99b8e.js:0
[   43631ms] [LOG] %csrc/pages/home/components/UserProfile/index.tsx:142 level, index color: #007acc; {label: LV2, index: 2} 1 2 1 @ https://frontend-cf.cjdropshipping.com/mine-react/umi.b1c99b8e.js:0
[   43632ms] [LOG] %csrc/pages/home/components/UserProfile/index.tsx:142 level, index color: #007acc; {label: LV3, index: 3} 2 3 1 @ https://frontend-cf.cjdropshipping.com/mine-react/umi.b1c99b8e.js:0
[   43632ms] [LOG] %csrc/pages/home/components/UserProfile/index.tsx:142 level, index color: #007acc; {label: LV4, index: 4} 3 4 1 @ https://frontend-cf.cjdropshipping.com/mine-react/umi.b1c99b8e.js:0
[   43632ms] [LOG] %csrc/pages/home/components/UserProfile/index.tsx:142 level, index color: #007acc; {label: LV5, index: 5} 4 5 1 @ https://frontend-cf.cjdropshipping.com/mine-react/umi.b1c99b8e.js:0
[   43632ms] [LOG] %csrc/pages/home/components/UserProfile/index.tsx:142 level, index color: #007acc; {label: VIP, index: 6} 5 6 1 @ https://frontend-cf.cjdropshipping.com/mine-react/umi.b1c99b8e.js:0
[   43689ms] [LOG] %csrc/pages/home/components/UserProfile/index.tsx:142 level, index color: #007acc; {label: LV1, index: 1} 0 1 1 @ https://frontend-cf.cjdropshipping.com/mine-react/umi.b1c99b8e.js:0
[   43689ms] [LOG] %csrc/pages/home/components/UserProfile/index.tsx:142 level, index color: #007acc; {label: LV2, index: 2} 1 2 1 @ https://frontend-cf.cjdropshipping.com/mine-react/umi.b1c99b8e.js:0
[   43689ms] [LOG] %csrc/pages/home/components/UserProfile/index.tsx:142 level, index color: #007acc; {label: LV3, index: 3} 2 3 1 @ https://frontend-cf.cjdropshipping.com/mine-react/umi.b1c99b8e.js:0
[   43689ms] [LOG] %csrc/pages/home/components/UserProfile/index.tsx:142 level, index color: #007acc; {label: LV4, index: 4} 3 4 1 @ https://frontend-cf.cjdropshipping.com/mine-react/umi.b1c99b8e.js:0
[   43689ms] [LOG] %csrc/pages/home/components/UserProfile/index.tsx:142 level, index color: #007acc; {label: LV5, index: 5} 4 5 1 @ https://frontend-cf.cjdropshipping.com/mine-react/umi.b1c99b8e.js:0
[   43689ms] [LOG] %csrc/pages/home/components/UserProfile/index.tsx:142 level, index color: #007acc; {label: VIP, index: 6} 5 6 1 @ https://frontend-cf.cjdropshipping.com/mine-react/umi.b1c99b8e.js:0
[   43689ms] [LOG] %csrc/pages/home/components/UserProfile/index.tsx:142 level, index color: #007acc; {label: LV1, index: 1} 0 1 1 @ https://frontend-cf.cjdropshipping.com/mine-react/umi.b1c99b8e.js:0
[   43690ms] [LOG] %csrc/pages/home/components/UserProfile/index.tsx:142 level, index color: #007acc; {label: LV2, index: 2} 1 2 1 @ https://frontend-cf.cjdropshipping.com/mine-react/umi.b1c99b8e.js:0
[   43690ms] [LOG] %csrc/pages/home/components/UserProfile/index.tsx:142 level, index color: #007acc; {label: LV3, index: 3} 2 3 1 @ https://frontend-cf.cjdropshipping.com/mine-react/umi.b1c99b8e.js:0
[   43690ms] [LOG] %csrc/pages/home/components/UserProfile/index.tsx:142 level, index color: #007acc; {label: LV4, index: 4} 3 4 1 @ https://frontend-cf.cjdropshipping.com/mine-react/umi.b1c99b8e.js:0
[   43690ms] [LOG] %csrc/pages/home/components/UserProfile/index.tsx:142 level, index color: #007acc; {label: LV5, index: 5} 4 5 1 @ https://frontend-cf.cjdropshipping.com/mine-react/umi.b1c99b8e.js:0
[   43690ms] [LOG] %csrc/pages/home/components/UserProfile/index.tsx:142 level, index color: #007acc; {label: VIP, index: 6} 5 6 1 @ https://frontend-cf.cjdropshipping.com/mine-react/umi.b1c99b8e.js:0
[   43690ms] [LOG] %csrc/pages/home/components/UserProfile/index.tsx:142 level, index color: #007acc; {label: LV1, index: 1} 0 1 1 @ https://frontend-cf.cjdropshipping.com/mine-react/umi.b1c99b8e.js:0
[   43690ms] [LOG] %csrc/pages/home/components/UserProfile/index.tsx:142 level, index color: #007acc; {label: LV2, index: 2} 1 2 1 @ https://frontend-cf.cjdropshipping.com/mine-react/umi.b1c99b8e.js:0
[   43690ms] [LOG] %csrc/pages/home/components/UserProfile/index.tsx:142 level, index color: #007acc; {label: LV3, index: 3} 2 3 1 @ https://frontend-cf.cjdropshipping.com/mine-react/umi.b1c99b8e.js:0
[   43690ms] [LOG] %csrc/pages/home/components/UserProfile/index.tsx:142 level, index color: #007acc; {label: LV4, index: 4} 3 4 1 @ https://frontend-cf.cjdropshipping.com/mine-react/umi.b1c99b8e.js:0
[   43690ms] [LOG] %csrc/pages/home/components/UserProfile/index.tsx:142 level, index color: #007acc; {label: LV5, index: 5} 4 5 1 @ https://frontend-cf.cjdropshipping.com/mine-react/umi.b1c99b8e.js:0
[   43691ms] [LOG] %csrc/pages/home/components/UserProfile/index.tsx:142 level, index color: #007acc; {label: VIP, index: 6} 5 6 1 @ https://frontend-cf.cjdropshipping.com/mine-react/umi.b1c99b8e.js:0
[   43691ms] [LOG] %csrc/pages/home/components/UserProfile/index.tsx:142 level, index color: #007acc; {label: LV1, index: 1} 0 1 1 @ https://frontend-cf.cjdropshipping.com/mine-react/umi.b1c99b8e.js:0
[   43691ms] [LOG] %csrc/pages/home/components/UserProfile/index.tsx:142 level, index color: #007acc; {label: LV2, index: 2} 1 2 1 @ https://frontend-cf.cjdropshipping.com/mine-react/umi.b1c99b8e.js:0
[   43691ms] [LOG] %csrc/pages/home/components/UserProfile/index.tsx:142 level, index color: #007acc; {label: LV3, index: 3} 2 3 1 @ https://frontend-cf.cjdropshipping.com/mine-react/umi.b1c99b8e.js:0
[   43691ms] [LOG] %csrc/pages/home/components/UserProfile/index.tsx:142 level, index color: #007acc; {label: LV4, index: 4} 3 4 1 @ https://frontend-cf.cjdropshipping.com/mine-react/umi.b1c99b8e.js:0
[   43691ms] [LOG] %csrc/pages/home/components/UserProfile/index.tsx:142 level, index color: #007acc; {label: LV5, index: 5} 4 5 1 @ https://frontend-cf.cjdropshipping.com/mine-react/umi.b1c99b8e.js:0
[   43691ms] [LOG] %csrc/pages/home/components/UserProfile/index.tsx:142 level, index color: #007acc; {label: VIP, index: 6} 5 6 1 @ https://frontend-cf.cjdropshipping.com/mine-react/umi.b1c99b8e.js:0
[   43733ms] [LOG] useInternalReceptionVersion true @ https://frontend-cf.cjdropshipping.com/mine-react/umi.b1c99b8e.js:0
[   43789ms] [LOG] ai 组件加载完成 Module @ https://frontend-cf.cjdropshipping.com/chat/static/js/17.826b6a00.chunk.js:0
[   43844ms] [WARNING] ######## sentry enabled prod @ https://frontend-cf.cjdropshipping.com/chat/static/js/main.70745042.chunk.js:0
[   44346ms] [LOG] init load @ https://frontend-cf.cjdropshipping.com/mine-react/umi.b1c99b8e.js:0
[   44734ms] [LOG] sitecheck data:  {customerPage: https://www.cjdropshipping.com, favicon: https://frontend-cf.cjdropshipping.com/config-resource/cj/favicon.ico, fullName: CJdropshipping, platform: 2, platformName: CJ} en @ https://frontend-cf.cjdropshipping.com/chat/static/js/17.826b6a00.chunk.js:0
[   44740ms] [LOG] Get local store lang error: Cache expiration., try to get version server page lang. @ https://frontend-cf.cjdropshipping.com/chat/static/js/17.826b6a00.chunk.js:0
[   45001ms] [LOG] en [] false @ https://frontend-cf.cjdropshipping.com/chat/static/js/17.826b6a00.chunk.js:0
[   45296ms] [LOG] %c cj接收 => unReadCount  background:#41b883; color:#fff {sender: Object, message: Object} @ https://frontend-cf.cjdropshipping.com/chat/static/js/17.826b6a00.chunk.js:0
[   45296ms] [LOG] %c cj接收 => agentInfo  background:#41b883; color:#fff {sender: Object, message: Object} @ https://frontend-cf.cjdropshipping.com/chat/static/js/17.826b6a00.chunk.js:0
[   48155ms] [INFO] Download the Vue Devtools extension for a better development experience:
https://github.com/vuejs/vue-devtools @ https://frontend-cf.cjdropshipping.com/egg/libs/vue-2.6.11/vue.js:9054
[   48155ms] [INFO] You are running Vue in development mode.
Make sure to turn on production mode when deploying for production.
See more tips at https://vuejs.org/guide/deployment.html @ https://frontend-cf.cjdropshipping.com/egg/libs/vue-2.6.11/vue.js:9063
[   48354ms] [WARNING] ########## load sentry production ########## @ https://frontend-cf.cjdropshipping.com/web-egg/2026-08-05-07-00-26/egg/script/cj-router.js:0
[   48402ms] [LOG] 同步language到googtrans： /en/en @ https://frontend-cf.cjdropshipping.com/web-egg/2026-08-05-07-00-26/egg/script/cj-router.js:0
[   48422ms] [LOG] %cpackages/mf-mycj-components/src/common/login-for-platform.ts:364 "registerLoginSuccessListener" is registered color: #007acc; registerLoginSuccessListener1s @ https://frontend-cf.cjdropshipping.com/web-egg/2026-08-05-07-00-26/egg/script/cj-router.js:0
[   48749ms] [WARNING] ######## sentry enabled prod @ https://frontend-cf.cjdropshipping.com/chat/static/js/main.70745042.chunk.js:0
[   48765ms] [LOG] useInternalReceptionVersion true @ https://frontend-cf.cjdropshipping.com/web-egg/2026-08-05-07-00-26/egg/script/cj-router.js:0
[   48944ms] [WARNING] ######## sentry enabled prod @ https://frontend-cf.cjdropshipping.com/chat/static/js/main.70745042.chunk.js:0
[   49148ms] [LOG] ai 组件加载完成 Module @ https://frontend-cf.cjdropshipping.com/chat/static/js/17.826b6a00.chunk.js:0
[   49701ms] [LOG] init load @ https://frontend-cf.cjdropshipping.com/web-egg/2026-08-05-07-00-26/egg/script/cj-router.js:0
[   49775ms] [LOG] 从 Dexie 缓存获取站点配置: chat.cjdropshipping.com @ https://frontend-cf.cjdropshipping.com/chat/static/js/17.826b6a00.chunk.js:0
[   49776ms] [LOG] sitecheck data:  {customerPage: https://www.cjdropshipping.com, favicon: https://frontend-cf.cjdropshipping.com/config-resource/cj/favicon.ico, fullName: CJdropshipping, platform: 2, platformName: CJ} en @ https://frontend-cf.cjdropshipping.com/chat/static/js/17.826b6a00.chunk.js:0
[   49779ms] [LOG] en [] false @ https://frontend-cf.cjdropshipping.com/chat/static/js/17.826b6a00.chunk.js:0
[   50057ms] [LOG] %c cj接收 => unReadCount  background:#41b883; color:#fff {sender: Object, message: Object} @ https://frontend-cf.cjdropshipping.com/chat/static/js/17.826b6a00.chunk.js:0
[   50059ms] [LOG] %c cj接收 => agentInfo  background:#41b883; color:#fff {sender: Object, message: Object} @ https://frontend-cf.cjdropshipping.com/chat/static/js/17.826b6a00.chunk.js:0
[   53743ms] [WARNING] single-spa minified message #1: See https://single-spa.js.org/error/?code=1 @ https://frontend-cf.cjdropshipping.com/chat/static/js/17.826b6a00.chunk.js:0
[   53930ms] [WARNING] single-spa minified message #1: See https://single-spa.js.org/error/?code=1 @ https://frontend-cf.cjdropshipping.com/chat/static/js/17.826b6a00.chunk.js:0
[   55996ms] [WARNING] Failed to execute 'postMessage' on 'DOMWindow': The target origin provided ('https://www.google.com') does not match the recipient window's origin ('https://www.cjdropshipping.com'). @ https://www.googletagmanager.com/gtm.js?id=GTM-PFZM5BM:843
[   55996ms] [WARNING] Failed to execute 'postMessage' on 'DOMWindow': The target origin provided ('https://www.youtube.com') does not match the recipient window's origin ('https://www.cjdropshipping.com'). @ https://www.googletagmanager.com/gtm.js?id=GTM-PFZM5BM:843
[   55996ms] [WARNING] Failed to execute 'postMessage' on 'DOMWindow': The target origin provided ('https://m.youtube.com') does not match the recipient window's origin ('https://www.cjdropshipping.com'). @ https://www.googletagmanager.com/gtm.js?id=GTM-PFZM5BM:843
[   58266ms] [WARNING] Failed to execute 'postMessage' on 'DOMWindow': The target origin provided ('https://www.google.com') does not match the recipient window's origin ('https://www.cjdropshipping.com'). @ https://www.googletagmanager.com/gtm.js?id=GTM-PFZM5BM:843
[   58266ms] [WARNING] Failed to execute 'postMessage' on 'DOMWindow': The target origin provided ('https://www.youtube.com') does not match the recipient window's origin ('https://www.cjdropshipping.com'). @ https://www.googletagmanager.com/gtm.js?id=GTM-PFZM5BM:843
[   58266ms] [WARNING] Failed to execute 'postMessage' on 'DOMWindow': The target origin provided ('https://m.youtube.com') does not match the recipient window's origin ('https://www.cjdropshipping.com'). @ https://www.googletagmanager.com/gtm.js?id=GTM-PFZM5BM:843
[   91120ms] [INFO] Download the Vue Devtools extension for a better development experience:
https://github.com/vuejs/vue-devtools @ https://frontend-cf.cjdropshipping.com/egg/libs/vue-2.6.11/vue.js:9054
[   91120ms] [INFO] You are running Vue in development mode.
Make sure to turn on production mode when deploying for production.
See more tips at https://vuejs.org/guide/deployment.html @ https://frontend-cf.cjdropshipping.com/egg/libs/vue-2.6.11/vue.js:9063
[   91278ms] [WARNING] ########## load sentry production ########## @ https://frontend-cf.cjdropshipping.com/web-egg/2026-08-05-07-00-26/egg/script/cj-router.js:0
[   91315ms] [LOG] 同步language到googtrans： /en/en @ https://frontend-cf.cjdropshipping.com/web-egg/2026-08-05-07-00-26/egg/script/cj-router.js:0
[   91333ms] [LOG] %cpackages/mf-mycj-components/src/common/login-for-platform.ts:364 "registerLoginSuccessListener" is registered color: #007acc; registerLoginSuccessListener1s @ https://frontend-cf.cjdropshipping.com/web-egg/2026-08-05-07-00-26/egg/script/cj-router.js:0
[   91668ms] [WARNING] ######## sentry enabled prod @ https://frontend-cf.cjdropshipping.com/chat/static/js/main.70745042.chunk.js:0
[   91695ms] [LOG] useInternalReceptionVersion true @ https://frontend-cf.cjdropshipping.com/web-egg/2026-08-05-07-00-26/egg/script/cj-router.js:0
[   91840ms] [WARNING] ######## sentry enabled prod @ https://frontend-cf.cjdropshipping.com/chat/static/js/main.70745042.chunk.js:0
[   91918ms] [LOG] ai 组件加载完成 Module @ https://frontend-cf.cjdropshipping.com/chat/static/js/17.826b6a00.chunk.js:0
[   92573ms] [LOG] 从 Dexie 缓存获取站点配置: chat.cjdropshipping.com @ https://frontend-cf.cjdropshipping.com/chat/static/js/17.826b6a00.chunk.js:0
[   92573ms] [LOG] sitecheck data:  {customerPage: https://www.cjdropshipping.com, favicon: https://frontend-cf.cjdropshipping.com/config-resource/cj/favicon.ico, fullName: CJdropshipping, platform: 2, platformName: CJ} en @ https://frontend-cf.cjdropshipping.com/chat/static/js/17.826b6a00.chunk.js:0
[   92576ms] [LOG] en [] false @ https://frontend-cf.cjdropshipping.com/chat/static/js/17.826b6a00.chunk.js:0
[   92823ms] [LOG] init load @ https://frontend-cf.cjdropshipping.com/web-egg/2026-08-05-07-00-26/egg/script/cj-router.js:0
[   92884ms] [LOG] %c cj接收 => unReadCount  background:#41b883; color:#fff {sender: Object, message: Object} @ https://frontend-cf.cjdropshipping.com/chat/static/js/17.826b6a00.chunk.js:0
[   92885ms] [LOG] %c cj接收 => agentInfo  background:#41b883; color:#fff {sender: Object, message: Object} @ https://frontend-cf.cjdropshipping.com/chat/static/js/17.826b6a00.chunk.js:0
[   96729ms] [WARNING] single-spa minified message #1: See https://single-spa.js.org/error/?code=1 @ https://frontend-cf.cjdropshipping.com/chat/static/js/17.826b6a00.chunk.js:0
[   96843ms] [WARNING] single-spa minified message #1: See https://single-spa.js.org/error/?code=1 @ https://frontend-cf.cjdropshipping.com/chat/static/js/17.826b6a00.chunk.js:0
[   96922ms] [WARNING] Failed to execute 'postMessage' on 'DOMWindow': The target origin provided ('https://www.google.com') does not match the recipient window's origin ('https://www.cjdropshipping.com'). @ https://www.googletagmanager.com/gtm.js?id=GTM-PFZM5BM:843
[   96922ms] [WARNING] Failed to execute 'postMessage' on 'DOMWindow': The target origin provided ('https://www.youtube.com') does not match the recipient window's origin ('https://www.cjdropshipping.com'). @ https://www.googletagmanager.com/gtm.js?id=GTM-PFZM5BM:843
[   96922ms] [WARNING] Failed to execute 'postMessage' on 'DOMWindow': The target origin provided ('https://m.youtube.com') does not match the recipient window's origin ('https://www.cjdropshipping.com'). @ https://www.googletagmanager.com/gtm.js?id=GTM-PFZM5BM:843
[   97958ms] [WARNING] Failed to execute 'postMessage' on 'DOMWindow': The target origin provided ('https://www.google.com') does not match the recipient window's origin ('https://www.cjdropshipping.com'). @ https://www.googletagmanager.com/gtm.js?id=GTM-PFZM5BM:843
[   97958ms] [WARNING] Failed to execute 'postMessage' on 'DOMWindow': The target origin provided ('https://www.youtube.com') does not match the recipient window's origin ('https://www.cjdropshipping.com'). @ https://www.googletagmanager.com/gtm.js?id=GTM-PFZM5BM:843
[   97958ms] [WARNING] Failed to execute 'postMessage' on 'DOMWindow': The target origin provided ('https://m.youtube.com') does not match the recipient window's origin ('https://www.cjdropshipping.com'). @ https://www.googletagmanager.com/gtm.js?id=GTM-PFZM5BM:843
[  131843ms] [LOG] 页面非激活 @ https://frontend-cf.cjdropshipping.com/web-egg/2026-08-05-07-00-26/egg/script/cj-router.js:0
