[    2300ms] [LOG] JQMIGRATE: Migrate is installed with logging active, version 1.4.1 @ https://b.stripecdn.com/dashboard-fe-statics-srv/assets/dashboard.m01bihq5w2abpmqb.br.js:313
[    3551ms] [ERROR] Failed to load resource: the server responded with a status of 404 () @ https://dashboard.stripe.com/v1/profiles/me?expand%5B%5D=verification&expand%5B%5D=og_tags&include_only%5B%5D=id%2Cis_hidden_restricted%2Cis_suspended_restricted%2Cusername%2Cdisplay_name%2Cdescription%2Curl%2Cemail%2Cphone%2Cog_tags.og_image_url%2Cog_tags.og_title%2Cog_tags.og_description%2Cog_tags.og_site_name%2Clivemode%2Cvisibility%2Cis_internal_testing%2Cobject%2Caddress.line1%2Caddress.line2%2Caddress.city%2Caddress.state%2Caddress.postal_code%2Caddress.country%2Cbranding.icon.original%2Cbranding.logo.original%2Cbranding.primary_color%2Cbranding.secondary_color%2Cverification.is_verified:0
[  242633ms] [ERROR] Failed to load resource: net::ERR_NETWORK_CHANGED @ https://r.stripe.com/b:0
[  302630ms] [ERROR] Failed to load resource: net::ERR_NETWORK_CHANGED @ https://dashboard.stripe.com/ajax/metrics_batch:0
[  304764ms] TypeError: Failed to fetch
    at https://b.stripecdn.com/dashboard-fe-statics-srv/assets/dashboard.m01bihq5w2abpmqb.br.js:314:700
    at https://b.stripecdn.com/dashboard-fe-statics-srv/assets/dashboard.m01bihq5w2abpmqb.br.js:341:8550
    at https://b.stripecdn.com/dashboard-fe-statics-srv/assets/dashboard.m01bihq5w2abpmqb.br.js:341:11553
    at https://b.stripecdn.com/dashboard-fe-statics-srv/assets/dashboard.m01bihq5w2abpmqb.br.js:341:7884
    at https://b.stripecdn.com/dashboard-fe-statics-srv/assets/dashboard.m01bihq5w2abpmqb.br.js:341:28076
    at https://b.stripecdn.com/dashboard-fe-statics-srv/assets/dashboard.m01bihq5w2abpmqb.br.js:341:7875
    at https://b.stripecdn.com/dashboard-fe-statics-srv/assets/dashboard.m01bihq5w2abpmqb.br.js:341:7884
    at https://b.stripecdn.com/dashboard-fe-statics-srv/assets/dashboard.m01bihq5w2abpmqb.br.js:341:11702
    at https://b.stripecdn.com/dashboard-fe-statics-srv/assets/dashboard.m01bihq5w2abpmqb.br.js:341:7875
    at https://b.stripecdn.com/dashboard-fe-statics-srv/assets/dashboard.m01bihq5w2abpmqb.br.js:341:7884
    at https://b.stripecdn.com/dashboard-fe-statics-srv/assets/dashboard.m01bihq5w2abpmqb.br.js:1335:36195
    at https://b.stripecdn.com/dashboard-fe-statics-srv/assets/dashboard.m01bihq5w2abpmqb.br.js:341:7875
    at https://b.stripecdn.com/dashboard-fe-statics-srv/assets/dashboard.m01bihq5w2abpmqb.br.js:341:7884
    at https://b.stripecdn.com/dashboard-fe-statics-srv/assets/dashboard.m01bihq5w2abpmqb.br.js:1335:35920
    at Generator.next (<anonymous>)
    at asyncGeneratorStep$4 (https://b.stripecdn.com/dashboard-fe-statics-srv/assets/dashboard.m01bihq5w2abpmqb.br.js:1335:34565)
    at _next (https://b.stripecdn.com/dashboard-fe-statics-srv/assets/dashboard.m01bihq5w2abpmqb.br.js:1335:34794)
    at https://b.stripecdn.com/dashboard-fe-statics-srv/assets/dashboard.m01bihq5w2abpmqb.br.js:1335:34884
    at new Promise (<anonymous>)
    at https://b.stripecdn.com/dashboard-fe-statics-srv/assets/dashboard.m01bihq5w2abpmqb.br.js:1335:34735
    at https://b.stripecdn.com/dashboard-fe-statics-srv/assets/dashboard.m01bihq5w2abpmqb.br.js:1335:35975
    at https://b.stripecdn.com/dashboard-fe-statics-srv/assets/dashboard.m01bihq5w2abpmqb.br.js:341:7875
    at https://b.stripecdn.com/dashboard-fe-statics-srv/assets/dashboard.m01bihq5w2abpmqb.br.js:341:8445
    at window.requestIdleCallback.timeout (https://b.stripecdn.com/dashboard-fe-statics-srv/assets/dashboard.m01bihq5w2abpmqb.br.js:1335:38280)
[  304764ms] TypeError: Failed to fetch
    at https://b.stripecdn.com/dashboard-fe-statics-srv/assets/dashboard.m01bihq5w2abpmqb.br.js:314:700
    at https://b.stripecdn.com/dashboard-fe-statics-srv/assets/dashboard.m01bihq5w2abpmqb.br.js:341:8550
    at https://b.stripecdn.com/dashboard-fe-statics-srv/assets/dashboard.m01bihq5w2abpmqb.br.js:341:11553
    at https://b.stripecdn.com/dashboard-fe-statics-srv/assets/dashboard.m01bihq5w2abpmqb.br.js:341:7884
    at https://b.stripecdn.com/dashboard-fe-statics-srv/assets/dashboard.m01bihq5w2abpmqb.br.js:341:28076
    at https://b.stripecdn.com/dashboard-fe-statics-srv/assets/dashboard.m01bihq5w2abpmqb.br.js:341:7875
    at https://b.stripecdn.com/dashboard-fe-statics-srv/assets/dashboard.m01bihq5w2abpmqb.br.js:341:7884
    at https://b.stripecdn.com/dashboard-fe-statics-srv/assets/dashboard.m01bihq5w2abpmqb.br.js:341:11702
    at https://b.stripecdn.com/dashboard-fe-statics-srv/assets/dashboard.m01bihq5w2abpmqb.br.js:341:7875
    at https://b.stripecdn.com/dashboard-fe-statics-srv/assets/dashboard.m01bihq5w2abpmqb.br.js:341:7884
    at https://b.stripecdn.com/dashboard-fe-statics-srv/assets/dashboard.m01bihq5w2abpmqb.br.js:1335:36195
    at https://b.stripecdn.com/dashboard-fe-statics-srv/assets/dashboard.m01bihq5w2abpmqb.br.js:341:7875
    at https://b.stripecdn.com/dashboard-fe-statics-srv/assets/dashboard.m01bihq5w2abpmqb.br.js:341:7884
    at https://b.stripecdn.com/dashboard-fe-statics-srv/assets/dashboard.m01bihq5w2abpmqb.br.js:1335:35920
    at Generator.next (<anonymous>)
    at asyncGeneratorStep$4 (https://b.stripecdn.com/dashboard-fe-statics-srv/assets/dashboard.m01bihq5w2abpmqb.br.js:1335:34565)
    at _next (https://b.stripecdn.com/dashboard-fe-statics-srv/assets/dashboard.m01bihq5w2abpmqb.br.js:1335:34794)
    at https://b.stripecdn.com/dashboard-fe-statics-srv/assets/dashboard.m01bihq5w2abpmqb.br.js:1335:34884
    at new Promise (<anonymous>)
    at https://b.stripecdn.com/dashboard-fe-statics-srv/assets/dashboard.m01bihq5w2abpmqb.br.js:1335:34735
    at https://b.stripecdn.com/dashboard-fe-statics-srv/assets/dashboard.m01bihq5w2abpmqb.br.js:1335:35975
    at https://b.stripecdn.com/dashboard-fe-statics-srv/assets/dashboard.m01bihq5w2abpmqb.br.js:341:7875
    at https://b.stripecdn.com/dashboard-fe-statics-srv/assets/dashboard.m01bihq5w2abpmqb.br.js:341:8445
    at window.requestIdleCallback.timeout (https://b.stripecdn.com/dashboard-fe-statics-srv/assets/dashboard.m01bihq5w2abpmqb.br.js:1335:38280)
[  726626ms] [ERROR] Failed to load resource: net::ERR_NETWORK_CHANGED @ https://dashboard.stripe.com/v1/workbench/webhook_conversations?include_only%5B%5D=data.created%2Cdata.id&endpoint=we_1TzIO7KeSdupcHai4WbvQgyn&limit=1:0
[  726701ms] [ERROR] Failed to load resource: net::ERR_NETWORK_CHANGED @ https://t.stripe.com/?cid=f552431b-d673-4cbe-9595-04f012d12e18&lsid=f552431b-d673-4cbe-9595-04f012d12e18&analytics_ua=analytics.js-CURRENT_VERSION&ua_browser_name=Chrome&ua_browser_version=151.0.0.0&ua_os_name=Mac%20OS&ua_os_version=10.15.7&ua_device_model=Macintosh&ua_device_vendor=Apple&ua_engine_name=Blink&ua_engine_version=151.0.0.0&page=%2Facct_1TzAhMKeSdupcHai%2Fworkbench%2Fwebhooks%2Fwe_1TzIO7KeSdupcHai4WbvQgyn%2Fevents&referrer=&domain=dashboard.stripe.com&viewport_height=832&viewport_width=1470&sid=bd5a7ad2-2e2b-4250-a2ff-fa369dd5c7dd&arb_id=8053227a-49ab-4645-beed-b785a48e010d&exp_page_load_id=e28dc7ec-1cf2-4d80-bc2f-c3f9b9e3468d&revision=ed0599793dbb0011509cfaa2ee42f5090ca83336&dashboard_user_role=urole_super_admin&is_beta_build_enabled=false&stripe_locale=es-419&page_name=%2Fworkbench%2Fwebhooks%2F%3Aid%2Fevents&page_load_id=uk4hhbjpw0&header_locale=es-419%2Ces%3Bq%3D0.9&user_set_locale=auto&livemode=true&active_context=acct_1TzAhMKeSdupcHai&merchant_cluster=cmh&project=workbench&user_id=usr_Uz8zAgeL92dbep&release=v1%2Fmint%2Fmaster%2F2026-08-06T00%3A24%3A14Z%2F0%2F0%2Fed0599793dbb0011509cfaa2ee42f5090ca83336&route_name=WORKBENCH_WEBHOOKS_DETAIL_EVENTS&route_params=%5B%22polyjuice.accountId%22%2C%22id%22%5D&performance_related_flags=undefined&sail_livemode=true&error_code=network_error&error_message=Native%20fetch%20error%3A%20Failed%20to%20fetch&error_path=v1WorkbenchWebhookConversations&network_duration=243&network_status=-1&network_action_id=null&network_request_id=null&network_load_id=56461390-74e9-492f-82df-e698851a27b6&network_trace_id=null&service=workbench&component=%3Cunknown%3E&error_expected=true&error_muted=false&error_source=network&operation_name=ListV1WebhookConversationsTimestampsQuery&operation_tag=gql&operation_deduplicate=false&operation_prefetch=false&operation_prefetch_hit=false&event=frontend_data_error&event_count=294&page_view_id=ab6a9c74-7e8d-4b32-b04e-1d949815d42c_2&event_id=ab6a9c74-7e8d-4b32-b04e-1d949815d42c_2_294&merchant_id=acct_1TzAhMKeSdupcHai&privacy_consent_loaded=true&privacy_consent_functional=true&privacy_consent_advertising=true:0
[  907611ms] [ERROR] Failed to load resource: net::ERR_NETWORK_CHANGED @ https://r.stripe.com/b:0
[  907612ms] [ERROR] Failed to load resource: net::ERR_NETWORK_CHANGED @ https://dashboard.stripe.com/ajax/extend_sca_ninety_day_timeout?include_only%5B%5D=success:0
[  968616ms] [ERROR] Failed to load resource: net::ERR_NETWORK_CHANGED @ https://dashboard.stripe.com/v1/workbench/webhook_conversations?include_only%5B%5D=data.created%2Cdata.id&endpoint=we_1TzIO7KeSdupcHai4WbvQgyn&limit=1:0
[ 1331639ms] [ERROR] Failed to load resource: net::ERR_NETWORK_CHANGED @ https://dashboard.stripe.com/v1/workbench/webhook_conversations?include_only%5B%5D=data.created%2Cdata.id&endpoint=we_1TzIO7KeSdupcHai4WbvQgyn&limit=1:0
[ 1573582ms] [ERROR] Failed to load resource: net::ERR_NETWORK_CHANGED @ https://dashboard.stripe.com/ajax/metrics_batch:0
[ 1573582ms] [ERROR] Failed to load resource: net::ERR_NETWORK_CHANGED @ https://r.stripe.com/b:0
[ 1573583ms] TypeError: Failed to fetch
    at https://b.stripecdn.com/dashboard-fe-statics-srv/assets/dashboard.m01bihq5w2abpmqb.br.js:314:700
    at Object.fetch (https://b.stripecdn.com/dashboard-fe-statics-srv/assets/dashboard.m01bihq5w2abpmqb.br.js:51:105488)
    at flush (https://b.stripecdn.com/dashboard-fe-statics-srv/assets/dashboard.m01bihq5w2abpmqb.br.js:51:103721)
    at https://b.stripecdn.com/dashboard-fe-statics-srv/assets/dashboard.m01bihq5w2abpmqb.br.js:51:103987
    at https://b.stripecdn.com/dashboard-fe-statics-srv/assets/dashboard.m01bihq5w2abpmqb.br.js:327:4828
[ 1573633ms] [ERROR] Failed to load resource: net::ERR_NAME_NOT_RESOLVED @ https://r.stripe.com/b:0
[ 1573633ms] [ERROR] Failed to load resource: net::ERR_NAME_NOT_RESOLVED @ https://r.stripe.com/b:0
[ 1573633ms] [ERROR] Failed to load resource: net::ERR_NAME_NOT_RESOLVED @ https://r.stripe.com/b:0
[ 1633622ms] [ERROR] Failed to load resource: net::ERR_NETWORK_CHANGED @ https://dashboard.stripe.com/v1/workbench/webhook_conversations?include_only%5B%5D=data.created%2Cdata.id&endpoint=we_1TzIO7KeSdupcHai4WbvQgyn&limit=1:0
[ 1633678ms] [ERROR] Failed to load resource: net::ERR_NETWORK_CHANGED @ https://t.stripe.com/?cid=f552431b-d673-4cbe-9595-04f012d12e18&lsid=f552431b-d673-4cbe-9595-04f012d12e18&analytics_ua=analytics.js-CURRENT_VERSION&ua_browser_name=Chrome&ua_browser_version=151.0.0.0&ua_os_name=Mac%20OS&ua_os_version=10.15.7&ua_device_model=Macintosh&ua_device_vendor=Apple&ua_engine_name=Blink&ua_engine_version=151.0.0.0&page=%2Facct_1TzAhMKeSdupcHai%2Fworkbench%2Fwebhooks%2Fwe_1TzIO7KeSdupcHai4WbvQgyn%2Fevents&referrer=&domain=dashboard.stripe.com&viewport_height=832&viewport_width=1470&sid=bd5a7ad2-2e2b-4250-a2ff-fa369dd5c7dd&arb_id=8053227a-49ab-4645-beed-b785a48e010d&exp_page_load_id=e28dc7ec-1cf2-4d80-bc2f-c3f9b9e3468d&revision=ed0599793dbb0011509cfaa2ee42f5090ca83336&dashboard_user_role=urole_super_admin&is_beta_build_enabled=false&stripe_locale=es-419&page_name=%2Fworkbench%2Fwebhooks%2F%3Aid%2Fevents&page_load_id=uk4hhbjpw0&header_locale=es-419%2Ces%3Bq%3D0.9&user_set_locale=auto&livemode=true&active_context=acct_1TzAhMKeSdupcHai&merchant_cluster=cmh&project=workbench&user_id=usr_Uz8zAgeL92dbep&release=v1%2Fmint%2Fmaster%2F2026-08-06T00%3A24%3A14Z%2F0%2F0%2Fed0599793dbb0011509cfaa2ee42f5090ca83336&route_name=WORKBENCH_WEBHOOKS_DETAIL_EVENTS&route_params=%5B%22polyjuice.accountId%22%2C%22id%22%5D&performance_related_flags=undefined&sail_livemode=true&error_code=network_error&error_message=Native%20fetch%20error%3A%20Failed%20to%20fetch&error_path=v1WorkbenchWebhookConversations&network_duration=657&network_status=-1&network_action_id=null&network_request_id=null&network_load_id=56461390-74e9-492f-82df-e698851a27b6&network_trace_id=null&service=workbench&component=%3Cunknown%3E&error_expected=true&error_muted=false&error_source=network&operation_name=ListV1WebhookConversationsTimestampsQuery&operation_tag=gql&operation_deduplicate=false&operation_prefetch=false&operation_prefetch_hit=false&event=frontend_data_error&event_count=309&page_view_id=ab6a9c74-7e8d-4b32-b04e-1d949815d42c_2&event_id=ab6a9c74-7e8d-4b32-b04e-1d949815d42c_2_309&merchant_id=acct_1TzAhMKeSdupcHai&privacy_consent_loaded=true&privacy_consent_functional=true&privacy_consent_advertising=true:0
[ 1814721ms] [ERROR] Failed to load resource: net::ERR_NETWORK_CHANGED @ https://r.stripe.com/b:0
[ 1875641ms] [ERROR] Failed to load resource: net::ERR_NETWORK_CHANGED @ https://dashboard.stripe.com/v1/workbench/webhook_conversations?include_only%5B%5D=data.created%2Cdata.id&endpoint=we_1TzIO7KeSdupcHai4WbvQgyn&limit=1:0
[ 2117605ms] [ERROR] Failed to load resource: net::ERR_NETWORK_CHANGED @ https://r.stripe.com/b:0
[ 2177620ms] [ERROR] Failed to load resource: net::ERR_NETWORK_CHANGED @ https://dashboard.stripe.com/v1/workbench/webhook_conversations?include_only%5B%5D=data.created%2Cdata.id&endpoint=we_1TzIO7KeSdupcHai4WbvQgyn&limit=1:0
[ 2419617ms] [ERROR] Failed to load resource: net::ERR_NETWORK_CHANGED @ https://r.stripe.com/b:0
[ 2479601ms] [ERROR] Failed to load resource: net::ERR_NETWORK_CHANGED @ https://dashboard.stripe.com/v1/workbench/webhook_conversations?include_only%5B%5D=data.created%2Cdata.id&endpoint=we_1TzIO7KeSdupcHai4WbvQgyn&limit=1:0
[ 2479706ms] [ERROR] Failed to load resource: net::ERR_NETWORK_CHANGED @ https://t.stripe.com/?cid=f552431b-d673-4cbe-9595-04f012d12e18&lsid=f552431b-d673-4cbe-9595-04f012d12e18&analytics_ua=analytics.js-CURRENT_VERSION&ua_browser_name=Chrome&ua_browser_version=151.0.0.0&ua_os_name=Mac%20OS&ua_os_version=10.15.7&ua_device_model=Macintosh&ua_device_vendor=Apple&ua_engine_name=Blink&ua_engine_version=151.0.0.0&page=%2Facct_1TzAhMKeSdupcHai%2Fworkbench%2Fwebhooks%2Fwe_1TzIO7KeSdupcHai4WbvQgyn%2Fevents&referrer=&domain=dashboard.stripe.com&viewport_height=832&viewport_width=1470&sid=bd5a7ad2-2e2b-4250-a2ff-fa369dd5c7dd&arb_id=8053227a-49ab-4645-beed-b785a48e010d&exp_page_load_id=e28dc7ec-1cf2-4d80-bc2f-c3f9b9e3468d&revision=ed0599793dbb0011509cfaa2ee42f5090ca83336&dashboard_user_role=urole_super_admin&is_beta_build_enabled=false&stripe_locale=es-419&page_name=%2Fworkbench%2Fwebhooks%2F%3Aid%2Fevents&page_load_id=uk4hhbjpw0&header_locale=es-419%2Ces%3Bq%3D0.9&user_set_locale=auto&livemode=true&active_context=acct_1TzAhMKeSdupcHai&merchant_cluster=cmh&project=workbench&user_id=usr_Uz8zAgeL92dbep&release=v1%2Fmint%2Fmaster%2F2026-08-06T00%3A24%3A14Z%2F0%2F0%2Fed0599793dbb0011509cfaa2ee42f5090ca83336&route_name=WORKBENCH_WEBHOOKS_DETAIL_EVENTS&route_params=%5B%22polyjuice.accountId%22%2C%22id%22%5D&performance_related_flags=undefined&sail_livemode=true&error_code=network_error&error_message=Native%20fetch%20error%3A%20Failed%20to%20fetch&error_path=v1WorkbenchWebhookConversations&network_duration=724&network_status=-1&network_action_id=null&network_request_id=null&network_load_id=56461390-74e9-492f-82df-e698851a27b6&network_trace_id=null&service=workbench&component=%3Cunknown%3E&error_expected=true&error_muted=false&error_source=network&operation_name=ListV1WebhookConversationsTimestampsQuery&operation_tag=gql&operation_deduplicate=false&operation_prefetch=false&operation_prefetch_hit=false&event=frontend_data_error&event_count=318&page_view_id=ab6a9c74-7e8d-4b32-b04e-1d949815d42c_2&event_id=ab6a9c74-7e8d-4b32-b04e-1d949815d42c_2_318&merchant_id=acct_1TzAhMKeSdupcHai&privacy_consent_loaded=true&privacy_consent_functional=true&privacy_consent_advertising=true:0
[ 2721613ms] [ERROR] Failed to load resource: net::ERR_NETWORK_CHANGED @ https://r.stripe.com/b:0
[ 2782606ms] [ERROR] Failed to load resource: net::ERR_NETWORK_CHANGED @ https://dashboard.stripe.com/v1/workbench/webhook_conversations?include_only%5B%5D=data.created%2Cdata.id&endpoint=we_1TzIO7KeSdupcHai4WbvQgyn&limit=1:0
[ 3024622ms] [ERROR] Failed to load resource: net::ERR_NETWORK_CHANGED @ https://r.stripe.com/b:0
