[      75ms] [INFO] Download the Vue Devtools extension for a better development experience:
https://github.com/vuejs/vue-devtools @ https://frontend-cf.cjdropshipping.com/egg/libs/vue-2.6.11/vue.js:9054
[      75ms] [INFO] You are running Vue in development mode.
Make sure to turn on production mode when deploying for production.
See more tips at https://vuejs.org/guide/deployment.html @ https://frontend-cf.cjdropshipping.com/egg/libs/vue-2.6.11/vue.js:9063
[     755ms] [WARNING] ########## load sentry production ########## @ https://frontend-cf.cjdropshipping.com/web-egg/2026-08-05-07-00-26/egg/script/cj-router.js:0
[     796ms] [LOG] 同步language到googtrans： /en/en @ https://frontend-cf.cjdropshipping.com/web-egg/2026-08-05-07-00-26/egg/script/cj-router.js:0
[     818ms] [LOG] %cpackages/mf-mycj-components/src/common/login-for-platform.ts:364 "registerLoginSuccessListener" is registered color: #007acc; registerLoginSuccessListener1s @ https://frontend-cf.cjdropshipping.com/web-egg/2026-08-05-07-00-26/egg/script/cj-router.js:0
[    1051ms] [LOG] 1 12 0 @ https://frontend-cf.cjdropshipping.com/web-egg/2026-08-05-07-00-26/egg/script/cj-router.js:0
[    1185ms] [ERROR] Failed to load resource: the server responded with a status of 404 () @ https://oss-cf.cjdropshipping.com/zoneflow/91B281AF-BE63-4879-83AA-BE0124630481.json:0
[    1187ms] [LOG] useInternalReceptionVersion true @ https://frontend-cf.cjdropshipping.com/web-egg/2026-08-05-07-00-26/egg/script/cj-router.js:0
[    1195ms] [WARNING] ######## sentry enabled prod @ https://frontend-cf.cjdropshipping.com/chat/static/js/main.70745042.chunk.js:0
[    1385ms] [WARNING] ######## sentry enabled prod @ https://frontend-cf.cjdropshipping.com/chat/static/js/main.70745042.chunk.js:0
[    1638ms] [LOG] ai 组件加载完成 Module @ https://frontend-cf.cjdropshipping.com/chat/static/js/17.826b6a00.chunk.js:0
[    1756ms] [LOG] 1 12 48 @ https://frontend-cf.cjdropshipping.com/web-egg/2026-08-05-07-00-26/egg/script/cj-router.js:0
[    1868ms] [WARNING] ########## load sentry production ########## @ https://frontend-cf.cjdropshipping.com/web-egg/2026-08-05-07-00-26/egg/script/commonScriptImport.js:0
[    2515ms] [LOG] init load @ https://frontend-cf.cjdropshipping.com/web-egg/2026-08-05-07-00-26/egg/script/cj-router.js:0
[    2523ms] [INFO] wangEditor提示: 本页面富文本编辑器由 wangEditor 提供 http://wangeditor.github.io/  @ https://frontend-cf.cjdropshipping.com/web-egg/2026-08-05-07-00-26/egg/script/commonScriptImport.js:0
[    2633ms] [LOG] SyntaxError: Unexpected end of JSON input
    at JSON.parse (<anonymous>)
    at JSON.<anonymous> (https://frontend-cf.cjdropshipping.com/web-egg/2026-08-05-07-00-26/static/singleJs/base.js:15467:27)
    at t.getTwclidFromCookie (https://static.ads-twitter.com/uwt.js:1:43214)
    at t.getTwclid (https://static.ads-twitter.com/uwt.js:1:43544)
    at t.getTwclidParams (https://static.ads-twitter.com/uwt.js:1:43636)
    at t.track (https://static.ads-twitter.com/uwt.js:1:34956)
    at t.track (https://static.ads-twitter.com/uwt.js:1:16836)
    at e.exe (https://static.ads-twitter.com/uwt.js:1:35834)
    at https://static.ads-twitter.com/uwt.js:1:35922
    at 2345 (https://static.ads-twitter.com/uwt.js:1:35945)
    at n (https://static.ads-twitter.com/uwt.js:1:49827)
    at 2735 (https://static.ads-twitter.com/uwt.js:1:36225)
    at n (https://static.ads-twitter.com/uwt.js:1:49827)
    at https://static.ads-twitter.com/uwt.js:1:50051
    at https://static.ads-twitter.com/uwt.js:1:50060
    at https://static.ads-twitter.com/uwt.js:1:50064 @ https://frontend-cf.cjdropshipping.com/web-egg/2026-08-05-07-00-26/egg/script/commonScriptImport.js:0
[    2633ms] [LOG] [] @ https://frontend-cf.cjdropshipping.com/web-egg/2026-08-05-07-00-26/egg/script/commonScriptImport.js:0
[    2712ms] [LOG] 同步language到googtrans： /en/en @ https://frontend-cf.cjdropshipping.com/web-egg/2026-08-05-07-00-26/egg/script/commonScriptImport.js:0
[    2734ms] [LOG] 从 Dexie 缓存获取站点配置: chat.cjdropshipping.com @ https://frontend-cf.cjdropshipping.com/chat/static/js/17.826b6a00.chunk.js:0
[    2735ms] [LOG] sitecheck data:  {customerPage: https://www.cjdropshipping.com, favicon: https://frontend-cf.cjdropshipping.com/config-resource/cj/favicon.ico, fullName: CJdropshipping, platform: 2, platformName: CJ} en @ https://frontend-cf.cjdropshipping.com/chat/static/js/17.826b6a00.chunk.js:0
[    2744ms] [LOG] en [] false @ https://frontend-cf.cjdropshipping.com/chat/static/js/17.826b6a00.chunk.js:0
[    3311ms] [LOG] 同步language到googtrans： /en/en @ https://frontend-cf.cjdropshipping.com/web-egg/2026-08-05-07-00-26/egg/script/commonScriptImport.js:0
[    3648ms] [LOG] %c cj接收 => unReadCount  background:#41b883; color:#fff {sender: Object, message: Object} @ https://frontend-cf.cjdropshipping.com/chat/static/js/17.826b6a00.chunk.js:0
[    3648ms] [LOG] %c cj接收 => agentInfo  background:#41b883; color:#fff {sender: Object, message: Object} @ https://frontend-cf.cjdropshipping.com/chat/static/js/17.826b6a00.chunk.js:0
[    6169ms] [WARNING] single-spa minified message #1: See https://single-spa.js.org/error/?code=1 @ https://frontend-cf.cjdropshipping.com/chat/static/js/17.826b6a00.chunk.js:0
[    6338ms] [WARNING] single-spa minified message #1: See https://single-spa.js.org/error/?code=1 @ https://frontend-cf.cjdropshipping.com/chat/static/js/17.826b6a00.chunk.js:0
[   12631ms] [LOG] SyntaxError: Unexpected end of JSON input
    at JSON.parse (<anonymous>)
    at JSON.<anonymous> (https://frontend-cf.cjdropshipping.com/web-egg/2026-08-05-07-00-26/static/singleJs/base.js:15467:27)
    at t.getTwclidFromCookie (https://static.ads-twitter.com/uwt.js:1:43214)
    at t.getTwclid (https://static.ads-twitter.com/uwt.js:1:43544)
    at t.getTwclidParams (https://static.ads-twitter.com/uwt.js:1:43636)
    at t.track (https://static.ads-twitter.com/uwt.js:1:34956)
    at https://static.ads-twitter.com/uwt.js:1:28709
    at Set.forEach (<anonymous>)
    at P (https://static.ads-twitter.com/uwt.js:1:28515)
    at o (https://frontend-cf.cjdropshipping.com/web-egg/2026-08-05-07-00-26/egg/script/commonScriptImport.js:1:31496) @ https://frontend-cf.cjdropshipping.com/web-egg/2026-08-05-07-00-26/egg/script/commonScriptImport.js:0
[   12631ms] [LOG] [] @ https://frontend-cf.cjdropshipping.com/web-egg/2026-08-05-07-00-26/egg/script/commonScriptImport.js:0
[   30779ms] [LOG] 页面非激活 @ https://frontend-cf.cjdropshipping.com/web-egg/2026-08-05-07-00-26/egg/script/cj-router.js:0
